BL51 BANKED LINKER/LOCATER V6.22                                                        11/02/2023  12:10:41  PAGE 1


BL51 BANKED LINKER/LOCATER V6.22, INVOKED BY:
D:\DWIN\KEIL_V5\C51\BIN\BL51.EXE .\Objects\STARTUP_M5.obj, .\Objects\sys.obj, .\Objects\timer.obj, .\Objects\uart.obj, .
>> \Objects\canbus.obj, .\Objects\main.obj, .\Objects\const.obj, .\Objects\ui.obj, .\Objects\dwin8283.obj, .\Objects\ssd
>> 2828.obj, .\Objects\temp.obj TO .\Objects\T5L51 PRINT (.\Listings\T5L51.m51) RAMSIZE (256) CODE (0X0100-0XFEFF) XDATA
>>  (0X8000-0XFFFF)


MEMORY MODEL: LARGE


INPUT MODULES INCLUDED:
  .\Objects\STARTUP_M5.obj (STARTUP_M5)
  .\Objects\sys.obj (SYS)
  .\Objects\timer.obj (TIMER)
  .\Objects\uart.obj (UART)
  .\Objects\canbus.obj (CANBUS)
  .\Objects\main.obj (MAIN)
  .\Objects\const.obj (CONST)
  .\Objects\ui.obj (UI)
  .\Objects\dwin8283.obj (DWIN8283)
  .\Objects\ssd2828.obj (SSD2828)
  .\Objects\temp.obj (TEMP)
  D:\DWIN\KEIL_V5\C51\LIB\C51L.LIB (?C_STARTUP)
  D:\DWIN\KEIL_V5\C51\LIB\C51L.LIB (?C_INIT)
  D:\DWIN\KEIL_V5\C51\LIB\C51L.LIB (?C?COPY)
  D:\DWIN\KEIL_V5\C51\LIB\C51L.LIB (?C?CLDPTR)
  D:\DWIN\KEIL_V5\C51\LIB\C51L.LIB (?C?CLDOPTR)
  D:\DWIN\KEIL_V5\C51\LIB\C51L.LIB (?C?CSTPTR)
  D:\DWIN\KEIL_V5\C51\LIB\C51L.LIB (?C?CSTOPTR)
  D:\DWIN\KEIL_V5\C51\LIB\C51L.LIB (?C?IMUL)
  D:\DWIN\KEIL_V5\C51\LIB\C51L.LIB (?C?UIDIV)
  D:\DWIN\KEIL_V5\C51\LIB\C51L.LIB (?C?IILDX)
  D:\DWIN\KEIL_V5\C51\LIB\C51L.LIB (?C?ILDIX)
  D:\DWIN\KEIL_V5\C51\LIB\C51L.LIB (?C?ILDPTR)
  D:\DWIN\KEIL_V5\C51\LIB\C51L.LIB (?C?ILDOPTR)
  D:\DWIN\KEIL_V5\C51\LIB\C51L.LIB (?C?IILDPTR)
  D:\DWIN\KEIL_V5\C51\LIB\C51L.LIB (?C?ISTPTR)
  D:\DWIN\KEIL_V5\C51\LIB\C51L.LIB (?C?ISTOPTR)
  D:\DWIN\KEIL_V5\C51\LIB\C51L.LIB (?C?LMUL)
  D:\DWIN\KEIL_V5\C51\LIB\C51L.LIB (?C?ULDIV)
  D:\DWIN\KEIL_V5\C51\LIB\C51L.LIB (?C?ULCMP)
  D:\DWIN\KEIL_V5\C51\LIB\C51L.LIB (?C?ULSHR)
  D:\DWIN\KEIL_V5\C51\LIB\C51L.LIB (?C?LSHL)
  D:\DWIN\KEIL_V5\C51\LIB\C51L.LIB (?C?LSTXDATA)
  D:\DWIN\KEIL_V5\C51\LIB\C51L.LIB (?C?LSTKXDATA)
  D:\DWIN\KEIL_V5\C51\LIB\C51L.LIB (?C?OFFXADD)
  D:\DWIN\KEIL_V5\C51\LIB\C51L.LIB (?C?PLDPTR)
  D:\DWIN\KEIL_V5\C51\LIB\C51L.LIB (?C?PLDOPTR)
  D:\DWIN\KEIL_V5\C51\LIB\C51L.LIB (?C?ICALL)
  D:\DWIN\KEIL_V5\C51\LIB\C51L.LIB (PRINTF)
  D:\DWIN\KEIL_V5\C51\LIB\C51L.LIB (STRLEN)
  D:\DWIN\KEIL_V5\C51\LIB\C51L.LIB (?C?PLDIDATA)
  D:\DWIN\KEIL_V5\C51\LIB\C51L.LIB (?C?PLDXDATA)
  D:\DWIN\KEIL_V5\C51\LIB\C51L.LIB (?C?PLDIXDATA)
  D:\DWIN\KEIL_V5\C51\LIB\C51L.LIB (?C?PSTXDATA)
  D:\DWIN\KEIL_V5\C51\LIB\C51L.LIB (?C?PLDPDATA)
  D:\DWIN\KEIL_V5\C51\LIB\C51L.LIB (?C?PLDCODE)
  D:\DWIN\KEIL_V5\C51\LIB\C51L.LIB (?C?CCASE)
BL51 BANKED LINKER/LOCATER V6.22                                                      11/02/2023  12:10:41  PAGE 2


  D:\DWIN\KEIL_V5\C51\LIB\C51L.LIB (PUTCHAR)


LINK MAP OF MODULE:  .\Objects\T5L51 (STARTUP_M5)


            TYPE    BASE      LENGTH    RELOCATION   SEGMENT NAME
            -----------------------------------------------------

            * * * * * * *   D A T A   M E M O R Y   * * * * * * *
            REG     0000H     0008H     ABSOLUTE     "REG BANK 0"
            DATA    0008H     0015H     UNIT         ?DT?TIMER
            DATA    001DH     0003H     UNIT         _DATA_GROUP_
            BIT     0020H.0   0001H.1   UNIT         ?BI?PRINTF?PRINTF
            BIT     0021H.1   0000H.1   UNIT         ?BI?SSD2828
                    0021H.2   0000H.6                *** GAP ***
            DATA    0022H     0036H     UNIT         ?DT?MAIN
            DATA    0058H     0005H     UNIT         ?DT?PRINTF?PRINTF
            IDATA   005DH     0040H     UNIT         ?ID?TEMP
            IDATA   009DH     0001H     UNIT         ?STACK

            * * * * * * *  X D A T A   M E M O R Y  * * * * * * *
                    0000H     8000H                  *** GAP ***
            XDATA   8000H     2024H     UNIT         ?XD?UART
            XDATA   A024H     1A05H     UNIT         ?XD?CANBUS
            XDATA   BA29H     031AH     UNIT         ?XD?DWIN8283
            XDATA   BD43H     01B0H     UNIT         ?XD?MAIN
            XDATA   BEF3H     0127H     UNIT         _XDATA_GROUP_
            XDATA   C01AH     00EFH     UNIT         ?XD?TEMP
            XDATA   C109H     0067H     UNIT         ?XD?_DRAW_STRING?MAIN
            XDATA   C170H     0057H     UNIT         ?XD?SYS
            XDATA   C1C7H     0041H     UNIT         ?XD?TIMER
            XDATA   C208H     0041H     UNIT         ?XD?_PRINT_UTF_STR?MAIN
            XDATA   C249H     003EH     UNIT         ?XD?_DRAW_RECTANGLE?MAIN
            XDATA   C287H     0032H     UNIT         ?XD?BTN_3?MAIN
            XDATA   C2B9H     0028H     UNIT         ?XD?PRINTF?PRINTF
            XDATA   C2E1H     0017H     UNIT         ?XD?_CANTX?CANBUS
            XDATA   C2F8H     0010H     UNIT         ?XD?CHECK_RTC_SET?TIMER
            XDATA   C308H     000FH     UNIT         ?XD?_PRO8283RXTREAT?DWIN8283
            XDATA   C317H     000DH     UNIT         ?XD?_TOUCHSWITCH?SYS
            XDATA   C324H     000CH     UNIT         ?XD?SPIFLASH_ACTION?SYS
            XDATA   C330H     000BH     UNIT         ?XD?_GETTOUCHANCTION?SYS
            XDATA   C33BH     000AH     UNIT         ?XD?RDTIME?TIMER
            XDATA   C345H     0008H     UNIT         ?XD?NORFLASH_ACTION?SYS
            XDATA   C34DH     0008H     UNIT         ?XD?GETTOUCHSTATUS?SYS
            XDATA   C355H     0008H     UNIT         ?XD?_UATR_SEND_DATA?UART
            XDATA   C35DH     0006H     UNIT         ?XD?_PAGE_CHANGE?SYS
            XDATA   C363H     0005H     UNIT         ?XD?_MUSICPLAY?SYS
            XDATA   C368H     0005H     UNIT         ?XD?_RTC_GET_WEEK?TIMER
            XDATA   C36DH     0005H     UNIT         ?XD?SSD2828_READID?SSD2828
            XDATA   C372H     0005H     UNIT         ?XD?_SSD2828_READREG?SSD2828
            XDATA   C377H     0004H     UNIT         ?XD?RESETT5L?SYS
            XDATA   C37BH     0004H     UNIT         ?XD?PRO8283INIT?DWIN8283
            XDATA   C37FH     0003H     UNIT         ?XD?_CANBUSINIT?CANBUS
            XDATA   C382H     0002H     UNIT         ?XD?GETPAGEID?SYS
            XDATA   C384H     0002H     UNIT         ?XD?_RTC_CONFIG?TIMER
            XDATA   C386H     0002H     UNIT         ?XD?PAGEFUNCTION?UI
BL51 BANKED LINKER/LOCATER V6.22                                                      11/02/2023  12:10:41  PAGE 3


            XDATA   C388H     0001H     UNIT         ?XD?_DO_NOTHING?TEMP

            * * * * * * *   C O D E   M E M O R Y   * * * * * * *
            CODE    0000H     0003H     ABSOLUTE     
                    0003H     0008H                  *** GAP ***
            CODE    000BH     0003H     ABSOLUTE     
                    000EH     0015H                  *** GAP ***
            CODE    0023H     0003H     ABSOLUTE     
                    0026H     0005H                  *** GAP ***
            CODE    002BH     0003H     ABSOLUTE     
                    002EH     001DH                  *** GAP ***
            CODE    004BH     0003H     ABSOLUTE     
                    004EH     0005H                  *** GAP ***
            CODE    0053H     0003H     ABSOLUTE     
                    0056H     0005H                  *** GAP ***
            CODE    005BH     0003H     ABSOLUTE     
                    005EH     0005H                  *** GAP ***
            CODE    0063H     0003H     ABSOLUTE     
                    0066H     0005H                  *** GAP ***
            CODE    006BH     0003H     ABSOLUTE     
                    006EH     0015H                  *** GAP ***
            CODE    0083H     0003H     ABSOLUTE     
                    0086H     0072H                  *** GAP ***
            CODE    00F8H     000BH     ABSOLUTE     
            CODE    0103H     0580H     UNIT         ?PR?W_WRITE?SSD2828
            CODE    0683H     054AH     UNIT         ?C?LIB_CODE
            CODE    0BCDH     053CH     UNIT         ?PR?_PRO8283RXTREAT?DWIN8283
            CODE    1109H     0365H     UNIT         ?PR?PRINTF?PRINTF
            CODE    146EH     035AH     UNIT         ?PR?CAN_ISR?CANBUS
            CODE    17C8H     0277H     UNIT         ?PR?_CANTX?CANBUS
            CODE    1A3FH     01E9H     UNIT         ?PR?_GETTOUCHANCTION?SYS
            CODE    1C28H     01CEH     UNIT         ?PR?_READ_DGUS_VP?SYS
            CODE    1DF6H     01B3H     UNIT         ?PR?_UATR_SEND_DATA?UART
            CODE    1FA9H     01B3H     UNIT         ?PR?MAIN?MAIN
            CODE    215CH     0193H     UNIT         ?PR?_WRITE_DGUS_VP?SYS
            CODE    22EFH     0183H     UNIT         ?PR?_BOTTOM_LEVEL_CONTROLS?TEMP
            CODE    2472H     016CH     UNIT         ?PR?LOADONEFRAME?CANBUS
            CODE    25DEH     0169H     UNIT         ?PR?_TOGGLE_MENU?TEMP
            CODE    2747H     0164H     UNIT         ?PR?_DRAW_ICONS?TEMP
            CODE    28ABH     013CH     UNIT         ?PR?PRO8283DEAL?DWIN8283
            CODE    29E7H     0129H     UNIT         ?PR?SPIFLASH_ACTION?SYS
            CODE    2B10H     0101H     UNIT         ?PR?NORFLASH_ACTION?SYS
            CODE    2C11H     00DEH     UNIT         ?PR?SSD2828_INIT?SSD2828
            CODE    2CEFH     00DCH     UNIT         ?PR?GETTOUCHSTATUS?SYS
            CODE    2DCBH     00D2H     UNIT         ?PR?_SSD2828_REGCONFIG?SSD2828
            CODE    2E9DH     00BDH     UNIT         ?PR?RDTIME?TIMER
            CODE    2F5AH     00AFH     UNIT         ?PR?INIT_RTC?TIMER
            CODE    3009H     00AFH     UNIT         ?PR?CHECK_RTC_SET?TIMER
            CODE    30B8H     00AFH     UNIT         ?PR?_SSD2828_READREG?SSD2828
            CODE    3167H     00ADH     UNIT         ?PR?SSD2828_READID?SSD2828
            CODE    3214H     00ACH     UNIT         ?PR?_RTC_CONFIG?TIMER
            CODE    32C0H     00ACH     UNIT         ?PR?_W_COM?SSD2828
            CODE    336CH     00A5H     UNIT         ?PR?_DRAW_RECTANGLE?MAIN
            CODE    3411H     00A5H     UNIT         ?PR?_SSD2828_WRITEPACKAGE?SSD2828
            CODE    34B6H     00A1H     UNIT         ?C_INITSEG
            CODE    3557H     009BH     UNIT         ?PR?UART3_ISR?UART
            CODE    35F2H     0093H     UNIT         ?PR?_PINOUTPUT?SYS
BL51 BANKED LINKER/LOCATER V6.22                                                      11/02/2023  12:10:41  PAGE 4


            CODE    3685H     0091H     UNIT         ?PR?_CANBUSINIT?CANBUS
            CODE    3716H     0090H     UNIT         ?PR?_RTC_GET_WEEK?TIMER
            CODE    37A6H     008FH     UNIT         ?PR?UART2_ISR?UART
            CODE    3835H     008CH     UNIT         ?C_C51STARTUP
            CODE    38C1H     0086H     UNIT         ?PR?_WELDING_MODE_CONTROLS?TEMP
            CODE    3947H     0083H     UNIT         ?PR?PRO8283INIT?DWIN8283
            CODE    39CAH     0083H     UNIT         ?PR?AUTOUPLOADVALUE?DWIN8283
            CODE    3A4DH     007CH     UNIT         ?PR?_PAGE_CHANGE?SYS
            CODE    3AC9H     007CH     UNIT         ?CO?MAIN
            CODE    3B45H     0071H     UNIT         ?PR?T0_ISR_PC?TIMER
            CODE    3BB6H     006EH     UNIT         ?PR?PAGEFUNCTION?UI
            CODE    3C24H     0062H     UNIT         ?PR?_TOUCHSWITCH?SYS
            CODE    3C86H     0060H     UNIT         ?PR?UART4T_ISR?UART
            CODE    3CE6H     0060H     UNIT         ?PR?UART5T_ISR?UART
            CODE    3D46H     0060H     UNIT         ?PR?_PRINT_UTF_STR?MAIN
            CODE    3DA6H     005FH     UNIT         ?PR?BTN_3?MAIN
            CODE    3E05H     005CH     UNIT         ?PR?GUI_INIT?TEMP
            CODE    3E61H     0055H     UNIT         ?PR?_GETPININ?SYS
            CODE    3EB6H     0055H     UNIT         ?PR?_DRAW_STRING?MAIN
            CODE    3F0BH     0053H     UNIT         ?PR?_UARTINIT?UART
            CODE    3F5EH     0050H     UNIT         ?PR?_SSD2828_WRITECMD?SSD2828
            CODE    3FAEH     004EH     UNIT         ?PR?_UART2_INIT?UART
            CODE    3FFCH     004CH     UNIT         ?PR?_SETPININ?SYS
            CODE    4048H     0049H     UNIT         ?PR?_UART3_INIT?UART
            CODE    4091H     0048H     UNIT         ?PR?_DELAY_MS?SYS
            CODE    40D9H     0048H     UNIT         ?PR?_SETPINOUT?SYS
            CODE    4121H     0047H     UNIT         ?PR?UART4R_ISR?UART
            CODE    4168H     0047H     UNIT         ?PR?UART5R_ISR?UART
            CODE    41AFH     0041H     UNIT         ?PR?_UART5_INIT?UART
            CODE    41F0H     003FH     UNIT         ?PR?_MUSICPLAY?SYS
            CODE    422FH     0037H     UNIT         ?PR?INIT_CPU?SYS
            CODE    4266H     0037H     UNIT         ?PR?_I2CBW?TIMER
            CODE    429DH     0035H     UNIT         ?PR?BTN_1?MAIN
            CODE    42D2H     0034H     UNIT         ?PR?I2CBR?TIMER
            CODE    4306H     0032H     UNIT         ?PR?BTN_0?MAIN
            CODE    4338H     0032H     UNIT         ?CO?TEMP
            CODE    436AH     002DH     UNIT         ?PR?LCD_PA_SET?SSD2828
            CODE    4397H     0028H     UNIT         ?PR?CLEARRAM?SYS
            CODE    43BFH     0028H     UNIT         ?PR?_UART4_INIT?UART
            CODE    43E7H     0027H     UNIT         ?PR?PUTCHAR?PUTCHAR
            CODE    440EH     0022H     UNIT         ?PR?_STARTTIMER?TIMER
            CODE    4430H     0020H     UNIT         ?PR?RESETT5L?SYS
            CODE    4450H     0020H     UNIT         ?PR?I2CSTOP?TIMER
            CODE    4470H     001FH     UNIT         ?PR?CACK?TIMER
            CODE    448FH     001FH     UNIT         ?PR?BTN_2?MAIN
            CODE    44AEH     001FH     UNIT         ?PR?BTN_4?MAIN
            CODE    44CDH     001DH     UNIT         ?PR?_DELAYUS?TIMER
            CODE    44EAH     001CH     UNIT         ?PR?T0_INIT?TIMER
            CODE    4506H     001BH     UNIT         ?PR?CANERRORRESET?CANBUS
            CODE    4521H     001AH     UNIT         ?PR?I2CSTART?TIMER
            CODE    453BH     0019H     UNIT         ?PR?_DELAY_US?SYS
            CODE    4554H     0019H     UNIT         ?PR?CLOCK?TIMER
            CODE    456DH     0016H     UNIT         ?PR?BTN_5?MAIN
            CODE    4583H     0015H     UNIT         ?PR?_KILLTIMER?TIMER
            CODE    4598H     0015H     UNIT         ?PR?_STRLEN?STRLEN
            CODE    45ADH     0013H     UNIT         ?PR?TIMER2_ISR?TIMER
            CODE    45C0H     0013H     UNIT         ?PR?_GETTIMEOUTFLAG?TIMER
BL51 BANKED LINKER/LOCATER V6.22                                                      11/02/2023  12:10:41  PAGE 5


            CODE    45D3H     0013H     UNIT         ?PR?_BCD?TIMER
            CODE    45E6H     0013H     UNIT         ?CO?SSD2828
            CODE    45F9H     0010H     UNIT         ?PR?GETPAGEID?SYS
            CODE    4609H     000FH     UNIT         ?PR?MACK?TIMER
            CODE    4618H     000FH     UNIT         ?PR?_IBCD?TIMER
            CODE    4627H     000DH     UNIT         ?PR?MNAK?TIMER
            CODE    4634H     000CH     UNIT         ?PR?DRAW_BOTTOM_MENU?TEMP
            CODE    4640H     000AH     UNIT         ?PR?IO_INIT?MAIN
            CODE    464AH     0006H     UNIT         ?PR?_DO_NOTHING?TEMP
            CODE    4650H     0004H     UNIT         ?PR?SDA_IN?TIMER
            CODE    4654H     0004H     UNIT         ?PR?SDA_OUT?TIMER
            CODE    4658H     0004H     UNIT         ?CO?DWIN8283
            CODE    465CH     0003H     UNIT         ?CO?UI
            CODE    465FH     0001H     UNIT         ?PR?NOTHING?MAIN
            CODE    4660H     0001H     UNIT         ?PR?P0FUNC?UI
            CODE    4661H     0001H     UNIT         ?PR?DRAW_SUB_MENU?TEMP
            CODE    4662H     0001H     UNIT         ?PR?LEVEL_BACK?TEMP



OVERLAY MAP OF MODULE:   .\Objects\T5L51 (STARTUP_M5)


SEGMENT                                     DATA_GROUP          XDATA_GROUP
  +--> CALLED SEGMENT                     START    LENGTH     START    LENGTH
-----------------------------------------------------------------------------
?PR?T0_ISR_PC?TIMER                       001DH    0001H      -----    -----

*** NEW ROOT ***************************************************

?PR?CAN_ISR?CANBUS                        -----    -----      BEF3H    0001H
  +--> ?PR?LOADONEFRAME?CANBUS

*** NEW ROOT ***************************************************

?C_C51STARTUP                             -----    -----      -----    -----
  +--> ?PR?MAIN?MAIN
  +--> ?C_INITSEG

?PR?MAIN?MAIN                             -----    -----      BEF4H    003FH
  +--> ?PR?INIT_CPU?SYS
  +--> ?PR?T0_INIT?TIMER
  +--> ?PR?IO_INIT?MAIN
  +--> ?PR?SSD2828_INIT?SSD2828
  +--> ?PR?_UARTINIT?UART
  +--> ?PR?DRAW_BOTTOM_MENU?TEMP
  +--> ?PR?_READ_DGUS_VP?SYS
  +--> ?PR?_WRITE_DGUS_VP?SYS

?PR?INIT_CPU?SYS                          -----    -----      -----    -----
  +--> ?PR?CLEARRAM?SYS

?PR?CLEARRAM?SYS                          001EH    0002H      -----    -----

?PR?SSD2828_INIT?SSD2828                  -----    -----      -----    -----
  +--> ?PR?_SSD2828_REGCONFIG?SSD2828
  +--> ?PR?_DELAY_MS?SYS
BL51 BANKED LINKER/LOCATER V6.22                                                      11/02/2023  12:10:41  PAGE 6


  +--> ?PR?W_WRITE?SSD2828
  +--> ?PR?LCD_PA_SET?SSD2828

?PR?_SSD2828_REGCONFIG?SSD2828            -----    -----      BF3CH    0004H
  +--> ?PR?_DELAY_US?SYS

?PR?_DELAY_MS?SYS                         -----    -----      BF33H    0004H
  +--> ?PR?_DELAY_US?SYS

?PR?W_WRITE?SSD2828                       -----    -----      -----    -----
  +--> ?CO?SSD2828
  +--> ?PR?_SSD2828_WRITEPACKAGE?SSD2828
  +--> ?PR?_W_COM?SSD2828
  +--> ?PR?_DELAY_MS?SYS

?PR?_SSD2828_WRITEPACKAGE?SSD2828         -----    -----      BF33H    0007H
  +--> ?PR?_SSD2828_REGCONFIG?SSD2828
  +--> ?PR?_SSD2828_WRITECMD?SSD2828
  +--> ?PR?_DELAY_US?SYS

?PR?_SSD2828_WRITECMD?SSD2828             -----    -----      BF3CH    0002H
  +--> ?PR?_DELAY_US?SYS

?PR?_W_COM?SSD2828                        -----    -----      BF33H    0009H
  +--> ?PR?_SSD2828_REGCONFIG?SSD2828
  +--> ?PR?_SSD2828_WRITECMD?SSD2828
  +--> ?PR?_DELAY_US?SYS

?PR?LCD_PA_SET?SSD2828                    -----    -----      -----    -----
  +--> ?PR?_SSD2828_REGCONFIG?SSD2828

?PR?_UARTINIT?UART                        -----    -----      BF33H    0005H
  +--> ?PR?_UART2_INIT?UART
  +--> ?PR?_UART3_INIT?UART
  +--> ?PR?_UART4_INIT?UART
  +--> ?PR?_UART5_INIT?UART

?PR?_UART2_INIT?UART                      -----    -----      BF38H    0002H
  +--> ?PR?_SETPINOUT?SYS
  +--> ?PR?_SETPININ?SYS

?PR?_UART3_INIT?UART                      -----    -----      BF38H    0002H
  +--> ?PR?_SETPINOUT?SYS
  +--> ?PR?_SETPININ?SYS

?PR?DRAW_BOTTOM_MENU?TEMP                 -----    -----      -----    -----
  +--> ?PR?GUI_INIT?TEMP
  +--> ?PR?_TOGGLE_MENU?TEMP

?PR?GUI_INIT?TEMP                         -----    -----      -----    -----
  +--> ?CO?TEMP

?PR?_TOGGLE_MENU?TEMP                     -----    -----      BF33H    000AH
  +--> ?PR?_DRAW_ICONS?TEMP

?PR?_DRAW_ICONS?TEMP                      -----    -----      BF3DH    00D0H
  +--> ?PR?_WRITE_DGUS_VP?SYS
BL51 BANKED LINKER/LOCATER V6.22                                                      11/02/2023  12:10:41  PAGE 7



?PR?_WRITE_DGUS_VP?SYS                    -----    -----      C00DH    000DH

?PR?_READ_DGUS_VP?SYS                     -----    -----      BF33H    0013H

?C_INITSEG                                -----    -----      -----    -----
  +--> ?PR?_BOTTOM_LEVEL_CONTROLS?TEMP
  +--> ?PR?_WELDING_MODE_CONTROLS?TEMP

?PR?_BOTTOM_LEVEL_CONTROLS?TEMP           -----    -----      BEF4H    000AH
  +--> ?PR?_DRAW_ICONS?TEMP

?PR?_WELDING_MODE_CONTROLS?TEMP           -----    -----      BEF4H    0003H
  +--> ?PR?_WRITE_DGUS_VP?SYS
  +--> ?PR?_TOGGLE_MENU?TEMP



SYMBOL TABLE OF MODULE:  .\Objects\T5L51 (STARTUP_M5)

  VALUE           TYPE          NAME
  ----------------------------------

  -------         MODULE        STARTUP_M5
  C:0100H         LINE#         30
  -------         ENDMOD        STARTUP_M5

  -------         MODULE        SYS
  C:0000H         SYMBOL        _ICE_DUMMY_
  C:422FH         PUBLIC        INIT_CPU
  X:C170H         PUBLIC        Spi_Flash
  D:00F1H         PUBLIC        ADR_H
  D:0080H         PUBLIC        P0
  D:0090H         PUBLIC        P1
  X:C180H         PUBLIC        Nor_Flash
  D:00A0H         PUBLIC        P2
  C:3E61H         PUBLIC        _GetPinIn
  D:00B0H         PUBLIC        P3
  D:00F3H         PUBLIC        ADR_L
  D:0094H         PUBLIC        PAGESEL
  D:00F2H         PUBLIC        ADR_M
  B:00A8H.7       PUBLIC        EA
  D:00F8H         PUBLIC        RAMMODE
  C:215CH         PUBLIC        _write_dgus_vp
  D:00B7H         PUBLIC        P0MDOUT
  D:00BCH         PUBLIC        P1MDOUT
  D:00A8H         PUBLIC        IEN0
  D:00BDH         PUBLIC        P2MDOUT
  D:00B8H         PUBLIC        IEN1
  C:3FFCH         PUBLIC        _SetPinIn
  X:C18CH         PUBLIC        PressPosChange
  D:00BEH         PUBLIC        P3MDOUT
  D:009AH         PUBLIC        IEN2
  C:40D9H         PUBLIC        _SetPinOut
  B:00F8H.4       PUBLIC        APP_ACK
  X:C18DH         PUBLIC        RealPosX
  D:00F4H         PUBLIC        ADR_INC
BL51 BANKED LINKER/LOCATER V6.22                                                      11/02/2023  12:10:41  PAGE 8


  X:C18FH         PUBLIC        RealPosY
  C:41F0H         PUBLIC        _MusicPlay
  X:C191H         PUBLIC        PressPosX
  X:C193H         PUBLIC        PressPageID
  X:C195H         PUBLIC        PressPosY
  C:29E7H         PUBLIC        SPIFlash_Action
  X:C197H         PUBLIC        LastPosX
  X:C199H         PUBLIC        MusicBuf
  X:C1BCH         PUBLIC        LastPosY
  D:0095H         PUBLIC        D_PAGESEL
  C:3A4DH         PUBLIC        _Page_Change
  X:C1BEH         PUBLIC        Touchstate
  C:45F9H         PUBLIC        GetPageID
  C:2CEFH         PUBLIC        GetTouchStatus
  D:00F9H         PUBLIC        PORTDRV
  C:35F2H         PUBLIC        _PinOutput
  D:00C9H         PUBLIC        MUX_SEL
  X:C1BFH         PUBLIC        xdistance
  D:00A9H         PUBLIC        IP0
  X:C1C1H         PUBLIC        ydistance
  D:00B9H         PUBLIC        IP1
  C:4397H         PUBLIC        ClearRAM
  X:C1C3H         PUBLIC        PosXChangeSpeed
  B:00A8H.5       PUBLIC        ET2
  D:00FDH         PUBLIC        DATA0
  X:C1C5H         PUBLIC        PosYChangeSpeed
  D:00FCH         PUBLIC        DATA1
  D:00FBH         PUBLIC        DATA2
  D:00FAH         PUBLIC        DATA3
  D:00CDH         PUBLIC        TH2
  D:00CCH         PUBLIC        TL2
  C:4091H         PUBLIC        _delay_ms
  B:00F8H.6       PUBLIC        APP_EN
  B:00D0H.3       PUBLIC        RS0
  B:00D0H.4       PUBLIC        RS1
  D:0093H         PUBLIC        DPC
  B:00C8H.0       PUBLIC        TR2
  C:453FH         PUBLIC        _delay_us
  C:4430H         PUBLIC        ResetT5L
  C:2B10H         PUBLIC        NorFlash_Action
  D:00C8H         PUBLIC        T2CON
  D:00CBH         PUBLIC        TRL2H
  D:008EH         PUBLIC        CKCON
  D:00CAH         PUBLIC        TRL2L
  C:1A3FH         PUBLIC        _GetTouchAnction
  C:1C36H         PUBLIC        _read_dgus_vp
  C:3C24H         PUBLIC        _TouchSwitch
  C:1C31H         SYMBOL        L?0204
  -------         PROC          L?0203
  -------         ENDPROC       L?0203
  C:1C31H         SYMBOL        L?0204
  -------         PROC          _READ_DGUS_VP
  X:BF33H         SYMBOL        addr
  X:BF35H         SYMBOL        buf
  X:BF38H         SYMBOL        len
  -------         DO            
  X:BF3AH         SYMBOL        OS_addr
BL51 BANKED LINKER/LOCATER V6.22                                                      11/02/2023  12:10:41  PAGE 9


  X:BF3CH         SYMBOL        OS_addr_offset
  X:BF3EH         SYMBOL        OS_len
  X:BF40H         SYMBOL        OS_len_offset
  X:BF42H         SYMBOL        LenLimit
  -------         ENDDO         
  C:1C36H         LINE#         37
  C:1C47H         LINE#         38
  C:1C47H         LINE#         39
  C:1C4EH         LINE#         40
  C:1C52H         LINE#         41
  C:1C5AH         LINE#         44
  C:1C68H         LINE#         46
  C:1C80H         LINE#         47
  C:1C9BH         LINE#         48
  C:1C9BH         LINE#         49
  C:1CACH         LINE#         50
  C:1CACH         LINE#         51
  C:1CC2H         LINE#         52
  C:1CCCH         LINE#         54
  C:1CCEH         LINE#         56
  C:1CD1H         LINE#         57
  C:1CDCH         LINE#         58
  C:1CDEH         LINE#         59
  C:1CE1H         LINE#         60
  C:1CE4H         LINE#         61
  C:1CE7H         LINE#         62
  C:1CF1H         LINE#         63
  C:1CF1H         LINE#         64
  C:1CF3H         LINE#         65
  C:1CF6H         LINE#         66
  C:1D0BH         LINE#         67
  C:1D20H         LINE#         68
  C:1D2EH         LINE#         69
  C:1D2EH         LINE#         70
  C:1D44H         LINE#         71
  C:1D4EH         LINE#         72
  C:1D5CH         LINE#         73
  C:1D5CH         LINE#         74
  C:1D5EH         LINE#         75
  C:1D61H         LINE#         76
  C:1D76H         LINE#         77
  C:1D8BH         LINE#         78
  C:1DA0H         LINE#         79
  C:1DB5H         LINE#         80
  C:1DB7H         LINE#         81
  C:1DC1H         LINE#         82
  C:1DC1H         LINE#         83
  C:1DC3H         LINE#         84
  C:1DC6H         LINE#         85
  C:1DDBH         LINE#         86
  C:1DF0H         LINE#         87
  C:1DF0H         LINE#         88
  C:1DF3H         LINE#         90
  C:1DF5H         LINE#         92
  -------         ENDPROC       _READ_DGUS_VP
  -------         PROC          _WRITE_DGUS_VP
  X:C00DH         SYMBOL        addr
BL51 BANKED LINKER/LOCATER V6.22                                                      11/02/2023  12:10:41  PAGE 10


  X:C00FH         SYMBOL        buf
  X:C012H         SYMBOL        len
  -------         DO            
  D:0004H         SYMBOL        OS_addr
  X:C014H         SYMBOL        OS_addr_offset
  X:C016H         SYMBOL        OS_len
  X:C018H         SYMBOL        OS_len_offset
  D:0006H         SYMBOL        LenLimit
  -------         ENDDO         
  C:215CH         LINE#         164
  C:216DH         LINE#         165
  C:216DH         LINE#         166
  C:216EH         LINE#         167
  C:2174H         LINE#         168
  C:217CH         LINE#         171
  C:2189H         LINE#         173
  C:2198H         LINE#         174
  C:21A5H         LINE#         175
  C:21A5H         LINE#         176
  C:21AAH         LINE#         177
  C:21AAH         LINE#         178
  C:21B9H         LINE#         179
  C:21C5H         LINE#         181
  C:21C7H         LINE#         183
  C:21CAH         LINE#         184
  C:21CDH         LINE#         185
  C:21D1H         LINE#         186
  C:21D4H         LINE#         187
  C:21D7H         LINE#         188
  C:21DAH         LINE#         189
  C:21E4H         LINE#         190
  C:21E4H         LINE#         191
  C:21F9H         LINE#         192
  C:220EH         LINE#         193
  C:2210H         LINE#         194
  C:2213H         LINE#         195
  C:2221H         LINE#         196
  C:2221H         LINE#         197
  C:2237H         LINE#         198
  C:2241H         LINE#         199
  C:2244H         LINE#         200
  C:2252H         LINE#         201
  C:2252H         LINE#         202
  C:2267H         LINE#         203
  C:227CH         LINE#         204
  C:2291H         LINE#         205
  C:22A6H         LINE#         206
  C:22A8H         LINE#         207
  C:22ADH         LINE#         209
  C:22B7H         LINE#         210
  C:22B7H         LINE#         211
  C:22BAH         LINE#         212
  C:22CFH         LINE#         213
  C:22E4H         LINE#         214
  C:22E6H         LINE#         215
  C:22E9H         LINE#         216
  C:22E9H         LINE#         217
BL51 BANKED LINKER/LOCATER V6.22                                                      11/02/2023  12:10:41  PAGE 11


  C:22ECH         LINE#         219
  C:22EEH         LINE#         221
  -------         ENDPROC       _WRITE_DGUS_VP
  -------         PROC          INIT_CPU
  C:422FH         LINE#         306
  C:422FH         LINE#         307
  C:422FH         LINE#         308
  C:4231H         LINE#         309
  C:4233H         LINE#         310
  C:4235H         LINE#         312
  C:4238H         LINE#         313
  C:423BH         LINE#         314
  C:423DH         LINE#         315
  C:423FH         LINE#         316
  C:4242H         LINE#         317
  C:4245H         LINE#         318
  C:4247H         LINE#         319
  C:4249H         LINE#         320
  C:424BH         LINE#         321
  C:424EH         LINE#         322
  C:4251H         LINE#         323
  C:4254H         LINE#         324
  C:4256H         LINE#         325
  C:4259H         LINE#         326
  C:425BH         LINE#         327
  C:425DH         LINE#         328
  C:425FH         LINE#         329
  C:4261H         LINE#         330
  C:4263H         LINE#         334
  -------         ENDPROC       INIT_CPU
  -------         PROC          CLEARRAM
  -------         DO            
  D:0006H         SYMBOL        ptr
  D:001EH         SYMBOL        i
  -------         ENDDO         
  C:4397H         LINE#         337
  C:4397H         LINE#         338
  C:4397H         LINE#         342
  C:439BH         LINE#         344
  C:43A0H         LINE#         345
  C:43BEH         LINE#         346
  -------         ENDPROC       CLEARRAM
  -------         PROC          RESETT5L
  -------         DO            
  X:C377H         SYMBOL        tmp
  -------         ENDDO         
  C:4430H         LINE#         348
  C:4430H         LINE#         349
  C:4430H         LINE#         352
  C:443AH         LINE#         353
  -------         ENDPROC       RESETT5L
  C:453BH         SYMBOL        L?0206
  -------         PROC          L?0205
  -------         ENDPROC       L?0205
  C:453BH         SYMBOL        L?0206
  -------         PROC          _DELAY_US
  D:0006H         SYMBOL        t
BL51 BANKED LINKER/LOCATER V6.22                                                      11/02/2023  12:10:41  PAGE 12


  -------         DO            
  D:0005H         SYMBOL        i
  -------         ENDDO         
  C:453FH         LINE#         356
  C:453FH         LINE#         357
  C:453FH         LINE#         360
  C:4543H         LINE#         361
  C:4543H         LINE#         362
  C:4545H         LINE#         363
  C:4545H         LINE#         364
  C:454CH         LINE#         365
  C:4551H         LINE#         366
  C:4553H         LINE#         367
  -------         ENDPROC       _DELAY_US
  -------         PROC          _TOUCHSWITCH
  D:0006H         SYMBOL        PageID
  D:0005H         SYMBOL        TouchType
  D:0003H         SYMBOL        TouchID
  X:C31BH         SYMBOL        Status
  -------         DO            
  X:C31CH         SYMBOL        k_data
  -------         ENDDO         
  C:3C24H         LINE#         369
  C:3C24H         LINE#         370
  C:3C24H         LINE#         373
  C:3C2EH         LINE#         374
  C:3C34H         LINE#         375
  C:3C37H         LINE#         376
  C:3C3AH         LINE#         377
  C:3C40H         LINE#         378
  C:3C4AH         LINE#         380
  C:3C51H         LINE#         381
  C:3C67H         LINE#         383
  C:3C67H         LINE#         384
  C:3C6AH         LINE#         385
  C:3C7FH         LINE#         386
  C:3C85H         LINE#         387
  -------         ENDPROC       _TOUCHSWITCH
  -------         PROC          _MUSICPLAY
  X:C363H         SYMBOL        MusicId
  -------         DO            
  X:C364H         SYMBOL        k_data
  -------         ENDDO         
  C:41F0H         LINE#         389
  C:41F5H         LINE#         390
  C:41F5H         LINE#         393
  C:420BH         LINE#         394
  C:4211H         LINE#         395
  C:4215H         LINE#         396
  C:421AH         LINE#         397
  -------         ENDPROC       _MUSICPLAY
  -------         PROC          NORFLASH_ACTION
  -------         DO            
  X:C345H         SYMBOL        buf
  -------         ENDDO         
  C:2B10H         LINE#         438
  C:2B10H         LINE#         439
BL51 BANKED LINKER/LOCATER V6.22                                                      11/02/2023  12:10:41  PAGE 13


  C:2B10H         LINE#         442
  C:2B19H         LINE#         443
  C:2B31H         LINE#         444
  C:2B49H         LINE#         445
  C:2B54H         LINE#         446
  C:2B61H         LINE#         447
  C:2B64H         LINE#         448
  C:2B71H         LINE#         449
  C:2B74H         LINE#         450
  C:2B78H         LINE#         451
  C:2B78H         LINE#         452
  C:2B86H         LINE#         453
  C:2BA0H         LINE#         454
  C:2BA0H         LINE#         455
  C:2BB6H         LINE#         457
  C:2BB6H         LINE#         458
  C:2BB9H         LINE#         459
  C:2BCEH         LINE#         460
  C:2BD4H         LINE#         461
  C:2BDBH         LINE#         462
  C:2BDBH         LINE#         463
  C:2BE9H         LINE#         464
  C:2C0AH         LINE#         465
  C:2C0AH         LINE#         466
  -------         ENDPROC       NORFLASH_ACTION
  -------         PROC          SPIFLASH_ACTION
  -------         DO            
  X:C324H         SYMBOL        buf
  -------         ENDDO         
  C:29E7H         LINE#         469
  C:29E7H         LINE#         470
  C:29E7H         LINE#         473
  C:29EDH         LINE#         474
  C:29F5H         LINE#         475
  C:29F9H         LINE#         476
  C:29F9H         LINE#         477
  C:2A02H         LINE#         478
  C:2A1AH         LINE#         479
  C:2A32H         LINE#         480
  C:2A3DH         LINE#         481
  C:2A4AH         LINE#         482
  C:2A4DH         LINE#         483
  C:2A5AH         LINE#         484
  C:2A5DH         LINE#         485
  C:2A5EH         LINE#         486
  C:2A5EH         LINE#         487
  C:2A60H         LINE#         488
  C:2A68H         LINE#         489
  C:2A68H         LINE#         490
  C:2A73H         LINE#         491
  C:2A76H         LINE#         492
  C:2A83H         LINE#         493
  C:2A86H         LINE#         494
  C:2A93H         LINE#         495
  C:2A96H         LINE#         496
  C:2A99H         LINE#         497
  C:2A9BH         LINE#         498
BL51 BANKED LINKER/LOCATER V6.22                                                      11/02/2023  12:10:41  PAGE 14


  C:2A9DH         LINE#         499
  C:2A9FH         LINE#         500
  C:2A9FH         LINE#         501
  C:2AB5H         LINE#         503
  C:2AB5H         LINE#         504
  C:2AB8H         LINE#         505
  C:2ACDH         LINE#         506
  C:2AD3H         LINE#         507
  C:2ADAH         LINE#         508
  C:2ADAH         LINE#         509
  C:2AE8H         LINE#         510
  C:2B09H         LINE#         511
  C:2B09H         LINE#         512
  -------         ENDPROC       SPIFLASH_ACTION
  -------         PROC          GETPAGEID
  -------         DO            
  X:C382H         SYMBOL        nPage
  -------         ENDDO         
  C:45F9H         LINE#         516
  C:45F9H         LINE#         517
  C:45F9H         LINE#         520
  C:4600H         LINE#         521
  C:4608H         LINE#         522
  -------         ENDPROC       GETPAGEID
  -------         PROC          _PAGE_CHANGE
  X:C35DH         SYMBOL        PageID
  -------         DO            
  X:C35FH         SYMBOL        buf
  -------         ENDDO         
  C:3A4DH         LINE#         524
  C:3A55H         LINE#         525
  C:3A55H         LINE#         528
  C:3A59H         LINE#         529
  C:3A5DH         LINE#         530
  C:3A6AH         LINE#         531
  C:3A6DH         LINE#         532
  C:3A83H         LINE#         534
  C:3A83H         LINE#         535
  C:3A86H         LINE#         536
  C:3A97H         LINE#         537
  C:3AA9H         LINE#         538
  C:3AAEH         LINE#         539
  C:3AB0H         LINE#         540
  C:3AB2H         LINE#         541
  C:3AB4H         LINE#         542
  -------         ENDPROC       _PAGE_CHANGE
  -------         PROC          _DELAY_MS
  X:BF33H         SYMBOL        t
  -------         DO            
  X:BF35H         SYMBOL        i
  D:0002H         SYMBOL        j
  -------         ENDDO         
  C:4091H         LINE#         545
  C:4099H         LINE#         546
  C:4099H         LINE#         548
  C:40B3H         LINE#         549
  C:40B3H         LINE#         550
BL51 BANKED LINKER/LOCATER V6.22                                                      11/02/2023  12:10:41  PAGE 15


  C:40B6H         LINE#         551
  C:40C8H         LINE#         552
  C:40D8H         LINE#         553
  -------         ENDPROC       _DELAY_MS
  -------         PROC          _SETPINOUT
  D:0007H         SYMBOL        Port
  D:0005H         SYMBOL        Pin
  C:40D9H         LINE#         555
  C:40D9H         LINE#         556
  C:40D9H         LINE#         557
  C:40E7H         LINE#         558
  C:40E7H         LINE#         559
  C:40F4H         LINE#         560
  C:40F5H         LINE#         561
  C:4102H         LINE#         562
  C:4103H         LINE#         563
  C:4110H         LINE#         564
  C:4111H         LINE#         565
  C:4120H         LINE#         566
  C:4120H         LINE#         567
  C:4120H         LINE#         568
  C:4120H         LINE#         570
  -------         ENDPROC       _SETPINOUT
  -------         PROC          _SETPININ
  D:0007H         SYMBOL        Port
  D:0005H         SYMBOL        Pin
  C:3FFCH         LINE#         572
  C:3FFCH         LINE#         573
  C:3FFCH         LINE#         574
  C:400AH         LINE#         575
  C:400AH         LINE#         576
  C:4018H         LINE#         577
  C:4019H         LINE#         578
  C:4027H         LINE#         579
  C:4028H         LINE#         580
  C:4036H         LINE#         581
  C:4037H         LINE#         582
  C:4047H         LINE#         583
  C:4047H         LINE#         584
  C:4047H         LINE#         585
  C:4047H         LINE#         587
  -------         ENDPROC       _SETPININ
  -------         PROC          _PINOUTPUT
  D:0007H         SYMBOL        Port
  D:0005H         SYMBOL        Pin
  D:0003H         SYMBOL        value
  C:35F2H         LINE#         591
  C:35F2H         LINE#         592
  C:35F2H         LINE#         593
  C:3603H         LINE#         594
  C:3603H         LINE#         595
  C:3614H         LINE#         596
  C:3622H         LINE#         597
  C:3623H         LINE#         598
  C:3634H         LINE#         599
  C:3642H         LINE#         600
  C:3643H         LINE#         601
BL51 BANKED LINKER/LOCATER V6.22                                                      11/02/2023  12:10:41  PAGE 16


  C:3654H         LINE#         602
  C:3662H         LINE#         603
  C:3663H         LINE#         604
  C:3674H         LINE#         605
  C:3684H         LINE#         606
  C:3684H         LINE#         607
  C:3684H         LINE#         608
  C:3684H         LINE#         609
  -------         ENDPROC       _PINOUTPUT
  -------         PROC          _GETPININ
  D:0007H         SYMBOL        Port
  D:0005H         SYMBOL        Pin
  -------         DO            
  D:0006H         SYMBOL        value
  -------         ENDDO         
  C:3E61H         LINE#         613
  C:3E61H         LINE#         614
  C:3E61H         LINE#         616
  C:3E6FH         LINE#         617
  C:3E6FH         LINE#         618
  C:3E7DH         LINE#         619
  C:3E7FH         LINE#         620
  C:3E8DH         LINE#         621
  C:3E8FH         LINE#         622
  C:3E9DH         LINE#         623
  C:3E9FH         LINE#         624
  C:3EAFH         LINE#         625
  C:3EB1H         LINE#         626
  C:3EB1H         LINE#         627
  C:3EB3H         LINE#         628
  C:3EB3H         LINE#         629
  C:3EB3H         LINE#         630
  C:3EB5H         LINE#         631
  -------         ENDPROC       _GETPININ
  -------         PROC          GETTOUCHSTATUS
  -------         DO            
  X:C34DH         SYMBOL        k_data
  -------         ENDDO         
  C:2CEFH         LINE#         633
  C:2CEFH         LINE#         634
  C:2CEFH         LINE#         637
  C:2D05H         LINE#         638
  C:2D10H         LINE#         639
  C:2D10H         LINE#         640
  C:2D16H         LINE#         641
  C:2D16H         LINE#         642
  C:2D2CH         LINE#         643
  C:2D44H         LINE#         644
  C:2D48H         LINE#         645
  C:2D4AH         LINE#         646
  C:2D4EH         LINE#         647
  C:2D4EH         LINE#         648
  C:2D5DH         LINE#         649
  C:2D6CH         LINE#         650
  C:2D72H         LINE#         651
  C:2D74H         LINE#         653
  C:2D74H         LINE#         654
BL51 BANKED LINKER/LOCATER V6.22                                                      11/02/2023  12:10:41  PAGE 17


  C:2D7AH         LINE#         655
  C:2D7AH         LINE#         656
  C:2D89H         LINE#         657
  C:2D98H         LINE#         658
  C:2D9DH         LINE#         659
  C:2DB2H         LINE#         660
  C:2DB4H         LINE#         661
  C:2DB4H         LINE#         663
  C:2DB4H         LINE#         664
  C:2DC0H         LINE#         665
  C:2DC0H         LINE#         666
  C:2DC5H         LINE#         667
  C:2DC5H         LINE#         668
  C:2DCAH         LINE#         669
  C:2DCAH         LINE#         670
  -------         ENDPROC       GETTOUCHSTATUS
  -------         PROC          _GETTOUCHANCTION
  X:C330H         SYMBOL        PageID
  -------         DO            
  X:C332H         SYMBOL        status
  X:C333H         SYMBOL        x2distance
  X:C337H         SYMBOL        y2distance
  -------         ENDDO         
  C:1A3FH         LINE#         672
  C:1A47H         LINE#         673
  C:1A47H         LINE#         677
  C:1A4FH         LINE#         678
  C:1A51H         LINE#         679
  C:1A51H         LINE#         680
  C:1A55H         LINE#         681
  C:1A57H         LINE#         682
  C:1A57H         LINE#         683
  C:1A5EH         LINE#         684
  C:1A5EH         LINE#         685
  C:1A65H         LINE#         686
  C:1A6BH         LINE#         687
  C:1A6DH         LINE#         688
  C:1A6DH         LINE#         690
  C:1A6DH         LINE#         691
  C:1A81H         LINE#         692
  C:1A81H         LINE#         693
  C:1A84H         LINE#         694
  C:1A84H         LINE#         695
  C:1A9FH         LINE#         696
  C:1AB9H         LINE#         697
  C:1AD4H         LINE#         698
  C:1AEEH         LINE#         699
  C:1AF6H         LINE#         700
  C:1AF6H         LINE#         701
  C:1AFEH         LINE#         702
  C:1AFEH         LINE#         703
  C:1B31H         LINE#         704
  C:1B31H         LINE#         705
  C:1B5FH         LINE#         706
  C:1B5FH         LINE#         707
  C:1B62H         LINE#         708
  C:1B64H         LINE#         709
BL51 BANKED LINKER/LOCATER V6.22                                                      11/02/2023  12:10:41  PAGE 18


  C:1B64H         LINE#         711
  C:1B64H         LINE#         712
  C:1B67H         LINE#         713
  C:1B69H         LINE#         714
  C:1B69H         LINE#         715
  C:1B69H         LINE#         716
  C:1B69H         LINE#         717
  C:1B6FH         LINE#         718
  C:1B6FH         LINE#         720
  C:1B6FH         LINE#         721
  C:1B77H         LINE#         722
  C:1B77H         LINE#         723
  C:1BAAH         LINE#         724
  C:1BAAH         LINE#         725
  C:1BD8H         LINE#         726
  C:1BD8H         LINE#         727
  C:1BDBH         LINE#         728
  C:1BDDH         LINE#         730
  C:1BDDH         LINE#         731
  C:1BE0H         LINE#         732
  C:1BE0H         LINE#         733
  C:1BE2H         LINE#         735
  C:1BE2H         LINE#         736
  C:1BE5H         LINE#         737
  C:1BE5H         LINE#         738
  C:1BE5H         LINE#         739
  C:1BECH         LINE#         740
  C:1BECH         LINE#         741
  C:1C07H         LINE#         742
  C:1C0AH         LINE#         743
  C:1C0AH         LINE#         745
  C:1C0AH         LINE#         746
  C:1C25H         LINE#         747
  C:1C27H         LINE#         748
  C:1C27H         LINE#         749
  C:1C27H         LINE#         750
  C:1C27H         LINE#         751
  -------         ENDPROC       _GETTOUCHANCTION
  -------         ENDMOD        SYS

  -------         MODULE        TIMER
  C:0000H         SYMBOL        _ICE_DUMMY_
  D:00B0H         PUBLIC        P3
  B:00A8H.7       PUBLIC        EA
  C:2E9DH         PUBLIC        rdtime
  D:00BEH         PUBLIC        P3MDOUT
  C:4618H         PUBLIC        _IBCD
  C:4583H         PUBLIC        _KillTimer
  C:4470H         PUBLIC        cack
  D:0008H         PUBLIC        TimerTime
  C:440EH         PUBLIC        _StartTimer
  D:0018H         PUBLIC        SysTick_RTC
  X:C1C7H         PUBLIC        PWMPort
  C:4609H         PUBLIC        mack
  X:C1CFH         PUBLIC        PWMPin
  B:00B0H.3       PUBLIC        RTC_SDA
  C:3214H         PUBLIC        _rtc_config
BL51 BANKED LINKER/LOCATER V6.22                                                      11/02/2023  12:10:41  PAGE 19


  C:4627H         PUBLIC        mnak
  X:C1D7H         PUBLIC        PWMLow
  B:00B0H.2       PUBLIC        RTC_SCL
  C:4521H         PUBLIC        i2cstart
  C:4654H         PUBLIC        SDA_OUT
  D:0089H         PUBLIC        TMOD
  X:C1E7H         PUBLIC        EnablePWM
  C:3B45H         PUBLIC        T0_ISR_PC
  C:445AH         PUBLIC        i2cstop
  D:001AH         PUBLIC        OutTimeFlag
  C:45D3H         PUBLIC        _BCD
  B:00A8H.1       PUBLIC        ET0
  B:00C0H.6       PUBLIC        TF2
  D:008CH         PUBLIC        TH0
  D:001BH         PUBLIC        SysTick
  D:001CH         PUBLIC        EnableTimer
  C:4650H         PUBLIC        SDA_IN
  D:008AH         PUBLIC        TL0
  C:42DFH         PUBLIC        i2cbr
  B:0088H.4       PUBLIC        TR0
  C:4276H         PUBLIC        _i2cbw
  C:3009H         PUBLIC        check_rtc_set
  C:2F5AH         PUBLIC        init_rtc
  C:45ADH         PUBLIC        timer2_Isr
  D:00C8H         PUBLIC        T2CON
  C:45C0H         PUBLIC        _GetTimeOutFlag
  C:4554H         PUBLIC        Clock
  X:C1E8H         PUBLIC        PWMTicks
  C:44EAH         PUBLIC        T0_Init
  C:3716H         PUBLIC        _rtc_get_week
  C:44D8H         PUBLIC        _delayus
  X:C1F8H         PUBLIC        PWMTotal
  -------         PROC          T0_INIT
  C:44EAH         LINE#         45
  C:44EAH         LINE#         46
  C:44EAH         LINE#         47
  C:44EDH         LINE#         49
  C:44F0H         LINE#         50
  C:44F2H         LINE#         51
  C:44F4H         LINE#         53
  C:44F6H         LINE#         54
  C:44F8H         LINE#         56
  C:44FBH         LINE#         57
  C:44FEH         LINE#         58
  C:4501H         LINE#         59
  C:4503H         LINE#         61
  C:4505H         LINE#         62
  -------         ENDPROC       T0_INIT
  -------         PROC          T0_ISR_PC
  -------         DO            
  D:001DH         SYMBOL        i
  -------         ENDDO         
  C:3B45H         LINE#         73
  C:3B52H         LINE#         77
  C:3B54H         LINE#         78
  C:3B57H         LINE#         79
  C:3B5AH         LINE#         80
BL51 BANKED LINKER/LOCATER V6.22                                                      11/02/2023  12:10:41  PAGE 20


  C:3B5CH         LINE#         81
  C:3B5FH         LINE#         82
  C:3B5FH         LINE#         83
  C:3B75H         LINE#         84
  C:3B75H         LINE#         85
  C:3B83H         LINE#         86
  C:3B91H         LINE#         87
  C:3B91H         LINE#         88
  C:3B9FH         LINE#         89
  C:3BA2H         LINE#         90
  C:3BA2H         LINE#         91
  C:3BA2H         LINE#         92
  C:3BA9H         LINE#         93
  C:3BABH         LINE#         94
  -------         ENDPROC       T0_ISR_PC
  -------         PROC          TIMER2_ISR
  C:45ADH         LINE#         96
  C:45AFH         LINE#         98
  C:45B1H         LINE#         99
  C:45B3H         LINE#         100
  C:45B5H         LINE#         101
  C:45BDH         LINE#         102
  -------         ENDPROC       TIMER2_ISR
  -------         PROC          _STARTTIMER
  D:0007H         SYMBOL        ID
  D:0004H         SYMBOL        nTime
  C:440EH         LINE#         117
  C:440EH         LINE#         118
  C:440EH         LINE#         119
  C:4410H         LINE#         120
  C:441EH         LINE#         121
  C:4429H         LINE#         122
  C:442DH         LINE#         123
  C:442FH         LINE#         124
  -------         ENDPROC       _STARTTIMER
  -------         PROC          _KILLTIMER
  D:0007H         SYMBOL        ID
  C:4583H         LINE#         137
  C:4583H         LINE#         138
  C:4583H         LINE#         139
  C:4585H         LINE#         140
  C:4593H         LINE#         141
  C:4595H         LINE#         142
  C:4597H         LINE#         143
  -------         ENDPROC       _KILLTIMER
  -------         PROC          _GETTIMEOUTFLAG
  D:0007H         SYMBOL        ID
  -------         DO            
  D:0007H         SYMBOL        flag
  -------         ENDDO         
  C:45C0H         LINE#         155
  C:45C0H         LINE#         156
  C:45C0H         LINE#         158
  C:45C2H         LINE#         159
  C:45D0H         LINE#         160
  C:45D2H         LINE#         161
  C:45D2H         LINE#         163
BL51 BANKED LINKER/LOCATER V6.22                                                      11/02/2023  12:10:41  PAGE 21


  -------         ENDPROC       _GETTIMEOUTFLAG
  C:44CFH         SYMBOL        L?0082
  -------         PROC          L?0081
  -------         ENDPROC       L?0081
  C:44CFH         SYMBOL        L?0082
  -------         PROC          _DELAYUS
  D:0007H         SYMBOL        t
  -------         DO            
  D:0006H         SYMBOL        i
  -------         ENDDO         
  C:44D8H         LINE#         202
  C:44D8H         LINE#         203
  C:44D8H         LINE#         205
  C:44DBH         LINE#         206
  C:44DBH         LINE#         207
  C:44DDH         LINE#         208
  C:44DDH         LINE#         209
  C:44DDH         LINE#         210
  C:44E6H         LINE#         211
  C:44E7H         LINE#         212
  C:44E9H         LINE#         213
  -------         ENDPROC       _DELAYUS
  -------         PROC          SDA_IN
  C:4650H         LINE#         217
  C:4650H         LINE#         218
  C:4650H         LINE#         219
  C:4653H         LINE#         220
  -------         ENDPROC       SDA_IN
  -------         PROC          SDA_OUT
  C:4654H         LINE#         222
  C:4654H         LINE#         223
  C:4654H         LINE#         224
  C:4657H         LINE#         225
  -------         ENDPROC       SDA_OUT
  -------         PROC          I2CSTART
  C:4521H         LINE#         232
  C:4521H         LINE#         233
  C:4521H         LINE#         234
  C:4524H         LINE#         235
  C:4526H         LINE#         236
  C:4528H         LINE#         237
  C:452DH         LINE#         239
  C:452FH         LINE#         240
  C:4534H         LINE#         241
  C:4536H         LINE#         242
  -------         ENDPROC       I2CSTART
  -------         PROC          L?0083
  -------         ENDPROC       L?0083
  -------         PROC          I2CSTOP
  C:445AH         LINE#         245
  C:445AH         LINE#         246
  C:445AH         LINE#         247
  C:445DH         LINE#         248
  C:445FH         LINE#         249
  C:4461H         LINE#         250
  C:4466H         LINE#         251
  C:4468H         LINE#         252
BL51 BANKED LINKER/LOCATER V6.22                                                      11/02/2023  12:10:41  PAGE 22


  C:446DH         LINE#         253
  -------         ENDPROC       I2CSTOP
  -------         PROC          MACK
  C:4609H         LINE#         256
  C:4609H         LINE#         257
  C:4609H         LINE#         258
  C:460CH         LINE#         259
  C:460EH         LINE#         260
  C:460EH         LINE#         261
  C:460EH         LINE#         262
  C:4611H         LINE#         263
  C:4613H         LINE#         264
  -------         ENDPROC       MACK
  -------         PROC          MNAK
  C:4627H         LINE#         267
  C:4627H         LINE#         268
  C:4627H         LINE#         269
  C:462AH         LINE#         270
  C:462AH         LINE#         271
  C:462AH         LINE#         272
  C:462AH         LINE#         273
  C:462DH         LINE#         274
  C:462FH         LINE#         275
  -------         ENDPROC       MNAK
  -------         PROC          CACK
  -------         DO            
  D:0005H         SYMBOL        i
  -------         ENDDO         
  C:4470H         LINE#         278
  C:4470H         LINE#         279
  C:4470H         LINE#         281
  C:4473H         LINE#         282
  C:4473H         LINE#         283
  C:4473H         LINE#         284
  C:4473H         LINE#         285
  C:4476H         LINE#         286
  C:4478H         LINE#         287
  C:4478H         LINE#         288
  C:447BH         LINE#         289
  C:447BH         LINE#         290
  C:447BH         LINE#         291
  C:447BH         LINE#         292
  C:4480H         LINE#         293
  C:4485H         LINE#         294
  C:4487H         LINE#         295
  C:448CH         LINE#         296
  -------         ENDPROC       CACK
  C:426BH         SYMBOL        L?0079
  C:4271H         SYMBOL        L?0080
  -------         PROC          L?0078
  -------         ENDPROC       L?0078
  C:426BH         SYMBOL        L?0079
  C:4271H         SYMBOL        L?0080
  -------         PROC          _I2CBW
  D:0005H         SYMBOL        dat
  -------         DO            
  D:0004H         SYMBOL        i
BL51 BANKED LINKER/LOCATER V6.22                                                      11/02/2023  12:10:41  PAGE 23


  -------         ENDDO         
  C:4276H         LINE#         300
  C:4278H         LINE#         301
  C:4278H         LINE#         303
  C:427BH         LINE#         304
  C:427DH         LINE#         305
  C:427DH         LINE#         306
  C:4281H         LINE#         307
  C:4281H         LINE#         308
  C:4283H         LINE#         309
  C:4285H         LINE#         311
  C:4285H         LINE#         312
  C:4287H         LINE#         313
  C:4287H         LINE#         314
  C:428BH         LINE#         315
  C:428BH         LINE#         316
  C:428BH         LINE#         317
  C:428EH         LINE#         318
  C:4290H         LINE#         319
  C:4295H         LINE#         320
  C:429AH         LINE#         321
  -------         ENDPROC       _I2CBW
  -------         PROC          L?0084
  -------         ENDPROC       L?0084
  -------         PROC          I2CBR
  -------         DO            
  D:0004H         SYMBOL        i
  D:0005H         SYMBOL        dat
  -------         ENDDO         
  C:42DFH         LINE#         325
  C:42DFH         LINE#         326
  C:42DFH         LINE#         329
  C:42E2H         LINE#         330
  C:42E4H         LINE#         331
  C:42E4H         LINE#         332
  C:42E4H         LINE#         333
  C:42E4H         LINE#         334
  C:42E7H         LINE#         335
  C:42EBH         LINE#         336
  C:42EEH         LINE#         337
  C:42EEH         LINE#         338
  C:42F1H         LINE#         339
  C:42F3H         LINE#         341
  C:42F3H         LINE#         342
  C:42F7H         LINE#         343
  C:42F7H         LINE#         345
  C:42F9H         LINE#         346
  C:42FEH         LINE#         347
  C:4303H         LINE#         348
  C:4305H         LINE#         349
  -------         ENDPROC       I2CBR
  -------         PROC          INIT_RTC
  -------         DO            
  D:0002H         SYMBOL        dat1
  D:0003H         SYMBOL        dat2
  -------         ENDDO         
  C:2F5AH         LINE#         352
BL51 BANKED LINKER/LOCATER V6.22                                                      11/02/2023  12:10:41  PAGE 24


  C:2F5AH         LINE#         353
  C:2F5AH         LINE#         356
  C:2F5AH         LINE#         357
  C:2F5DH         LINE#         358
  C:2F5DH         LINE#         359
  C:2F5DH         LINE#         360
  C:2F5DH         LINE#         361
  C:2F62H         LINE#         362
  C:2F65H         LINE#         363
  C:2F6AH         LINE#         364
  C:2F6DH         LINE#         365
  C:2F70H         LINE#         366
  C:2F77H         LINE#         367
  C:2F77H         LINE#         368
  C:2F7BH         LINE#         369
  C:2F7BH         LINE#         370
  C:2F7FH         LINE#         371
  C:2F7FH         LINE#         372
  C:2F82H         LINE#         373
  C:2F82H         LINE#         374
  C:2F82H         LINE#         375
  C:2F85H         LINE#         376
  C:2F85H         LINE#         377
  C:2F89H         LINE#         379
  C:2F8DH         LINE#         380
  C:2F8DH         LINE#         381
  C:2F90H         LINE#         382
  C:2F90H         LINE#         383
  C:2F93H         LINE#         384
  C:2F98H         LINE#         385
  C:2F9DH         LINE#         386
  C:2FA0H         LINE#         387
  C:2FA0H         LINE#         390
  C:2FA4H         LINE#         391
  C:2FA4H         LINE#         392
  C:2FA7H         LINE#         393
  C:2FACH         LINE#         394
  C:2FB1H         LINE#         395
  C:2FB4H         LINE#         396
  C:2FB8H         LINE#         397
  C:2FB8H         LINE#         398
  C:2FBBH         LINE#         399
  C:2FC0H         LINE#         400
  C:2FC2H         LINE#         401
  C:2FC2H         LINE#         405
  C:2FC2H         LINE#         406
  C:2FC5H         LINE#         407
  C:2FCAH         LINE#         408
  C:2FCFH         LINE#         409
  C:2FD4H         LINE#         410
  C:2FD9H         LINE#         411
  C:2FDEH         LINE#         412
  C:2FE3H         LINE#         413
  C:2FE8H         LINE#         414
  C:2FEDH         LINE#         415
  C:2FF0H         LINE#         416
  C:2FF4H         LINE#         417
BL51 BANKED LINKER/LOCATER V6.22                                                      11/02/2023  12:10:41  PAGE 25


  C:2FF8H         LINE#         418
  C:2FF8H         LINE#         419
  C:2FFBH         LINE#         420
  C:3000H         LINE#         421
  C:3002H         LINE#         422
  C:3002H         LINE#         423
  C:3002H         LINE#         424
  C:3005H         LINE#         425
  C:3005H         LINE#         426
  C:3005H         LINE#         427
  C:3008H         LINE#         428
  C:3008H         LINE#         429
  -------         ENDPROC       INIT_RTC
  -------         PROC          _RTC_CONFIG
  D:0001H         SYMBOL        prtc_set
  -------         DO            
  X:C384H         SYMBOL        dat
  X:C385H         SYMBOL        dat1
  -------         ENDDO         
  C:3214H         LINE#         433
  C:3214H         LINE#         434
  C:3214H         LINE#         436
  C:3214H         LINE#         437
  C:3217H         LINE#         438
  C:3217H         LINE#         439
  C:3217H         LINE#         440
  C:3217H         LINE#         441
  C:321FH         LINE#         442
  C:3222H         LINE#         443
  C:3228H         LINE#         444
  C:322BH         LINE#         445
  C:322EH         LINE#         446
  C:3232H         LINE#         447
  C:3232H         LINE#         448
  C:3235H         LINE#         449
  C:323AH         LINE#         450
  C:323FH         LINE#         451
  C:3242H         LINE#         452
  C:3249H         LINE#         453
  C:3249H         LINE#         454
  C:324CH         LINE#         455
  C:324EH         LINE#         456
  C:324EH         LINE#         457
  C:324EH         LINE#         460
  C:324EH         LINE#         461
  C:3251H         LINE#         462
  C:3256H         LINE#         463
  C:3260H         LINE#         464
  C:326AH         LINE#         465
  C:3274H         LINE#         466
  C:327EH         LINE#         467
  C:3288H         LINE#         468
  C:3292H         LINE#         469
  C:3299H         LINE#         470
  C:329CH         LINE#         471
  C:32A3H         LINE#         472
  C:32A8H         LINE#         473
BL51 BANKED LINKER/LOCATER V6.22                                                      11/02/2023  12:10:41  PAGE 26


  C:32A8H         LINE#         474
  C:32ABH         LINE#         475
  C:32ADH         LINE#         476
  C:32ADH         LINE#         477
  C:32ADH         LINE#         478
  C:32ADH         LINE#         479
  C:32B0H         LINE#         480
  C:32B5H         LINE#         481
  C:32BDH         LINE#         482
  -------         ENDPROC       _RTC_CONFIG
  -------         PROC          RDTIME
  -------         DO            
  X:C33BH         SYMBOL        rtcdata
  D:0003H         SYMBOL        i
  X:C343H         SYMBOL        n
  X:C344H         SYMBOL        m
  -------         ENDDO         
  C:2E9DH         LINE#         486
  C:2E9DH         LINE#         487
  C:2E9DH         LINE#         490
  C:2E9DH         LINE#         491
  C:2EA0H         LINE#         492
  C:2EA5H         LINE#         493
  C:2EA8H         LINE#         494
  C:2EADH         LINE#         495
  C:2EAFH         LINE#         496
  C:2EAFH         LINE#         497
  C:2EBEH         LINE#         498
  C:2EC1H         LINE#         499
  C:2EC3H         LINE#         500
  C:2ECBH         LINE#         501
  C:2ECEH         LINE#         502
  C:2ED1H         LINE#         503
  C:2ED8H         LINE#         504
  C:2EDAH         LINE#         505
  C:2EDAH         LINE#         506
  C:2EEEH         LINE#         507
  C:2EF4H         LINE#         508
  C:2F07H         LINE#         509
  C:2F0CH         LINE#         510
  C:2F0EH         LINE#         511
  C:2F0EH         LINE#         512
  C:2F22H         LINE#         513
  C:2F28H         LINE#         514
  C:2F3BH         LINE#         515
  C:2F40H         LINE#         517
  C:2F45H         LINE#         518
  -------         ENDPROC       RDTIME
  -------         PROC          _BCD
  D:0007H         SYMBOL        dat
  C:45D3H         LINE#         523
  C:45D3H         LINE#         524
  C:45D3H         LINE#         525
  C:45E5H         LINE#         526
  -------         ENDPROC       _BCD
  -------         PROC          _IBCD
  D:0007H         SYMBOL        dat
BL51 BANKED LINKER/LOCATER V6.22                                                      11/02/2023  12:10:41  PAGE 27


  C:4618H         LINE#         528
  C:4618H         LINE#         529
  C:4618H         LINE#         530
  C:4626H         LINE#         531
  -------         ENDPROC       _IBCD
  -------         PROC          _RTC_GET_WEEK
  D:0003H         SYMBOL        year
  D:0005H         SYMBOL        month
  X:C368H         SYMBOL        day
  -------         DO            
  D:0006H         SYMBOL        tmp
  X:C369H         SYMBOL        mon
  X:C36BH         SYMBOL        y
  D:0007H         SYMBOL        week
  -------         ENDDO         
  C:3716H         LINE#         537
  C:371DH         LINE#         538
  C:371DH         LINE#         541
  C:3726H         LINE#         542
  C:3726H         LINE#         543
  C:3733H         LINE#         544
  C:373FH         LINE#         545
  C:3741H         LINE#         547
  C:3741H         LINE#         548
  C:374BH         LINE#         549
  C:3753H         LINE#         550
  C:3753H         LINE#         551
  C:379EH         LINE#         552
  C:37A5H         LINE#         553
  C:37A5H         LINE#         554
  -------         ENDPROC       _RTC_GET_WEEK
  -------         PROC          CHECK_RTC_SET
  -------         DO            
  X:C2F8H         SYMBOL        rtc_parm
  X:C300H         SYMBOL        rtc_set
  -------         ENDDO         
  C:3009H         LINE#         559
  C:3009H         LINE#         560
  C:3009H         LINE#         562
  C:301FH         LINE#         563
  C:3033H         LINE#         564
  C:3033H         LINE#         565
  C:303EH         LINE#         566
  C:304BH         LINE#         567
  C:3058H         LINE#         568
  C:306BH         LINE#         569
  C:3078H         LINE#         570
  C:307BH         LINE#         571
  C:3088H         LINE#         572
  C:3095H         LINE#         573
  C:309EH         LINE#         574
  C:30A3H         LINE#         575
  C:30A5H         LINE#         576
  C:30B7H         LINE#         577
  C:30B7H         LINE#         578
  -------         ENDPROC       CHECK_RTC_SET
  -------         PROC          CLOCK
BL51 BANKED LINKER/LOCATER V6.22                                                      11/02/2023  12:10:41  PAGE 28


  C:4554H         LINE#         581
  C:4554H         LINE#         582
  C:4554H         LINE#         583
  C:455BH         LINE#         584
  C:4562H         LINE#         588
  C:4565H         LINE#         589
  C:456AH         LINE#         593
  -------         ENDPROC       CLOCK
  -------         ENDMOD        TIMER

  -------         MODULE        UART
  C:0000H         SYMBOL        _ICE_DUMMY_
  D:0080H         PUBLIC        P0
  C:37A6H         PUBLIC        uart2_Isr
  C:3557H         PUBLIC        uart3_Isr
  B:00A8H.7       PUBLIC        EA
  X:8000H         PUBLIC        Uart_Struct
  D:00A8H         PUBLIC        IEN0
  D:00B8H         PUBLIC        IEN1
  D:009AH         PUBLIC        IEN2
  D:00BAH         PUBLIC        SREL0H
  D:00BBH         PUBLIC        SREL1H
  D:00AAH         PUBLIC        SREL0L
  C:3F0BH         PUBLIC        _UartInit
  D:009DH         PUBLIC        SREL1L
  D:0097H         PUBLIC        SCON2R
  D:00D9H         PUBLIC        BODE2_DIV_H
  D:00ABH         PUBLIC        SCON3R
  D:00AEH         PUBLIC        BODE3_DIV_H
  D:0096H         PUBLIC        SCON2T
  D:00A7H         PUBLIC        SCON3T
  D:00E7H         PUBLIC        BODE2_DIV_L
  D:00AFH         PUBLIC        BODE3_DIV_L
  D:00C9H         PUBLIC        MUX_SEL
  B:00A8H.4       PUBLIC        ES0
  B:0098H.0       PUBLIC        RI0
  B:0098H.1       PUBLIC        TI0
  D:0099H         PUBLIC        SBUF0
  D:009CH         PUBLIC        SBUF1
  D:0098H         PUBLIC        SCON0
  D:009BH         PUBLIC        SCON1
  C:3FAEH         PUBLIC        _UART2_Init
  D:00D8H         PUBLIC        ADCON
  C:4048H         PUBLIC        _UART3_Init
  C:1DF6H         PUBLIC        _Uatr_Send_Data
  D:00C8H         PUBLIC        T2CON
  C:43BFH         PUBLIC        _UART4_Init
  C:41AFH         PUBLIC        _UART5_Init
  D:009FH         PUBLIC        SBUF2_RX
  D:00ADH         PUBLIC        SBUF3_RX
  D:009EH         PUBLIC        SBUF2_TX
  D:00ACH         PUBLIC        SBUF3_TX
  C:4121H         PUBLIC        uart4r_Isr
  C:4168H         PUBLIC        uart5r_Isr
  C:3C86H         PUBLIC        uart4t_Isr
  C:3CE6H         PUBLIC        uart5t_Isr
  -------         PROC          _UART2_INIT
BL51 BANKED LINKER/LOCATER V6.22                                                      11/02/2023  12:10:41  PAGE 29


  D:0004H         SYMBOL        bdt
  -------         DO            
  X:BF38H         SYMBOL        tmp
  -------         ENDDO         
  C:3FAEH         LINE#         36
  C:3FAEH         LINE#         37
  C:3FAEH         LINE#         39
  C:3FCFH         LINE#         40
  C:3FD2H         LINE#         41
  C:3FD9H         LINE#         42
  C:3FE0H         LINE#         43
  C:3FE3H         LINE#         44
  C:3FE6H         LINE#         45
  C:3FE9H         LINE#         46
  C:3FF4H         LINE#         47
  C:3FF6H         LINE#         48
  C:3FF9H         LINE#         49
  C:3FFBH         LINE#         60
  -------         ENDPROC       _UART2_INIT
  -------         PROC          _UART3_INIT
  D:0004H         SYMBOL        bdt
  -------         DO            
  X:BF38H         SYMBOL        tmp
  -------         ENDDO         
  C:4048H         LINE#         75
  C:4048H         LINE#         76
  C:4048H         LINE#         78
  C:4069H         LINE#         80
  C:406CH         LINE#         82
  C:4073H         LINE#         83
  C:407AH         LINE#         84
  C:407DH         LINE#         86
  C:4080H         LINE#         87
  C:408BH         LINE#         88
  C:408DH         LINE#         89
  C:4090H         LINE#         99
  -------         ENDPROC       _UART3_INIT
  -------         PROC          _UART4_INIT
  D:0004H         SYMBOL        bdt
  -------         DO            
  D:0004H         SYMBOL        tmp
  -------         ENDDO         
  C:43BFH         LINE#         114
  C:43BFH         LINE#         115
  C:43BFH         LINE#         117
  C:43C2H         LINE#         118
  C:43C5H         LINE#         119
  C:43DCH         LINE#         120
  C:43DFH         LINE#         121
  C:43E3H         LINE#         123
  C:43E6H         LINE#         133
  -------         ENDPROC       _UART4_INIT
  -------         PROC          _UART5_INIT
  D:0004H         SYMBOL        bdt
  -------         DO            
  D:0004H         SYMBOL        tmp
  -------         ENDDO         
BL51 BANKED LINKER/LOCATER V6.22                                                      11/02/2023  12:10:41  PAGE 30


  C:41AFH         LINE#         148
  C:41AFH         LINE#         149
  C:41AFH         LINE#         151
  C:41B2H         LINE#         152
  C:41B5H         LINE#         154
  C:41CCH         LINE#         155
  C:41CFH         LINE#         156
  C:41D3H         LINE#         157
  C:41D6H         LINE#         162
  C:41DDH         LINE#         163
  C:41E1H         LINE#         164
  C:41E5H         LINE#         165
  C:41EBH         LINE#         166
  C:41EFH         LINE#         167
  -------         ENDPROC       _UART5_INIT
  -------         PROC          _UARTINIT
  D:0007H         SYMBOL        UartPort
  X:BF34H         SYMBOL        bdt
  C:3F0BH         LINE#         169
  C:3F0BH         LINE#         170
  C:3F0BH         LINE#         171
  C:3F19H         LINE#         172
  C:3F19H         LINE#         173
  C:3F2AH         LINE#         174
  C:3F3BH         LINE#         175
  C:3F4CH         LINE#         176
  C:3F5DH         LINE#         177
  C:3F5DH         LINE#         178
  C:3F5DH         LINE#         179
  -------         ENDPROC       _UARTINIT
  -------         PROC          _UATR_SEND_DATA
  X:C355H         SYMBOL        str
  X:C356H         SYMBOL        len
  X:C358H         SYMBOL        buf
  -------         DO            
  X:C35BH         SYMBOL        i
  -------         ENDDO         
  C:1DF6H         LINE#         191
  C:1E0AH         LINE#         192
  C:1E0AH         LINE#         195
  C:1E0CH         LINE#         196
  C:1E29H         LINE#         197
  C:1E29H         LINE#         198
  C:1E82H         LINE#         199
  C:1EA1H         LINE#         200
  C:1EBDH         LINE#         201
  C:1ECEH         LINE#         202
  C:1EE5H         LINE#         203
  C:1EE5H         LINE#         204
  C:1EE5H         LINE#         205
  C:1EEEH         LINE#         206
  C:1EEEH         LINE#         210
  C:1EF0H         LINE#         211
  C:1F03H         LINE#         212
  C:1F11H         LINE#         213
  C:1F14H         LINE#         214
  C:1F14H         LINE#         215
BL51 BANKED LINKER/LOCATER V6.22                                                      11/02/2023  12:10:41  PAGE 31


  C:1F17H         LINE#         216
  C:1F17H         LINE#         217
  C:1F20H         LINE#         218
  C:1F20H         LINE#         222
  C:1F22H         LINE#         223
  C:1F35H         LINE#         224
  C:1F43H         LINE#         225
  C:1F46H         LINE#         226
  C:1F46H         LINE#         227
  C:1F48H         LINE#         228
  C:1F48H         LINE#         229
  C:1F4EH         LINE#         230
  C:1F4EH         LINE#         234
  C:1F50H         LINE#         235
  C:1F63H         LINE#         236
  C:1F71H         LINE#         237
  C:1F74H         LINE#         238
  C:1F74H         LINE#         239
  C:1F76H         LINE#         240
  C:1F76H         LINE#         241
  C:1F7CH         LINE#         242
  C:1F7CH         LINE#         246
  C:1F7EH         LINE#         247
  C:1F91H         LINE#         248
  C:1F9FH         LINE#         249
  C:1FA6H         LINE#         250
  C:1FA6H         LINE#         251
  C:1FA6H         LINE#         252
  C:1FA6H         LINE#         253
  C:1FA6H         LINE#         254
  C:1FA6H         LINE#         255
  C:1FA8H         LINE#         256
  -------         ENDPROC       _UATR_SEND_DATA
  -------         PROC          UART2_ISR
  C:37A6H         LINE#         258
  C:37B5H         LINE#         260
  C:37B7H         LINE#         261
  C:37BAH         LINE#         262
  C:37BAH         LINE#         263
  C:37BCH         LINE#         264
  C:37CFH         LINE#         265
  C:37DDH         LINE#         266
  C:37E4H         LINE#         267
  C:37E4H         LINE#         268
  C:37E7H         LINE#         269
  C:37E7H         LINE#         270
  C:37E9H         LINE#         271
  C:37FDH         LINE#         272
  C:37FDH         LINE#         273
  C:380AH         LINE#         274
  C:3818H         LINE#         275
  C:381FH         LINE#         276
  C:3821H         LINE#         278
  C:3821H         LINE#         279
  C:3826H         LINE#         283
  C:3826H         LINE#         284
  C:3826H         LINE#         285
BL51 BANKED LINKER/LOCATER V6.22                                                      11/02/2023  12:10:41  PAGE 32


  C:3828H         LINE#         286
  -------         ENDPROC       UART2_ISR
  -------         PROC          UART4T_ISR
  C:3C86H         LINE#         288
  C:3C95H         LINE#         290
  C:3C97H         LINE#         291
  C:3C9AH         LINE#         292
  C:3CAEH         LINE#         293
  C:3CAEH         LINE#         294
  C:3CBBH         LINE#         295
  C:3CC9H         LINE#         296
  C:3CD0H         LINE#         297
  C:3CD2H         LINE#         299
  C:3CD2H         LINE#         300
  C:3CD7H         LINE#         304
  C:3CD7H         LINE#         305
  C:3CD9H         LINE#         306
  -------         ENDPROC       UART4T_ISR
  -------         PROC          UART4R_ISR
  C:4121H         LINE#         308
  C:412EH         LINE#         310
  C:4130H         LINE#         311
  C:4133H         LINE#         312
  C:4146H         LINE#         313
  C:4154H         LINE#         314
  C:415BH         LINE#         315
  C:415DH         LINE#         316
  -------         ENDPROC       UART4R_ISR
  -------         PROC          UART5T_ISR
  C:3CE6H         LINE#         318
  C:3CF5H         LINE#         320
  C:3CF7H         LINE#         321
  C:3CFAH         LINE#         322
  C:3D0EH         LINE#         323
  C:3D0EH         LINE#         324
  C:3D1BH         LINE#         325
  C:3D29H         LINE#         326
  C:3D30H         LINE#         327
  C:3D32H         LINE#         329
  C:3D32H         LINE#         330
  C:3D37H         LINE#         334
  C:3D37H         LINE#         335
  C:3D39H         LINE#         336
  -------         ENDPROC       UART5T_ISR
  -------         PROC          UART5R_ISR
  C:4168H         LINE#         338
  C:4175H         LINE#         340
  C:4177H         LINE#         341
  C:417AH         LINE#         342
  C:418DH         LINE#         343
  C:419BH         LINE#         344
  C:41A2H         LINE#         345
  C:41A4H         LINE#         346
  -------         ENDPROC       UART5R_ISR
  -------         PROC          UART3_ISR
  C:3557H         LINE#         348
  C:3566H         LINE#         350
BL51 BANKED LINKER/LOCATER V6.22                                                      11/02/2023  12:10:41  PAGE 33


  C:3568H         LINE#         351
  C:356DH         LINE#         352
  C:356DH         LINE#         353
  C:3570H         LINE#         354
  C:3573H         LINE#         355
  C:3586H         LINE#         356
  C:3594H         LINE#         357
  C:359BH         LINE#         358
  C:359BH         LINE#         359
  C:35A0H         LINE#         360
  C:35A0H         LINE#         361
  C:35A3H         LINE#         362
  C:35A6H         LINE#         363
  C:35BAH         LINE#         364
  C:35BAH         LINE#         365
  C:35C7H         LINE#         366
  C:35D5H         LINE#         367
  C:35DCH         LINE#         368
  C:35DEH         LINE#         370
  C:35DEH         LINE#         371
  C:35E3H         LINE#         375
  C:35E3H         LINE#         376
  C:35E3H         LINE#         377
  C:35E5H         LINE#         378
  -------         ENDPROC       UART3_ISR
  -------         ENDMOD        UART

  -------         MODULE        CANBUS
  C:0000H         SYMBOL        _ICE_DUMMY_
  D:00F1H         PUBLIC        ADR_H
  D:00F3H         PUBLIC        ADR_L
  D:00F2H         PUBLIC        ADR_M
[...]
  C:056CH         LINE#         415
  C:0573H         LINE#         416
  C:057AH         LINE#         417
  C:0581H         LINE#         418
  C:0588H         LINE#         419
  C:058FH         LINE#         420
  C:0596H         LINE#         421
  C:059DH         LINE#         422
  C:05A4H         LINE#         423
  C:05ABH         LINE#         424
  C:05B2H         LINE#         425
  C:05B9H         LINE#         426
  C:05C0H         LINE#         427
  C:05C7H         LINE#         428
  C:05CEH         LINE#         429
  C:05D5H         LINE#         430
  C:05DCH         LINE#         431
  C:05E3H         LINE#         432
  C:05EAH         LINE#         433
  C:05F1H         LINE#         434
  C:05F8H         LINE#         435
  C:05FFH         LINE#         436
  C:0606H         LINE#         437
  C:060DH         LINE#         438
  C:0614H         LINE#         439
  C:061BH         LINE#         440
  C:0622H         LINE#         441
  C:0629H         LINE#         442
  C:0630H         LINE#         443
  C:0637H         LINE#         444
  C:063EH         LINE#         445
  C:0647H         LINE#         446
  C:0654H         LINE#         447
  C:065BH         LINE#         448
  C:0668H         LINE#         449
  C:066FH         LINE#         450
  C:067CH         LINE#         451
  -------         ENDPROC       W_WRITE
  -------         PROC          LCD_PA_SET
  C:436AH         LINE#         456
  C:436AH         LINE#         473
  C:4373H         LINE#         474
  C:437CH         LINE#         475
  C:4385H         LINE#         476
  C:438EH         LINE#         477
  -------         ENDPROC       LCD_PA_SET
  -------         PROC          SSD2828_INIT
  C:2C11H         LINE#         480
  C:2C11H         LINE#         488
  C:2C1AH         LINE#         489
  C:2C1DH         LINE#         490
BL51 BANKED LINKER/LOCATER V6.22                                                      11/02/2023  12:10:41  PAGE 55


  C:2C25H         LINE#         492
  C:2C2EH         LINE#         493
  C:2C37H         LINE#         494
  C:2C40H         LINE#         496
  C:2C48H         LINE#         497
  C:2C51H         LINE#         498
  C:2C58H         LINE#         511
  C:2C5BH         LINE#         513
  C:2C64H         LINE#         514
  C:2C67H         LINE#         515
  C:2C6FH         LINE#         519
  C:2C78H         LINE#         521
  C:2C81H         LINE#         522
  C:2C8AH         LINE#         523
  C:2C93H         LINE#         524
  C:2C9AH         LINE#         525
  C:2CA3H         LINE#         526
  C:2CACH         LINE#         527
  C:2CB5H         LINE#         528
  C:2CBEH         LINE#         530
  C:2CC1H         LINE#         533
  C:2CCAH         LINE#         534
  C:2CD3H         LINE#         536
  C:2CDCH         LINE#         538
  C:2CE5H         LINE#         539
  C:2CECH         LINE#         546
  C:2CEEH         LINE#         548
  -------         ENDPROC       SSD2828_INIT
  -------         ENDMOD        SSD2828

  -------         MODULE        TEMP
  C:0000H         SYMBOL        _ICE_DUMMY_
  X:C01AH         PUBLIC        polarity_items
  C:434CH         PUBLIC        electrode_d
  X:C035H         PUBLIC        electrode_d_items
  I:005DH         PUBLIC        arr_of_menus
  C:4348H         PUBLIC        ignition_type
  C:4662H         PUBLIC        level_back
  X:C059H         PUBLIC        last_selected_menu_item
  X:C05AH         PUBLIC        ignition_type_items
  C:4338H         PUBLIC        bottom
  C:25DEH         PUBLIC        _toggle_menu
  X:C06CH         PUBLIC        bottom_items
  C:2747H         PUBLIC        _draw_icons
  C:464AH         PUBLIC        _do_nothing
  C:434AH         PUBLIC        pulse_state
  X:C0ABH         PUBLIC        pulse_state_items
  C:4350H         PUBLIC        flow_sensor
  X:C0BDH         PUBLIC        flow_sensor_items
  C:4634H         PUBLIC        draw_bottom_menu
  C:38C1H         PUBLIC        _welding_mode_controls
  C:3E05H         PUBLIC        gui_init
  X:C0CFH         PUBLIC        cur_menu
  D:00C8H         PUBLIC        T2CON
  C:4342H         PUBLIC        tig_button_mod
  X:C0D2H         PUBLIC        prev_menu_item
  X:C0D3H         PUBLIC        tig_button_mod_items
BL51 BANKED LINKER/LOCATER V6.22                                                      11/02/2023  12:10:41  PAGE 56


  C:22EFH         PUBLIC        _bottom_level_controls
  C:4661H         PUBLIC        draw_sub_menu
  C:433FH         PUBLIC        welding_mode
  C:4345H         PUBLIC        polarity
  X:C0EEH         PUBLIC        welding_mode_items
  -------         PROC          GUI_INIT
  -------         DO            
  D:0007H         SYMBOL        i
  D:0006H         SYMBOL        j
  C:4352H         SYMBOL        icon_ids
  -------         ENDDO         
  C:3E05H         LINE#         109
  C:3E05H         LINE#         110
  C:3E05H         LINE#         116
  C:3E07H         LINE#         117
  C:3E18H         LINE#         118
  C:3E58H         LINE#         119
  C:3E5BH         LINE#         121
  C:3E60H         LINE#         122
  -------         ENDPROC       GUI_INIT
  -------         PROC          _DRAW_ICONS
  X:BF3DH         SYMBOL        vp
  X:BF3FH         SYMBOL        p_menu
  -------         DO            
  X:BF42H         SYMBOL        i
  X:BF43H         SYMBOL        j
  X:BF44H         SYMBOL        size
  X:BF45H         SYMBOL        cmd
  -------         ENDDO         
  C:2747H         LINE#         124
  C:2758H         LINE#         125
  C:2758H         LINE#         129
  C:2762H         LINE#         131
  C:2768H         LINE#         132
  C:276BH         LINE#         133
  C:278AH         LINE#         134
  C:27AFH         LINE#         135
  C:27DFH         LINE#         136
  C:27E5H         LINE#         137
  C:2820H         LINE#         138
  C:2826H         LINE#         139
  C:285CH         LINE#         140
  C:2862H         LINE#         141
  C:2866H         LINE#         142
  C:2866H         LINE#         143
  C:286FH         LINE#         144
  C:287CH         LINE#         145
  C:2892H         LINE#         146
  -------         ENDPROC       _DRAW_ICONS
  -------         PROC          _TOGGLE_MENU
  X:BF33H         SYMBOL        p_menu
  -------         DO            
  X:BF36H         SYMBOL        i
  X:BF37H         SYMBOL        icon_rect_sz
  X:BF39H         SYMBOL        start_x
  X:BF3BH         SYMBOL        start_y
  -------         ENDDO         
BL51 BANKED LINKER/LOCATER V6.22                                                      11/02/2023  12:10:41  PAGE 57


  C:25DEH         LINE#         151
  C:25E9H         LINE#         152
  C:25E9H         LINE#         153
  C:25E9H         LINE#         155
  C:25F2H         LINE#         156
  C:25F7H         LINE#         157
  C:25FFH         LINE#         158
  C:261FH         LINE#         159
  C:2644H         LINE#         160
  C:266BH         LINE#         161
  C:2693H         LINE#         162
  C:26CFH         LINE#         163
  C:270BH         LINE#         164
  C:2719H         LINE#         165
  C:2719H         LINE#         167
  C:2722H         LINE#         168
  C:2722H         LINE#         170
  C:2737H         LINE#         171
  -------         ENDPROC       _TOGGLE_MENU
  -------         PROC          DRAW_BOTTOM_MENU
  C:4634H         LINE#         184
  C:4634H         LINE#         185
  C:4634H         LINE#         186
  C:4637H         LINE#         187
  -------         ENDPROC       DRAW_BOTTOM_MENU
  -------         PROC          _BOTTOM_LEVEL_CONTROLS
  D:0007H         SYMBOL        select
  -------         DO            
  X:BEF4H         SYMBOL        p_menu
  -------         DO            
  X:BEF7H         SYMBOL        i
  X:BEF8H         SYMBOL        icon_rect_sz
  X:BEFAH         SYMBOL        start_x
  X:BEFCH         SYMBOL        start_y
  -------         ENDDO         
  -------         ENDDO         
  C:22EFH         LINE#         190
  C:22EFH         LINE#         191
  C:22EFH         LINE#         194
  C:2303H         LINE#         195
  C:2303H         LINE#         197
  C:230CH         LINE#         198
  C:2322H         LINE#         199
  C:232AH         LINE#         200
  C:234AH         LINE#         201
  C:236FH         LINE#         202
  C:2396H         LINE#         203
  C:23BEH         LINE#         204
  C:23FAH         LINE#         205
  C:2436H         LINE#         206
  C:2444H         LINE#         207
  C:2444H         LINE#         208
  C:244DH         LINE#         209
  C:244DH         LINE#         210
  C:2462H         LINE#         211
  -------         ENDPROC       _BOTTOM_LEVEL_CONTROLS
  -------         PROC          _WELDING_MODE_CONTROLS
BL51 BANKED LINKER/LOCATER V6.22                                                      11/02/2023  12:10:41  PAGE 58


  X:BEF4H         SYMBOL        select
  -------         DO            
  X:BEF5H         SYMBOL        tmp
  -------         ENDDO         
  C:38C1H         LINE#         216
  C:38C6H         LINE#         217
  C:38C6H         LINE#         218
  C:38C6H         LINE#         219
  C:38CBH         LINE#         220
  C:38DFH         LINE#         221
  C:38DFH         LINE#         223
  C:3901H         LINE#         224
  C:3901H         LINE#         225
  C:3901H         LINE#         226
  C:3901H         LINE#         227
  C:3901H         LINE#         228
  C:3901H         LINE#         229
  C:3901H         LINE#         230
  C:3901H         LINE#         231
  C:3901H         LINE#         232
  C:3901H         LINE#         233
  C:3901H         LINE#         234
  C:3901H         LINE#         235
  C:3901H         LINE#         236
  C:3901H         LINE#         237
  C:3901H         LINE#         238
  C:3901H         LINE#         239
  C:3901H         LINE#         240
  C:3901H         LINE#         241
  C:3901H         LINE#         242
  C:3901H         LINE#         243
  C:3901H         LINE#         244
  C:3901H         LINE#         245
  C:3901H         LINE#         246
  C:3901H         LINE#         247
  C:3901H         LINE#         248
  C:3901H         LINE#         249
  C:3901H         LINE#         250
  C:3901H         LINE#         251
  C:3901H         LINE#         252
  C:3901H         LINE#         253
  C:3901H         LINE#         254
  C:3901H         LINE#         255
  C:3901H         LINE#         256
  C:3901H         LINE#         257
  C:3901H         LINE#         259
  C:3901H         LINE#         260
  C:3901H         LINE#         261
  C:3901H         LINE#         264
  C:393EH         LINE#         265
  -------         ENDPROC       _WELDING_MODE_CONTROLS
  -------         PROC          DRAW_SUB_MENU
  C:4661H         LINE#         280
  C:4661H         LINE#         281
  C:4661H         LINE#         284
  -------         ENDPROC       DRAW_SUB_MENU
  -------         PROC          _DO_NOTHING
BL51 BANKED LINKER/LOCATER V6.22                                                      11/02/2023  12:10:41  PAGE 59


  X:C388H         SYMBOL        select
  C:464AH         LINE#         286
  C:464FH         LINE#         287
  C:464FH         LINE#         292
  -------         ENDPROC       _DO_NOTHING
  -------         PROC          LEVEL_BACK
  C:4662H         LINE#         295
  C:4662H         LINE#         296
  C:4662H         LINE#         300
  -------         ENDPROC       LEVEL_BACK
  -------         ENDMOD        TEMP

  -------         MODULE        ?C?COPY
  C:0753H         PUBLIC        ?C?COPY
  -------         ENDMOD        ?C?COPY

  -------         MODULE        ?C?CLDPTR
  C:0779H         PUBLIC        ?C?CLDPTR
  -------         ENDMOD        ?C?CLDPTR

  -------         MODULE        ?C?CLDOPTR
  C:0792H         PUBLIC        ?C?CLDOPTR
  -------         ENDMOD        ?C?CLDOPTR

  -------         MODULE        ?C?CSTPTR
  C:07BFH         PUBLIC        ?C?CSTPTR
  -------         ENDMOD        ?C?CSTPTR

  -------         MODULE        ?C?CSTOPTR
  C:07D1H         PUBLIC        ?C?CSTOPTR
  -------         ENDMOD        ?C?CSTOPTR

  -------         MODULE        ?C?IMUL
  C:07F3H         PUBLIC        ?C?IMUL
  -------         ENDMOD        ?C?IMUL

  -------         MODULE        ?C?UIDIV
  C:0805H         PUBLIC        ?C?UIDIV
  -------         ENDMOD        ?C?UIDIV

  -------         MODULE        ?C?IILDX
  C:085AH         PUBLIC        ?C?IILDX
  -------         ENDMOD        ?C?IILDX

  -------         MODULE        ?C?ILDIX
  C:0870H         PUBLIC        ?C?ILDIX
  -------         ENDMOD        ?C?ILDIX

  -------         MODULE        ?C?ILDPTR
  C:0886H         PUBLIC        ?C?ILDPTR
  -------         ENDMOD        ?C?ILDPTR

  -------         MODULE        ?C?ILDOPTR
  C:08B1H         PUBLIC        ?C?ILDOPTR
  -------         ENDMOD        ?C?ILDOPTR

  -------         MODULE        ?C?IILDPTR
BL51 BANKED LINKER/LOCATER V6.22                                                      11/02/2023  12:10:41  PAGE 60


  C:08E9H         PUBLIC        ?C?IILDPTR
  -------         ENDMOD        ?C?IILDPTR

  -------         MODULE        ?C?ISTPTR
  C:0921H         PUBLIC        ?C?ISTPTR
  -------         ENDMOD        ?C?ISTPTR

  -------         MODULE        ?C?ISTOPTR
  C:0940H         PUBLIC        ?C?ISTOPTR
  -------         ENDMOD        ?C?ISTOPTR

  -------         MODULE        ?C?LMUL
  C:096DH         PUBLIC        ?C?LMUL
  -------         ENDMOD        ?C?LMUL

  -------         MODULE        ?C?ULDIV
  C:09F8H         PUBLIC        ?C?ULDIV
  -------         ENDMOD        ?C?ULDIV

  -------         MODULE        ?C?ULCMP
  C:0A8AH         PUBLIC        ?C?ULCMP
  -------         ENDMOD        ?C?ULCMP

  -------         MODULE        ?C?ULSHR
  C:0A9BH         PUBLIC        ?C?ULSHR
  -------         ENDMOD        ?C?ULSHR

  -------         MODULE        ?C?LSHL
  C:0AAEH         PUBLIC        ?C?LSHL
  -------         ENDMOD        ?C?LSHL

  -------         MODULE        ?C?LSTXDATA
  C:0AC1H         PUBLIC        ?C?LSTXDATA
  -------         ENDMOD        ?C?LSTXDATA

  -------         MODULE        ?C?LSTKXDATA
  C:0ACDH         PUBLIC        ?C?LSTKXDATA
  -------         ENDMOD        ?C?LSTKXDATA

  -------         MODULE        ?C?OFFXADD
  C:0AFEH         PUBLIC        ?C?OFFXADD
  -------         ENDMOD        ?C?OFFXADD

  -------         MODULE        ?C?PLDPTR
  C:0B0AH         PUBLIC        ?C?PLDPTR
  -------         ENDMOD        ?C?PLDPTR

  -------         MODULE        ?C?PLDOPTR
  C:0B2AH         PUBLIC        ?C?PLDOPTR
  -------         ENDMOD        ?C?PLDOPTR

  -------         MODULE        ?C?ICALL
  C:0B5AH         PUBLIC        ?C?ICALL
  C:0B5EH         PUBLIC        ?C?ICALL2
  -------         ENDMOD        ?C?ICALL

  -------         MODULE        PRINTF
BL51 BANKED LINKER/LOCATER V6.22                                                      11/02/2023  12:10:41  PAGE 61


  X:C2B9H         PUBLIC        ?_PRINTF517?BYTE
  X:C2B9H         PUBLIC        ?_PRINTF?BYTE
  X:C2B9H         PUBLIC        ?_SPRINTF517?BYTE
  X:C2B9H         PUBLIC        ?_SPRINTF?BYTE
  C:1174H         PUBLIC        _PRINTF
  C:1174H         PUBLIC        _PRINTF517
  C:116EH         PUBLIC        _SPRINTF
  C:116EH         PUBLIC        _SPRINTF517
  -------         ENDMOD        PRINTF

  -------         MODULE        STRLEN
  C:4598H         PUBLIC        _STRLEN
  -------         ENDMOD        STRLEN

  -------         MODULE        ?C?PLDIDATA
  C:0B60H         PUBLIC        ?C?PLDIDATA
  -------         ENDMOD        ?C?PLDIDATA

  -------         MODULE        ?C?PLDXDATA
  C:0B69H         PUBLIC        ?C?PLDXDATA
  -------         ENDMOD        ?C?PLDXDATA

  -------         MODULE        ?C?PLDIXDATA
  C:0B72H         PUBLIC        ?C?PLDIXDATA
  -------         ENDMOD        ?C?PLDIXDATA

  -------         MODULE        ?C?PSTXDATA
  C:0B89H         PUBLIC        ?C?PSTXDATA
  -------         ENDMOD        ?C?PSTXDATA

  -------         MODULE        ?C?PLDPDATA
  C:0B92H         PUBLIC        ?C?PLDPDATA
  -------         ENDMOD        ?C?PLDPDATA

  -------         MODULE        ?C?PLDCODE
  C:0B9BH         PUBLIC        ?C?PLDCODE
  -------         ENDMOD        ?C?PLDCODE

  -------         MODULE        ?C?CCASE
  C:0BA7H         PUBLIC        ?C?CCASE
  -------         ENDMOD        ?C?CCASE

  -------         MODULE        PUTCHAR
  C:43E7H         PUBLIC        _PUTCHAR
  -------         ENDMOD        PUTCHAR

*** WARNING L16: UNCALLED SEGMENT, IGNORED FOR OVERLAY PROCESS
    SEGMENT: ?PR?RESETT5L?SYS

*** WARNING L16: UNCALLED SEGMENT, IGNORED FOR OVERLAY PROCESS
    SEGMENT: ?PR?_TOUCHSWITCH?SYS

*** WARNING L16: UNCALLED SEGMENT, IGNORED FOR OVERLAY PROCESS
    SEGMENT: ?PR?_MUSICPLAY?SYS

*** WARNING L16: UNCALLED SEGMENT, IGNORED FOR OVERLAY PROCESS
    SEGMENT: ?PR?NORFLASH_ACTION?SYS
BL51 BANKED LINKER/LOCATER V6.22                                                      11/02/2023  12:10:41  PAGE 62



*** WARNING L16: UNCALLED SEGMENT, IGNORED FOR OVERLAY PROCESS
    SEGMENT: ?PR?SPIFLASH_ACTION?SYS

*** WARNING L16: UNCALLED SEGMENT, IGNORED FOR OVERLAY PROCESS
    SEGMENT: ?PR?GETPAGEID?SYS

*** WARNING L16: UNCALLED SEGMENT, IGNORED FOR OVERLAY PROCESS
    SEGMENT: ?PR?_PAGE_CHANGE?SYS

*** WARNING L16: UNCALLED SEGMENT, IGNORED FOR OVERLAY PROCESS
    SEGMENT: ?PR?_GETPININ?SYS

*** WARNING L16: UNCALLED SEGMENT, IGNORED FOR OVERLAY PROCESS
    SEGMENT: ?PR?_GETTOUCHANCTION?SYS

*** WARNING L16: UNCALLED SEGMENT, IGNORED FOR OVERLAY PROCESS
    SEGMENT: ?PR?_STARTTIMER?TIMER

*** WARNING L16: UNCALLED SEGMENT, IGNORED FOR OVERLAY PROCESS
    SEGMENT: ?PR?_KILLTIMER?TIMER

*** WARNING L16: UNCALLED SEGMENT, IGNORED FOR OVERLAY PROCESS
    SEGMENT: ?PR?_GETTIMEOUTFLAG?TIMER

*** WARNING L16: UNCALLED SEGMENT, IGNORED FOR OVERLAY PROCESS
    SEGMENT: ?PR?INIT_RTC?TIMER

*** WARNING L16: UNCALLED SEGMENT, IGNORED FOR OVERLAY PROCESS
    SEGMENT: ?PR?_IBCD?TIMER

*** WARNING L16: UNCALLED SEGMENT, IGNORED FOR OVERLAY PROCESS
    SEGMENT: ?PR?CLOCK?TIMER

*** WARNING L16: UNCALLED SEGMENT, IGNORED FOR OVERLAY PROCESS
    SEGMENT: ?PR?CANERRORRESET?CANBUS

*** WARNING L16: UNCALLED SEGMENT, IGNORED FOR OVERLAY PROCESS
    SEGMENT: ?PR?_PRINT_UTF_STR?MAIN

*** WARNING L16: UNCALLED SEGMENT, IGNORED FOR OVERLAY PROCESS
    SEGMENT: ?PR?PAGEFUNCTION?UI

*** WARNING L16: UNCALLED SEGMENT, IGNORED FOR OVERLAY PROCESS
    SEGMENT: ?PR?PRO8283INIT?DWIN8283

*** WARNING L16: UNCALLED SEGMENT, IGNORED FOR OVERLAY PROCESS
    SEGMENT: ?PR?PRO8283DEAL?DWIN8283

*** WARNING L16: UNCALLED SEGMENT, IGNORED FOR OVERLAY PROCESS
    SEGMENT: ?PR?SSD2828_READID?SSD2828

*** WARNING L16: UNCALLED SEGMENT, IGNORED FOR OVERLAY PROCESS
    SEGMENT: ?PR?_SSD2828_READREG?SSD2828

*** WARNING L16: UNCALLED SEGMENT, IGNORED FOR OVERLAY PROCESS
    SEGMENT: ?PR?DRAW_SUB_MENU?TEMP
BL51 BANKED LINKER/LOCATER V6.22                                                      11/02/2023  12:10:41  PAGE 63



*** WARNING L16: UNCALLED SEGMENT, IGNORED FOR OVERLAY PROCESS
    SEGMENT: ?PR?_DO_NOTHING?TEMP

*** WARNING L16: UNCALLED SEGMENT, IGNORED FOR OVERLAY PROCESS
    SEGMENT: ?PR?LEVEL_BACK?TEMP

Program Size: data=157.2 xdata=17289 code=17801
LINK/LOCATE RUN COMPLETE.  25 WARNING(S),  0 ERROR(S)
