BL51 BANKED LINKER/LOCATER V6.22                                                        11/05/2023  18:55:48  PAGE 1


BL51 BANKED LINKER/LOCATER V6.22, INVOKED BY:
D:\DWIN\KEIL_V5\C51\BIN\BL51.EXE .\Objects\STARTUP_M5.obj, .\Objects\sys.obj, .\Objects\timer.obj, .\Objects\uart.obj, .
>> \Objects\canbus.obj, .\Objects\main.obj, .\Objects\const.obj, .\Objects\ui.obj, .\Objects\dwin8283.obj, .\Objects\ssd
>> 2828.obj, .\Objects\temp.obj TO .\Objects\T5L51 PRINT (.\Listings\T5L51.m51) RAMSIZE (256) CODE (0X0100-0XFEFF) XDATA
>>  (0X8000-0XFFFF)




PROGRAM RECURSIONS REMOVED FROM CALL TREE
=========================================
+--> ?PR?DRAW_BOTTOM_MENU?TEMP
|  | ?PR?_BOTTOM_LEVEL_CONTROLS?TEMP
<--+ ?PR?_CHANGE_MODE_CONTROL?TEMP



MEMORY MODEL: LARGE


INPUT MODULES INCLUDED:
  .\Objects\STARTUP_M5.obj (STARTUP_M5)
  .\Objects\sys.obj (SYS)
  .\Objects\timer.obj (TIMER)
  .\Objects\uart.obj (UART)
  .\Objects\canbus.obj (CANBUS)
  .\Objects\main.obj (MAIN)
  .\Objects\const.obj (CONST)
  .\Objects\ui.obj (UI)
  .\Objects\dwin8283.obj (DWIN8283)
  .\Objects\ssd2828.obj (SSD2828)
  .\Objects\temp.obj (TEMP)
  D:\DWIN\KEIL_V5\C51\LIB\C51L.LIB (?C_STARTUP)
  D:\DWIN\KEIL_V5\C51\LIB\C51L.LIB (?C_INIT)
  D:\DWIN\KEIL_V5\C51\LIB\C51L.LIB (?C?COPY)
  D:\DWIN\KEIL_V5\C51\LIB\C51L.LIB (?C?CLDPTR)
  D:\DWIN\KEIL_V5\C51\LIB\C51L.LIB (?C?CLDOPTR)
  D:\DWIN\KEIL_V5\C51\LIB\C51L.LIB (?C?CSTPTR)
  D:\DWIN\KEIL_V5\C51\LIB\C51L.LIB (?C?IMUL)
  D:\DWIN\KEIL_V5\C51\LIB\C51L.LIB (?C?UIDIV)
  D:\DWIN\KEIL_V5\C51\LIB\C51L.LIB (?C?IILDX)
  D:\DWIN\KEIL_V5\C51\LIB\C51L.LIB (?C?ILDIX)
  D:\DWIN\KEIL_V5\C51\LIB\C51L.LIB (?C?ILDPTR)
  D:\DWIN\KEIL_V5\C51\LIB\C51L.LIB (?C?ILDOPTR)
  D:\DWIN\KEIL_V5\C51\LIB\C51L.LIB (?C?IILDPTR)
  D:\DWIN\KEIL_V5\C51\LIB\C51L.LIB (?C?ISTPTR)
  D:\DWIN\KEIL_V5\C51\LIB\C51L.LIB (?C?LMUL)
  D:\DWIN\KEIL_V5\C51\LIB\C51L.LIB (?C?ULDIV)
  D:\DWIN\KEIL_V5\C51\LIB\C51L.LIB (?C?LNOT)
  D:\DWIN\KEIL_V5\C51\LIB\C51L.LIB (?C?ULCMP)
  D:\DWIN\KEIL_V5\C51\LIB\C51L.LIB (?C?ULSHR)
  D:\DWIN\KEIL_V5\C51\LIB\C51L.LIB (?C?LSHL)
  D:\DWIN\KEIL_V5\C51\LIB\C51L.LIB (?C?LLDIDATA)
  D:\DWIN\KEIL_V5\C51\LIB\C51L.LIB (?C?LLDCODE)
  D:\DWIN\KEIL_V5\C51\LIB\C51L.LIB (?C?LLDIDATA0)
  D:\DWIN\KEIL_V5\C51\LIB\C51L.LIB (?C?LLDCODE0)
  D:\DWIN\KEIL_V5\C51\LIB\C51L.LIB (?C?LSTIDATA)
  D:\DWIN\KEIL_V5\C51\LIB\C51L.LIB (?C?LSTXDATA)
BL51 BANKED LINKER/LOCATER V6.22                                                      11/05/2023  18:55:48  PAGE 2


  D:\DWIN\KEIL_V5\C51\LIB\C51L.LIB (?C?LSTKXDATA)
  D:\DWIN\KEIL_V5\C51\LIB\C51L.LIB (?C?OFFXADD)
  D:\DWIN\KEIL_V5\C51\LIB\C51L.LIB (?C?PLDPTR)
  D:\DWIN\KEIL_V5\C51\LIB\C51L.LIB (?C?PLDOPTR)
  D:\DWIN\KEIL_V5\C51\LIB\C51L.LIB (?C?ICALL)
  D:\DWIN\KEIL_V5\C51\LIB\C51L.LIB (PRINTF)
  D:\DWIN\KEIL_V5\C51\LIB\C51L.LIB (STRLEN)
  D:\DWIN\KEIL_V5\C51\LIB\C51L.LIB (?C?PLDIDATA)
  D:\DWIN\KEIL_V5\C51\LIB\C51L.LIB (?C?PLDXDATA)
  D:\DWIN\KEIL_V5\C51\LIB\C51L.LIB (?C?PLDIXDATA)
  D:\DWIN\KEIL_V5\C51\LIB\C51L.LIB (?C?PSTXDATA)
  D:\DWIN\KEIL_V5\C51\LIB\C51L.LIB (?C?PLDPDATA)
  D:\DWIN\KEIL_V5\C51\LIB\C51L.LIB (?C?PLDCODE)
  D:\DWIN\KEIL_V5\C51\LIB\C51L.LIB (?C?CCASE)
  D:\DWIN\KEIL_V5\C51\LIB\C51L.LIB (PUTCHAR)


LINK MAP OF MODULE:  .\Objects\T5L51 (STARTUP_M5)


            TYPE    BASE      LENGTH    RELOCATION   SEGMENT NAME
            -----------------------------------------------------

            * * * * * * *   D A T A   M E M O R Y   * * * * * * *
            REG     0000H     0008H     ABSOLUTE     "REG BANK 0"
            DATA    0008H     0015H     UNIT         ?DT?TIMER
            DATA    001DH     0003H     UNIT         _DATA_GROUP_
            BIT     0020H.0   0001H.1   UNIT         ?BI?PRINTF?PRINTF
            BIT     0021H.1   0000H.1   UNIT         ?BI?SSD2828
                    0021H.2   0000H.6                *** GAP ***
            DATA    0022H     0005H     UNIT         ?DT?PRINTF?PRINTF
            IDATA   0027H     0004H     UNIT         ?ID?TEMP
            IDATA   002BH     0001H     UNIT         ?STACK

            * * * * * * *  X D A T A   M E M O R Y  * * * * * * *
                    0000H     8000H                  *** GAP ***
            XDATA   8000H     2024H     UNIT         ?XD?UART
            XDATA   A024H     1A05H     UNIT         ?XD?CANBUS
            XDATA   BA29H     031AH     UNIT         ?XD?DWIN8283
            XDATA   BD43H     0136H     UNIT         _XDATA_GROUP_
            XDATA   BE79H     0129H     UNIT         ?XD?TEMP
            XDATA   BFA2H     0106H     UNIT         ?XD?MAIN
            XDATA   C0A8H     0069H     UNIT         ?XD?_DGUS_DRAW_STRING?MAIN
            XDATA   C111H     0057H     UNIT         ?XD?SYS
            XDATA   C168H     0041H     UNIT         ?XD?TIMER
            XDATA   C1A9H     0041H     UNIT         ?XD?_DGUS_PRINT_UTF_STR?MAIN
            XDATA   C1EAH     0028H     UNIT         ?XD?PRINTF?PRINTF
            XDATA   C212H     0017H     UNIT         ?XD?_CANTX?CANBUS
            XDATA   C229H     0010H     UNIT         ?XD?CHECK_RTC_SET?TIMER
            XDATA   C239H     000FH     UNIT         ?XD?_PRO8283RXTREAT?DWIN8283
            XDATA   C248H     000DH     UNIT         ?XD?_TOUCHSWITCH?SYS
            XDATA   C255H     000CH     UNIT         ?XD?SPIFLASH_ACTION?SYS
            XDATA   C261H     000BH     UNIT         ?XD?_GETTOUCHANCTION?SYS
            XDATA   C26CH     000AH     UNIT         ?XD?RDTIME?TIMER
            XDATA   C276H     0008H     UNIT         ?XD?NORFLASH_ACTION?SYS
            XDATA   C27EH     0008H     UNIT         ?XD?GETTOUCHSTATUS?SYS
            XDATA   C286H     0008H     UNIT         ?XD?_UATR_SEND_DATA?UART
BL51 BANKED LINKER/LOCATER V6.22                                                      11/05/2023  18:55:48  PAGE 3


            XDATA   C28EH     0006H     UNIT         ?XD?_PAGE_CHANGE?SYS
            XDATA   C294H     0005H     UNIT         ?XD?_MUSICPLAY?SYS
            XDATA   C299H     0005H     UNIT         ?XD?_RTC_GET_WEEK?TIMER
            XDATA   C29EH     0005H     UNIT         ?XD?SSD2828_READID?SSD2828
            XDATA   C2A3H     0005H     UNIT         ?XD?_SSD2828_READREG?SSD2828
            XDATA   C2A8H     0004H     UNIT         ?XD?RESETT5L?SYS
            XDATA   C2ACH     0004H     UNIT         ?XD?PRO8283INIT?DWIN8283
            XDATA   C2B0H     0003H     UNIT         ?XD?_CANBUSINIT?CANBUS
            XDATA   C2B3H     0002H     UNIT         ?XD?GETPAGEID?SYS
            XDATA   C2B5H     0002H     UNIT         ?XD?_RTC_CONFIG?TIMER
            XDATA   C2B7H     0002H     UNIT         ?XD?PAGEFUNCTION?UI

            * * * * * * *   C O D E   M E M O R Y   * * * * * * *
            CODE    0000H     0003H     ABSOLUTE     
                    0003H     0008H                  *** GAP ***
            CODE    000BH     0003H     ABSOLUTE     
                    000EH     0015H                  *** GAP ***
            CODE    0023H     0003H     ABSOLUTE     
                    0026H     0005H                  *** GAP ***
            CODE    002BH     0003H     ABSOLUTE     
                    002EH     001DH                  *** GAP ***
            CODE    004BH     0003H     ABSOLUTE     
                    004EH     0005H                  *** GAP ***
            CODE    0053H     0003H     ABSOLUTE     
                    0056H     0005H                  *** GAP ***
            CODE    005BH     0003H     ABSOLUTE     
                    005EH     0005H                  *** GAP ***
            CODE    0063H     0003H     ABSOLUTE     
                    0066H     0005H                  *** GAP ***
            CODE    006BH     0003H     ABSOLUTE     
                    006EH     0015H                  *** GAP ***
            CODE    0083H     0003H     ABSOLUTE     
                    0086H     0072H                  *** GAP ***
            CODE    00F8H     000BH     ABSOLUTE     
            CODE    0103H     0580H     UNIT         ?PR?W_WRITE?SSD2828
            CODE    0683H     054DH     UNIT         ?C?LIB_CODE
            CODE    0BD0H     053CH     UNIT         ?PR?_PRO8283RXTREAT?DWIN8283
            CODE    110CH     0365H     UNIT         ?PR?PRINTF?PRINTF
            CODE    1471H     035AH     UNIT         ?PR?CAN_ISR?CANBUS
            CODE    17CBH     0277H     UNIT         ?PR?_CANTX?CANBUS
            CODE    1A42H     01E9H     UNIT         ?PR?_GETTOUCHANCTION?SYS
            CODE    1C2BH     01CEH     UNIT         ?PR?_READ_DGUS_VP?SYS
            CODE    1DF9H     01B3H     UNIT         ?PR?_UATR_SEND_DATA?UART
            CODE    1FACH     0197H     UNIT         ?PR?_MAKE_MENU_BAR?TEMP
            CODE    2143H     0193H     UNIT         ?PR?_WRITE_DGUS_VP?SYS
            CODE    22D6H     0176H     UNIT         ?PR?MAIN?MAIN
            CODE    244CH     016CH     UNIT         ?PR?LOADONEFRAME?CANBUS
            CODE    25B8H     013CH     UNIT         ?PR?PRO8283DEAL?DWIN8283
            CODE    26F4H     0131H     UNIT         ?PR?_BOTTOM_LEVEL_CONTROLS?TEMP
            CODE    2825H     0129H     UNIT         ?PR?SPIFLASH_ACTION?SYS
            CODE    294EH     010AH     UNIT         ?PR?_DGUS_DRAW_ICONS?TEMP
            CODE    2A58H     0101H     UNIT         ?PR?NORFLASH_ACTION?SYS
            CODE    2B59H     00FDH     UNIT         ?PR?_CHANGE_MODE_CONTROL?TEMP
            CODE    2C56H     00DEH     UNIT         ?PR?SSD2828_INIT?SSD2828
            CODE    2D34H     00DCH     UNIT         ?PR?GETTOUCHSTATUS?SYS
            CODE    2E10H     00D2H     UNIT         ?PR?_SSD2828_REGCONFIG?SSD2828
            CODE    2EE2H     00BDH     UNIT         ?PR?RDTIME?TIMER
BL51 BANKED LINKER/LOCATER V6.22                                                      11/05/2023  18:55:48  PAGE 4


            CODE    2F9FH     00AFH     UNIT         ?PR?INIT_RTC?TIMER
            CODE    304EH     00AFH     UNIT         ?PR?CHECK_RTC_SET?TIMER
            CODE    30FDH     00AFH     UNIT         ?PR?_SSD2828_READREG?SSD2828
            CODE    31ACH     00ADH     UNIT         ?PR?SSD2828_READID?SSD2828
            CODE    3259H     00ACH     UNIT         ?PR?_RTC_CONFIG?TIMER
            CODE    3305H     00ACH     UNIT         ?PR?_W_COM?SSD2828
            CODE    33B1H     00A5H     UNIT         ?PR?_SSD2828_WRITEPACKAGE?SSD2828
            CODE    3456H     009BH     UNIT         ?PR?UART3_ISR?UART
            CODE    34F1H     0093H     UNIT         ?PR?_PINOUTPUT?SYS
            CODE    3584H     0091H     UNIT         ?PR?_CANBUSINIT?CANBUS
            CODE    3615H     0090H     UNIT         ?PR?_RTC_GET_WEEK?TIMER
            CODE    36A5H     008FH     UNIT         ?PR?UART2_ISR?UART
            CODE    3734H     008CH     UNIT         ?C_C51STARTUP
            CODE    37C0H     0083H     UNIT         ?PR?PRO8283INIT?DWIN8283
            CODE    3843H     0083H     UNIT         ?PR?AUTOUPLOADVALUE?DWIN8283
            CODE    38C6H     007CH     UNIT         ?PR?_PAGE_CHANGE?SYS
            CODE    3942H     0071H     UNIT         ?PR?T0_ISR_PC?TIMER
            CODE    39B3H     006EH     UNIT         ?PR?PAGEFUNCTION?UI
            CODE    3A21H     0062H     UNIT         ?PR?_TOUCHSWITCH?SYS
            CODE    3A83H     0060H     UNIT         ?PR?UART4T_ISR?UART
            CODE    3AE3H     0060H     UNIT         ?PR?UART5T_ISR?UART
            CODE    3B43H     0060H     UNIT         ?PR?_DGUS_PRINT_UTF_STR?MAIN
            CODE    3BA3H     005FH     UNIT         ?PR?_DGUS_DRAW_STRING?MAIN
            CODE    3C02H     0055H     UNIT         ?PR?_GETPININ?SYS
            CODE    3C57H     0053H     UNIT         ?PR?_UARTINIT?UART
            CODE    3CAAH     0050H     UNIT         ?PR?_SSD2828_WRITECMD?SSD2828
            CODE    3CFAH     004EH     UNIT         ?PR?_UART2_INIT?UART
            CODE    3D48H     004CH     UNIT         ?PR?_SETPININ?SYS
            CODE    3D94H     0049H     UNIT         ?PR?_UART3_INIT?UART
            CODE    3DDDH     0048H     UNIT         ?PR?_DELAY_MS?SYS
            CODE    3E25H     0048H     UNIT         ?PR?_SETPINOUT?SYS
            CODE    3E6DH     0047H     UNIT         ?PR?UART4R_ISR?UART
            CODE    3EB4H     0047H     UNIT         ?PR?UART5R_ISR?UART
            CODE    3EFBH     0041H     UNIT         ?PR?_UART5_INIT?UART
            CODE    3F3CH     003FH     UNIT         ?PR?_MUSICPLAY?SYS
            CODE    3F7BH     003CH     UNIT         ?PR?DRAW_BOTTOM_MENU?TEMP
            CODE    3FB7H     0037H     UNIT         ?PR?INIT_CPU?SYS
            CODE    3FEEH     0037H     UNIT         ?PR?_I2CBW?TIMER
            CODE    4025H     0034H     UNIT         ?PR?I2CBR?TIMER
            CODE    4059H     002EH     UNIT         ?CO?TEMP
            CODE    4087H     002DH     UNIT         ?PR?LCD_PA_SET?SSD2828
            CODE    40B4H     0028H     UNIT         ?PR?CLEARRAM?SYS
            CODE    40DCH     0028H     UNIT         ?PR?_UART4_INIT?UART
            CODE    4104H     0027H     UNIT         ?PR?PUTCHAR?PUTCHAR
            CODE    412BH     0022H     UNIT         ?PR?_STARTTIMER?TIMER
            CODE    414DH     0020H     UNIT         ?PR?RESETT5L?SYS
            CODE    416DH     0020H     UNIT         ?PR?I2CSTOP?TIMER
            CODE    418DH     001FH     UNIT         ?PR?CACK?TIMER
            CODE    41ACH     001DH     UNIT         ?PR?_DELAYUS?TIMER
            CODE    41C9H     001CH     UNIT         ?PR?T0_INIT?TIMER
            CODE    41E5H     001BH     UNIT         ?PR?CANERRORRESET?CANBUS
            CODE    4200H     001AH     UNIT         ?PR?I2CSTART?TIMER
            CODE    421AH     0019H     UNIT         ?PR?_DELAY_US?SYS
            CODE    4233H     0019H     UNIT         ?PR?CLOCK?TIMER
            CODE    424CH     0015H     UNIT         ?PR?_KILLTIMER?TIMER
            CODE    4261H     0015H     UNIT         ?PR?_STRLEN?STRLEN
            CODE    4276H     0013H     UNIT         ?PR?TIMER2_ISR?TIMER
BL51 BANKED LINKER/LOCATER V6.22                                                      11/05/2023  18:55:48  PAGE 5


            CODE    4289H     0013H     UNIT         ?PR?_GETTIMEOUTFLAG?TIMER
            CODE    429CH     0013H     UNIT         ?PR?_BCD?TIMER
            CODE    42AFH     0013H     UNIT         ?C_INITSEG
            CODE    42C2H     0013H     UNIT         ?CO?SSD2828
            CODE    42D5H     0010H     UNIT         ?PR?GETPAGEID?SYS
            CODE    42E5H     000FH     UNIT         ?PR?MACK?TIMER
            CODE    42F4H     000FH     UNIT         ?PR?_IBCD?TIMER
            CODE    4303H     000DH     UNIT         ?PR?MNAK?TIMER
            CODE    4310H     000AH     UNIT         ?PR?IO_INIT?MAIN
            CODE    431AH     0005H     UNIT         ?CO?MAIN
            CODE    431FH     0004H     UNIT         ?PR?SDA_IN?TIMER
            CODE    4323H     0004H     UNIT         ?PR?SDA_OUT?TIMER
            CODE    4327H     0004H     UNIT         ?CO?DWIN8283
            CODE    432BH     0003H     UNIT         ?CO?UI
            CODE    432EH     0001H     UNIT         ?PR?P0FUNC?UI



OVERLAY MAP OF MODULE:   .\Objects\T5L51 (STARTUP_M5)


SEGMENT                                     DATA_GROUP          XDATA_GROUP
  +--> CALLED SEGMENT                     START    LENGTH     START    LENGTH
-----------------------------------------------------------------------------
?PR?T0_ISR_PC?TIMER                       001DH    0001H      -----    -----

*** NEW ROOT ***************************************************

?PR?CAN_ISR?CANBUS                        -----    -----      BD43H    0001H
  +--> ?PR?LOADONEFRAME?CANBUS

*** NEW ROOT ***************************************************

?C_C51STARTUP                             -----    -----      -----    -----
  +--> ?PR?MAIN?MAIN
  +--> ?C_INITSEG

?PR?MAIN?MAIN                             -----    -----      BD44H    003FH
  +--> ?PR?INIT_CPU?SYS
  +--> ?PR?T0_INIT?TIMER
  +--> ?PR?IO_INIT?MAIN
  +--> ?PR?SSD2828_INIT?SSD2828
  +--> ?PR?_UARTINIT?UART
  +--> ?PR?DRAW_BOTTOM_MENU?TEMP
  +--> ?PR?_READ_DGUS_VP?SYS
  +--> ?PR?_WRITE_DGUS_VP?SYS

?PR?INIT_CPU?SYS                          -----    -----      -----    -----
  +--> ?PR?CLEARRAM?SYS

?PR?CLEARRAM?SYS                          001EH    0002H      -----    -----

?PR?SSD2828_INIT?SSD2828                  -----    -----      -----    -----
  +--> ?PR?_SSD2828_REGCONFIG?SSD2828
  +--> ?PR?_DELAY_MS?SYS
  +--> ?PR?W_WRITE?SSD2828
  +--> ?PR?LCD_PA_SET?SSD2828
BL51 BANKED LINKER/LOCATER V6.22                                                      11/05/2023  18:55:48  PAGE 6



?PR?_SSD2828_REGCONFIG?SSD2828            -----    -----      BD8CH    0004H
  +--> ?PR?_DELAY_US?SYS

?PR?_DELAY_MS?SYS                         -----    -----      BD83H    0004H
  +--> ?PR?_DELAY_US?SYS

?PR?W_WRITE?SSD2828                       -----    -----      -----    -----
  +--> ?CO?SSD2828
  +--> ?PR?_SSD2828_WRITEPACKAGE?SSD2828
  +--> ?PR?_W_COM?SSD2828
  +--> ?PR?_DELAY_MS?SYS

?PR?_SSD2828_WRITEPACKAGE?SSD2828         -----    -----      BD83H    0007H
  +--> ?PR?_SSD2828_REGCONFIG?SSD2828
  +--> ?PR?_SSD2828_WRITECMD?SSD2828
  +--> ?PR?_DELAY_US?SYS

?PR?_SSD2828_WRITECMD?SSD2828             -----    -----      BD8CH    0002H
  +--> ?PR?_DELAY_US?SYS

?PR?_W_COM?SSD2828                        -----    -----      BD83H    0009H
  +--> ?PR?_SSD2828_REGCONFIG?SSD2828
  +--> ?PR?_SSD2828_WRITECMD?SSD2828
  +--> ?PR?_DELAY_US?SYS

?PR?LCD_PA_SET?SSD2828                    -----    -----      -----    -----
  +--> ?PR?_SSD2828_REGCONFIG?SSD2828

?PR?_UARTINIT?UART                        -----    -----      BD83H    0005H
  +--> ?PR?_UART2_INIT?UART
  +--> ?PR?_UART3_INIT?UART
  +--> ?PR?_UART4_INIT?UART
  +--> ?PR?_UART5_INIT?UART

?PR?_UART2_INIT?UART                      -----    -----      BD88H    0002H
  +--> ?PR?_SETPINOUT?SYS
  +--> ?PR?_SETPININ?SYS

?PR?_UART3_INIT?UART                      -----    -----      BD88H    0002H
  +--> ?PR?_SETPINOUT?SYS
  +--> ?PR?_SETPININ?SYS

?PR?DRAW_BOTTOM_MENU?TEMP                 -----    -----      -----    -----
  +--> ?CO?TEMP
  +--> ?PR?_BOTTOM_LEVEL_CONTROLS?TEMP
  +--> ?PR?_MAKE_MENU_BAR?TEMP

?PR?_BOTTOM_LEVEL_CONTROLS?TEMP           -----    -----      BD83H    0006H
  +--> ?CO?TEMP
  +--> ?PR?_CHANGE_MODE_CONTROL?TEMP
  +--> ?PR?_MAKE_MENU_BAR?TEMP

?PR?_CHANGE_MODE_CONTROL?TEMP             -----    -----      BD89H    0002H
  +--> ?CO?TEMP

?PR?_MAKE_MENU_BAR?TEMP                   -----    -----      BD89H    0013H
BL51 BANKED LINKER/LOCATER V6.22                                                      11/05/2023  18:55:48  PAGE 7


  +--> ?CO?TEMP
  +--> ?PR?_DGUS_DRAW_ICONS?TEMP

?PR?_DGUS_DRAW_ICONS?TEMP                 -----    -----      BD9CH    00D0H
  +--> ?PR?_WRITE_DGUS_VP?SYS

?PR?_WRITE_DGUS_VP?SYS                    -----    -----      BE6CH    000DH

?PR?_READ_DGUS_VP?SYS                     -----    -----      BD83H    0013H



SYMBOL TABLE OF MODULE:  .\Objects\T5L51 (STARTUP_M5)

  VALUE           TYPE          NAME
  ----------------------------------

  -------         MODULE        STARTUP_M5
  C:0100H         LINE#         30
  -------         ENDMOD        STARTUP_M5

  -------         MODULE        SYS
  C:0000H         SYMBOL        _ICE_DUMMY_
  C:3FB7H         PUBLIC        INIT_CPU
  X:C111H         PUBLIC        Spi_Flash
  D:00F1H         PUBLIC        ADR_H
  D:0080H         PUBLIC        P0
  D:0090H         PUBLIC        P1
  X:C121H         PUBLIC        Nor_Flash
  D:00A0H         PUBLIC        P2
  C:3C02H         PUBLIC        _GetPinIn
  D:00B0H         PUBLIC        P3
  D:00F3H         PUBLIC        ADR_L
  D:0094H         PUBLIC        PAGESEL
  D:00F2H         PUBLIC        ADR_M
  B:00A8H.7       PUBLIC        EA
  D:00F8H         PUBLIC        RAMMODE
  C:2143H         PUBLIC        _write_dgus_vp
  D:00B7H         PUBLIC        P0MDOUT
  D:00BCH         PUBLIC        P1MDOUT
  D:00A8H         PUBLIC        IEN0
  D:00BDH         PUBLIC        P2MDOUT
  D:00B8H         PUBLIC        IEN1
  C:3D48H         PUBLIC        _SetPinIn
  X:C12DH         PUBLIC        PressPosChange
  D:00BEH         PUBLIC        P3MDOUT
  D:009AH         PUBLIC        IEN2
  C:3E25H         PUBLIC        _SetPinOut
  B:00F8H.4       PUBLIC        APP_ACK
  X:C12EH         PUBLIC        RealPosX
  D:00F4H         PUBLIC        ADR_INC
  X:C130H         PUBLIC        RealPosY
  C:3F3CH         PUBLIC        _MusicPlay
  X:C132H         PUBLIC        PressPosX
  X:C134H         PUBLIC        PressPageID
  X:C136H         PUBLIC        PressPosY
  C:2825H         PUBLIC        SPIFlash_Action
BL51 BANKED LINKER/LOCATER V6.22                                                      11/05/2023  18:55:48  PAGE 8


  X:C138H         PUBLIC        LastPosX
  X:C13AH         PUBLIC        MusicBuf
  X:C15DH         PUBLIC        LastPosY
  D:0095H         PUBLIC        D_PAGESEL
  C:38C6H         PUBLIC        _Page_Change
  X:C15FH         PUBLIC        Touchstate
  C:42D5H         PUBLIC        GetPageID
  C:2D34H         PUBLIC        GetTouchStatus
  D:00F9H         PUBLIC        PORTDRV
  C:34F1H         PUBLIC        _PinOutput
  D:00C9H         PUBLIC        MUX_SEL
  X:C160H         PUBLIC        xdistance
  D:00A9H         PUBLIC        IP0
  X:C162H         PUBLIC        ydistance
  D:00B9H         PUBLIC        IP1
  C:40B4H         PUBLIC        ClearRAM
  X:C164H         PUBLIC        PosXChangeSpeed
  B:00A8H.5       PUBLIC        ET2
  D:00FDH         PUBLIC        DATA0
  X:C166H         PUBLIC        PosYChangeSpeed
  D:00FCH         PUBLIC        DATA1
  D:00FBH         PUBLIC        DATA2
  D:00FAH         PUBLIC        DATA3
  D:00CDH         PUBLIC        TH2
  D:00CCH         PUBLIC        TL2
  C:3DDDH         PUBLIC        _delay_ms
  B:00F8H.6       PUBLIC        APP_EN
  B:00D0H.3       PUBLIC        RS0
  B:00D0H.4       PUBLIC        RS1
  D:0093H         PUBLIC        DPC
  B:00C8H.0       PUBLIC        TR2
  C:421EH         PUBLIC        _delay_us
  C:414DH         PUBLIC        ResetT5L
  C:2A58H         PUBLIC        NorFlash_Action
  D:00C8H         PUBLIC        T2CON
  D:00CBH         PUBLIC        TRL2H
  D:008EH         PUBLIC        CKCON
  D:00CAH         PUBLIC        TRL2L
  C:1A42H         PUBLIC        _GetTouchAnction
  C:1C39H         PUBLIC        _read_dgus_vp
  C:3A21H         PUBLIC        _TouchSwitch
  C:1C34H         SYMBOL        L?0204
  -------         PROC          L?0203
  -------         ENDPROC       L?0203
  C:1C34H         SYMBOL        L?0204
  -------         PROC          _READ_DGUS_VP
  X:BD83H         SYMBOL        addr
  X:BD85H         SYMBOL        buf
  X:BD88H         SYMBOL        len
  -------         DO            
  X:BD8AH         SYMBOL        OS_addr
  X:BD8CH         SYMBOL        OS_addr_offset
  X:BD8EH         SYMBOL        OS_len
  X:BD90H         SYMBOL        OS_len_offset
  X:BD92H         SYMBOL        LenLimit
  -------         ENDDO         
  C:1C39H         LINE#         37
BL51 BANKED LINKER/LOCATER V6.22                                                      11/05/2023  18:55:48  PAGE 9


  C:1C4AH         LINE#         38
  C:1C4AH         LINE#         39
  C:1C51H         LINE#         40
  C:1C55H         LINE#         41
  C:1C5DH         LINE#         44
  C:1C6BH         LINE#         46
  C:1C83H         LINE#         47
  C:1C9EH         LINE#         48
  C:1C9EH         LINE#         49
  C:1CAFH         LINE#         50
  C:1CAFH         LINE#         51
  C:1CC5H         LINE#         52
  C:1CCFH         LINE#         54
  C:1CD1H         LINE#         56
  C:1CD4H         LINE#         57
  C:1CDFH         LINE#         58
  C:1CE1H         LINE#         59
  C:1CE4H         LINE#         60
  C:1CE7H         LINE#         61
  C:1CEAH         LINE#         62
  C:1CF4H         LINE#         63
  C:1CF4H         LINE#         64
  C:1CF6H         LINE#         65
  C:1CF9H         LINE#         66
  C:1D0EH         LINE#         67
  C:1D23H         LINE#         68
  C:1D31H         LINE#         69
  C:1D31H         LINE#         70
  C:1D47H         LINE#         71
  C:1D51H         LINE#         72
  C:1D5FH         LINE#         73
  C:1D5FH         LINE#         74
  C:1D61H         LINE#         75
  C:1D64H         LINE#         76
  C:1D79H         LINE#         77
  C:1D8EH         LINE#         78
  C:1DA3H         LINE#         79
  C:1DB8H         LINE#         80
  C:1DBAH         LINE#         81
  C:1DC4H         LINE#         82
  C:1DC4H         LINE#         83
  C:1DC6H         LINE#         84
  C:1DC9H         LINE#         85
  C:1DDEH         LINE#         86
  C:1DF3H         LINE#         87
  C:1DF3H         LINE#         88
  C:1DF6H         LINE#         90
  C:1DF8H         LINE#         92
  -------         ENDPROC       _READ_DGUS_VP
  -------         PROC          _WRITE_DGUS_VP
  X:BE6CH         SYMBOL        addr
  X:BE6EH         SYMBOL        buf
  X:BE71H         SYMBOL        len
  -------         DO            
  D:0004H         SYMBOL        OS_addr
  X:BE73H         SYMBOL        OS_addr_offset
  X:BE75H         SYMBOL        OS_len
BL51 BANKED LINKER/LOCATER V6.22                                                      11/05/2023  18:55:48  PAGE 10


  X:BE77H         SYMBOL        OS_len_offset
  D:0006H         SYMBOL        LenLimit
  -------         ENDDO         
  C:2143H         LINE#         164
  C:2154H         LINE#         165
  C:2154H         LINE#         166
  C:2155H         LINE#         167
  C:215BH         LINE#         168
  C:2163H         LINE#         171
  C:2170H         LINE#         173
  C:217FH         LINE#         174
  C:218CH         LINE#         175
  C:218CH         LINE#         176
  C:2191H         LINE#         177
  C:2191H         LINE#         178
  C:21A0H         LINE#         179
  C:21ACH         LINE#         181
  C:21AEH         LINE#         183
  C:21B1H         LINE#         184
  C:21B4H         LINE#         185
  C:21B8H         LINE#         186
  C:21BBH         LINE#         187
  C:21BEH         LINE#         188
  C:21C1H         LINE#         189
  C:21CBH         LINE#         190
  C:21CBH         LINE#         191
  C:21E0H         LINE#         192
  C:21F5H         LINE#         193
  C:21F7H         LINE#         194
  C:21FAH         LINE#         195
  C:2208H         LINE#         196
  C:2208H         LINE#         197
  C:221EH         LINE#         198
  C:2228H         LINE#         199
  C:222BH         LINE#         200
  C:2239H         LINE#         201
  C:2239H         LINE#         202
  C:224EH         LINE#         203
  C:2263H         LINE#         204
  C:2278H         LINE#         205
  C:228DH         LINE#         206
  C:228FH         LINE#         207
  C:2294H         LINE#         209
  C:229EH         LINE#         210
  C:229EH         LINE#         211
  C:22A1H         LINE#         212
  C:22B6H         LINE#         213
  C:22CBH         LINE#         214
  C:22CDH         LINE#         215
  C:22D0H         LINE#         216
  C:22D0H         LINE#         217
  C:22D3H         LINE#         219
  C:22D5H         LINE#         221
  -------         ENDPROC       _WRITE_DGUS_VP
  -------         PROC          INIT_CPU
  C:3FB7H         LINE#         306
  C:3FB7H         LINE#         307
BL51 BANKED LINKER/LOCATER V6.22                                                      11/05/2023  18:55:48  PAGE 11


  C:3FB7H         LINE#         308
  C:3FB9H         LINE#         309
  C:3FBBH         LINE#         310
  C:3FBDH         LINE#         312
  C:3FC0H         LINE#         313
  C:3FC3H         LINE#         314
  C:3FC5H         LINE#         315
  C:3FC7H         LINE#         316
  C:3FCAH         LINE#         317
  C:3FCDH         LINE#         318
  C:3FCFH         LINE#         319
  C:3FD1H         LINE#         320
  C:3FD3H         LINE#         321
  C:3FD6H         LINE#         322
  C:3FD9H         LINE#         323
  C:3FDCH         LINE#         324
  C:3FDEH         LINE#         325
  C:3FE1H         LINE#         326
  C:3FE3H         LINE#         327
  C:3FE5H         LINE#         328
  C:3FE7H         LINE#         329
  C:3FE9H         LINE#         330
  C:3FEBH         LINE#         334
  -------         ENDPROC       INIT_CPU
  -------         PROC          CLEARRAM
  -------         DO            
  D:0006H         SYMBOL        ptr
  D:001EH         SYMBOL        i
  -------         ENDDO         
  C:40B4H         LINE#         337
  C:40B4H         LINE#         338
  C:40B4H         LINE#         342
  C:40B8H         LINE#         344
  C:40BDH         LINE#         345
  C:40DBH         LINE#         346
  -------         ENDPROC       CLEARRAM
  -------         PROC          RESETT5L
  -------         DO            
  X:C2A8H         SYMBOL        tmp
  -------         ENDDO         
  C:414DH         LINE#         348
  C:414DH         LINE#         349
  C:414DH         LINE#         352
  C:4157H         LINE#         353
  -------         ENDPROC       RESETT5L
  C:421AH         SYMBOL        L?0206
  -------         PROC          L?0205
  -------         ENDPROC       L?0205
  C:421AH         SYMBOL        L?0206
  -------         PROC          _DELAY_US
  D:0006H         SYMBOL        t
  -------         DO            
  D:0005H         SYMBOL        i
  -------         ENDDO         
  C:421EH         LINE#         356
  C:421EH         LINE#         357
  C:421EH         LINE#         360
BL51 BANKED LINKER/LOCATER V6.22                                                      11/05/2023  18:55:48  PAGE 12


  C:4222H         LINE#         361
  C:4222H         LINE#         362
  C:4224H         LINE#         363
  C:4224H         LINE#         364
  C:422BH         LINE#         365
  C:4230H         LINE#         366
  C:4232H         LINE#         367
  -------         ENDPROC       _DELAY_US
  -------         PROC          _TOUCHSWITCH
  D:0006H         SYMBOL        PageID
  D:0005H         SYMBOL        TouchType
  D:0003H         SYMBOL        TouchID
  X:C24CH         SYMBOL        Status
  -------         DO            
  X:C24DH         SYMBOL        k_data
  -------         ENDDO         
  C:3A21H         LINE#         369
  C:3A21H         LINE#         370
  C:3A21H         LINE#         373
  C:3A2BH         LINE#         374
  C:3A31H         LINE#         375
  C:3A34H         LINE#         376
  C:3A37H         LINE#         377
  C:3A3DH         LINE#         378
  C:3A47H         LINE#         380
  C:3A4EH         LINE#         381
  C:3A64H         LINE#         383
  C:3A64H         LINE#         384
  C:3A67H         LINE#         385
  C:3A7CH         LINE#         386
  C:3A82H         LINE#         387
  -------         ENDPROC       _TOUCHSWITCH
  -------         PROC          _MUSICPLAY
  X:C294H         SYMBOL        MusicId
  -------         DO            
  X:C295H         SYMBOL        k_data
  -------         ENDDO         
  C:3F3CH         LINE#         389
  C:3F41H         LINE#         390
  C:3F41H         LINE#         393
  C:3F57H         LINE#         394
  C:3F5DH         LINE#         395
  C:3F61H         LINE#         396
  C:3F66H         LINE#         397
  -------         ENDPROC       _MUSICPLAY
  -------         PROC          NORFLASH_ACTION
  -------         DO            
  X:C276H         SYMBOL        buf
  -------         ENDDO         
  C:2A58H         LINE#         438
  C:2A58H         LINE#         439
  C:2A58H         LINE#         442
  C:2A61H         LINE#         443
  C:2A79H         LINE#         444
  C:2A91H         LINE#         445
  C:2A9CH         LINE#         446
  C:2AA9H         LINE#         447
BL51 BANKED LINKER/LOCATER V6.22                                                      11/05/2023  18:55:48  PAGE 13


  C:2AACH         LINE#         448
  C:2AB9H         LINE#         449
  C:2ABCH         LINE#         450
  C:2AC0H         LINE#         451
  C:2AC0H         LINE#         452
  C:2ACEH         LINE#         453
  C:2AE8H         LINE#         454
  C:2AE8H         LINE#         455
  C:2AFEH         LINE#         457
  C:2AFEH         LINE#         458
  C:2B01H         LINE#         459
  C:2B16H         LINE#         460
  C:2B1CH         LINE#         461
  C:2B23H         LINE#         462
  C:2B23H         LINE#         463
  C:2B31H         LINE#         464
  C:2B52H         LINE#         465
  C:2B52H         LINE#         466
  -------         ENDPROC       NORFLASH_ACTION
  -------         PROC          SPIFLASH_ACTION
  -------         DO            
  X:C255H         SYMBOL        buf
  -------         ENDDO         
  C:2825H         LINE#         469
  C:2825H         LINE#         470
  C:2825H         LINE#         473
  C:282BH         LINE#         474
  C:2833H         LINE#         475
  C:2837H         LINE#         476
  C:2837H         LINE#         477
  C:2840H         LINE#         478
  C:2858H         LINE#         479
  C:2870H         LINE#         480
  C:287BH         LINE#         481
  C:2888H         LINE#         482
  C:288BH         LINE#         483
  C:2898H         LINE#         484
  C:289BH         LINE#         485
  C:289CH         LINE#         486
  C:289CH         LINE#         487
  C:289EH         LINE#         488
  C:28A6H         LINE#         489
  C:28A6H         LINE#         490
  C:28B1H         LINE#         491
  C:28B4H         LINE#         492
  C:28C1H         LINE#         493
  C:28C4H         LINE#         494
  C:28D1H         LINE#         495
  C:28D4H         LINE#         496
  C:28D7H         LINE#         497
  C:28D9H         LINE#         498
  C:28DBH         LINE#         499
  C:28DDH         LINE#         500
  C:28DDH         LINE#         501
  C:28F3H         LINE#         503
  C:28F3H         LINE#         504
  C:28F6H         LINE#         505
BL51 BANKED LINKER/LOCATER V6.22                                                      11/05/2023  18:55:48  PAGE 14


  C:290BH         LINE#         506
  C:2911H         LINE#         507
  C:2918H         LINE#         508
  C:2918H         LINE#         509
  C:2926H         LINE#         510
  C:2947H         LINE#         511
  C:2947H         LINE#         512
  -------         ENDPROC       SPIFLASH_ACTION
  -------         PROC          GETPAGEID
  -------         DO            
  X:C2B3H         SYMBOL        nPage
  -------         ENDDO         
  C:42D5H         LINE#         516
  C:42D5H         LINE#         517
  C:42D5H         LINE#         520
  C:42DCH         LINE#         521
  C:42E4H         LINE#         522
  -------         ENDPROC       GETPAGEID
  -------         PROC          _PAGE_CHANGE
  X:C28EH         SYMBOL        PageID
  -------         DO            
  X:C290H         SYMBOL        buf
  -------         ENDDO         
  C:38C6H         LINE#         524
  C:38CEH         LINE#         525
  C:38CEH         LINE#         528
  C:38D2H         LINE#         529
  C:38D6H         LINE#         530
  C:38E3H         LINE#         531
  C:38E6H         LINE#         532
  C:38FCH         LINE#         534
  C:38FCH         LINE#         535
  C:38FFH         LINE#         536
  C:3910H         LINE#         537
  C:3922H         LINE#         538
  C:3927H         LINE#         539
  C:3929H         LINE#         540
  C:392BH         LINE#         541
  C:392DH         LINE#         542
  -------         ENDPROC       _PAGE_CHANGE
  -------         PROC          _DELAY_MS
  X:BD83H         SYMBOL        t
  -------         DO            
  X:BD85H         SYMBOL        i
  D:0002H         SYMBOL        j
  -------         ENDDO         
  C:3DDDH         LINE#         545
  C:3DE5H         LINE#         546
  C:3DE5H         LINE#         548
  C:3DFFH         LINE#         549
  C:3DFFH         LINE#         550
  C:3E02H         LINE#         551
  C:3E14H         LINE#         552
  C:3E24H         LINE#         553
  -------         ENDPROC       _DELAY_MS
  -------         PROC          _SETPINOUT
  D:0007H         SYMBOL        Port
BL51 BANKED LINKER/LOCATER V6.22                                                      11/05/2023  18:55:48  PAGE 15


  D:0005H         SYMBOL        Pin
  C:3E25H         LINE#         555
  C:3E25H         LINE#         556
  C:3E25H         LINE#         557
  C:3E33H         LINE#         558
  C:3E33H         LINE#         559
  C:3E40H         LINE#         560
  C:3E41H         LINE#         561
  C:3E4EH         LINE#         562
  C:3E4FH         LINE#         563
  C:3E5CH         LINE#         564
  C:3E5DH         LINE#         565
  C:3E6CH         LINE#         566
  C:3E6CH         LINE#         567
  C:3E6CH         LINE#         568
  C:3E6CH         LINE#         570
  -------         ENDPROC       _SETPINOUT
  -------         PROC          _SETPININ
  D:0007H         SYMBOL        Port
  D:0005H         SYMBOL        Pin
  C:3D48H         LINE#         572
  C:3D48H         LINE#         573
  C:3D48H         LINE#         574
  C:3D56H         LINE#         575
  C:3D56H         LINE#         576
  C:3D64H         LINE#         577
  C:3D65H         LINE#         578
  C:3D73H         LINE#         579
  C:3D74H         LINE#         580
  C:3D82H         LINE#         581
  C:3D83H         LINE#         582
  C:3D93H         LINE#         583
  C:3D93H         LINE#         584
  C:3D93H         LINE#         585
  C:3D93H         LINE#         587
  -------         ENDPROC       _SETPININ
  -------         PROC          _PINOUTPUT
  D:0007H         SYMBOL        Port
  D:0005H         SYMBOL        Pin
  D:0003H         SYMBOL        value
  C:34F1H         LINE#         591
  C:34F1H         LINE#         592
  C:34F1H         LINE#         593
  C:3502H         LINE#         594
  C:3502H         LINE#         595
  C:3513H         LINE#         596
  C:3521H         LINE#         597
  C:3522H         LINE#         598
  C:3533H         LINE#         599
  C:3541H         LINE#         600
  C:3542H         LINE#         601
  C:3553H         LINE#         602
  C:3561H         LINE#         603
  C:3562H         LINE#         604
  C:3573H         LINE#         605
  C:3583H         LINE#         606
  C:3583H         LINE#         607
BL51 BANKED LINKER/LOCATER V6.22                                                      11/05/2023  18:55:48  PAGE 16


  C:3583H         LINE#         608
  C:3583H         LINE#         609
  -------         ENDPROC       _PINOUTPUT
  -------         PROC          _GETPININ
  D:0007H         SYMBOL        Port
  D:0005H         SYMBOL        Pin
  -------         DO            
  D:0006H         SYMBOL        value
  -------         ENDDO         
  C:3C02H         LINE#         613
  C:3C02H         LINE#         614
  C:3C02H         LINE#         616
  C:3C10H         LINE#         617
  C:3C10H         LINE#         618
  C:3C1EH         LINE#         619
  C:3C20H         LINE#         620
  C:3C2EH         LINE#         621
  C:3C30H         LINE#         622
  C:3C3EH         LINE#         623
  C:3C40H         LINE#         624
  C:3C50H         LINE#         625
  C:3C52H         LINE#         626
  C:3C52H         LINE#         627
  C:3C54H         LINE#         628
  C:3C54H         LINE#         629
  C:3C54H         LINE#         630
  C:3C56H         LINE#         631
  -------         ENDPROC       _GETPININ
  -------         PROC          GETTOUCHSTATUS
  -------         DO            
  X:C27EH         SYMBOL        k_data
  -------         ENDDO         
  C:2D34H         LINE#         633
  C:2D34H         LINE#         634
  C:2D34H         LINE#         637
  C:2D4AH         LINE#         638
  C:2D55H         LINE#         639
  C:2D55H         LINE#         640
  C:2D5BH         LINE#         641
  C:2D5BH         LINE#         642
  C:2D71H         LINE#         643
  C:2D89H         LINE#         644
  C:2D8DH         LINE#         645
  C:2D8FH         LINE#         646
  C:2D93H         LINE#         647
  C:2D93H         LINE#         648
  C:2DA2H         LINE#         649
  C:2DB1H         LINE#         650
  C:2DB7H         LINE#         651
  C:2DB9H         LINE#         653
  C:2DB9H         LINE#         654
  C:2DBFH         LINE#         655
  C:2DBFH         LINE#         656
  C:2DCEH         LINE#         657
  C:2DDDH         LINE#         658
  C:2DE2H         LINE#         659
  C:2DF7H         LINE#         660
BL51 BANKED LINKER/LOCATER V6.22                                                      11/05/2023  18:55:48  PAGE 17


  C:2DF9H         LINE#         661
  C:2DF9H         LINE#         663
  C:2DF9H         LINE#         664
  C:2E05H         LINE#         665
  C:2E05H         LINE#         666
  C:2E0AH         LINE#         667
  C:2E0AH         LINE#         668
  C:2E0FH         LINE#         669
  C:2E0FH         LINE#         670
  -------         ENDPROC       GETTOUCHSTATUS
  -------         PROC          _GETTOUCHANCTION
  X:C261H         SYMBOL        PageID
  -------         DO            
  X:C263H         SYMBOL        status
  X:C264H         SYMBOL        x2distance
  X:C268H         SYMBOL        y2distance
  -------         ENDDO         
  C:1A42H         LINE#         672
  C:1A4AH         LINE#         673
  C:1A4AH         LINE#         677
  C:1A52H         LINE#         678
  C:1A54H         LINE#         679
  C:1A54H         LINE#         680
  C:1A58H         LINE#         681
  C:1A5AH         LINE#         682
  C:1A5AH         LINE#         683
  C:1A61H         LINE#         684
  C:1A61H         LINE#         685
  C:1A68H         LINE#         686
  C:1A6EH         LINE#         687
  C:1A70H         LINE#         688
  C:1A70H         LINE#         690
  C:1A70H         LINE#         691
  C:1A84H         LINE#         692
  C:1A84H         LINE#         693
  C:1A87H         LINE#         694
  C:1A87H         LINE#         695
  C:1AA2H         LINE#         696
  C:1ABCH         LINE#         697
  C:1AD7H         LINE#         698
  C:1AF1H         LINE#         699
  C:1AF9H         LINE#         700
  C:1AF9H         LINE#         701
  C:1B01H         LINE#         702
  C:1B01H         LINE#         703
  C:1B34H         LINE#         704
  C:1B34H         LINE#         705
  C:1B62H         LINE#         706
  C:1B62H         LINE#         707
  C:1B65H         LINE#         708
  C:1B67H         LINE#         709
  C:1B67H         LINE#         711
  C:1B67H         LINE#         712
  C:1B6AH         LINE#         713
  C:1B6CH         LINE#         714
  C:1B6CH         LINE#         715
  C:1B6CH         LINE#         716
BL51 BANKED LINKER/LOCATER V6.22                                                      11/05/2023  18:55:48  PAGE 18


  C:1B6CH         LINE#         717
  C:1B72H         LINE#         718
  C:1B72H         LINE#         720
  C:1B72H         LINE#         721
  C:1B7AH         LINE#         722
  C:1B7AH         LINE#         723
  C:1BADH         LINE#         724
  C:1BADH         LINE#         725
  C:1BDBH         LINE#         726
  C:1BDBH         LINE#         727
  C:1BDEH         LINE#         728
  C:1BE0H         LINE#         730
  C:1BE0H         LINE#         731
  C:1BE3H         LINE#         732
  C:1BE3H         LINE#         733
  C:1BE5H         LINE#         735
  C:1BE5H         LINE#         736
  C:1BE8H         LINE#         737
  C:1BE8H         LINE#         738
  C:1BE8H         LINE#         739
  C:1BEFH         LINE#         740
  C:1BEFH         LINE#         741
  C:1C0AH         LINE#         742
  C:1C0DH         LINE#         743
  C:1C0DH         LINE#         745
  C:1C0DH         LINE#         746
  C:1C28H         LINE#         747
  C:1C2AH         LINE#         748
  C:1C2AH         LINE#         749
  C:1C2AH         LINE#         750
  C:1C2AH         LINE#         751
  -------         ENDPROC       _GETTOUCHANCTION
  -------         ENDMOD        SYS

  -------         MODULE        TIMER
  C:0000H         SYMBOL        _ICE_DUMMY_
  D:00B0H         PUBLIC        P3
  B:00A8H.7       PUBLIC        EA
  C:2EE2H         PUBLIC        rdtime
  D:00BEH         PUBLIC        P3MDOUT
  C:42F4H         PUBLIC        _IBCD
  C:424CH         PUBLIC        _KillTimer
  C:418DH         PUBLIC        cack
  D:0008H         PUBLIC        TimerTime
  C:412BH         PUBLIC        _StartTimer
  D:0018H         PUBLIC        SysTick_RTC
  X:C168H         PUBLIC        PWMPort
  C:42E5H         PUBLIC        mack
  X:C170H         PUBLIC        PWMPin
  B:00B0H.3       PUBLIC        RTC_SDA
  C:3259H         PUBLIC        _rtc_config
  C:4303H         PUBLIC        mnak
  X:C178H         PUBLIC        PWMLow
  B:00B0H.2       PUBLIC        RTC_SCL
  C:4200H         PUBLIC        i2cstart
  C:4323H         PUBLIC        SDA_OUT
  D:0089H         PUBLIC        TMOD
BL51 BANKED LINKER/LOCATER V6.22                                                      11/05/2023  18:55:48  PAGE 19


  X:C188H         PUBLIC        EnablePWM
  C:3942H         PUBLIC        T0_ISR_PC
  C:4177H         PUBLIC        i2cstop
  D:001AH         PUBLIC        OutTimeFlag
  C:429CH         PUBLIC        _BCD
  B:00A8H.1       PUBLIC        ET0
  B:00C0H.6       PUBLIC        TF2
  D:008CH         PUBLIC        TH0
  D:001BH         PUBLIC        SysTick
  D:001CH         PUBLIC        EnableTimer
  C:431FH         PUBLIC        SDA_IN
  D:008AH         PUBLIC        TL0
  C:4032H         PUBLIC        i2cbr
  B:0088H.4       PUBLIC        TR0
  C:3FFEH         PUBLIC        _i2cbw
  C:304EH         PUBLIC        check_rtc_set
  C:2F9FH         PUBLIC        init_rtc
  C:4276H         PUBLIC        timer2_Isr
  D:00C8H         PUBLIC        T2CON
  C:4289H         PUBLIC        _GetTimeOutFlag
  C:4233H         PUBLIC        Clock
  X:C189H         PUBLIC        PWMTicks
  C:41C9H         PUBLIC        T0_Init
  C:3615H         PUBLIC        _rtc_get_week
  C:41B7H         PUBLIC        _delayus
  X:C199H         PUBLIC        PWMTotal
  -------         PROC          T0_INIT
  C:41C9H         LINE#         45
  C:41C9H         LINE#         46
  C:41C9H         LINE#         47
  C:41CCH         LINE#         49
  C:41CFH         LINE#         50
  C:41D1H         LINE#         51
  C:41D3H         LINE#         53
  C:41D5H         LINE#         54
  C:41D7H         LINE#         56
  C:41DAH         LINE#         57
  C:41DDH         LINE#         58
  C:41E0H         LINE#         59
  C:41E2H         LINE#         61
  C:41E4H         LINE#         62
  -------         ENDPROC       T0_INIT
  -------         PROC          T0_ISR_PC
  -------         DO            
  D:001DH         SYMBOL        i
  -------         ENDDO         
  C:3942H         LINE#         73
  C:394FH         LINE#         77
  C:3951H         LINE#         78
  C:3954H         LINE#         79
  C:3957H         LINE#         80
  C:3959H         LINE#         81
  C:395CH         LINE#         82
  C:395CH         LINE#         83
  C:3972H         LINE#         84
  C:3972H         LINE#         85
  C:3980H         LINE#         86
BL51 BANKED LINKER/LOCATER V6.22                                                      11/05/2023  18:55:48  PAGE 20


  C:398EH         LINE#         87
  C:398EH         LINE#         88
  C:399CH         LINE#         89
  C:399FH         LINE#         90
  C:399FH         LINE#         91
  C:399FH         LINE#         92
  C:39A6H         LINE#         93
  C:39A8H         LINE#         94
  -------         ENDPROC       T0_ISR_PC
  -------         PROC          TIMER2_ISR
  C:4276H         LINE#         96
  C:4278H         LINE#         98
  C:427AH         LINE#         99
  C:427CH         LINE#         100
  C:427EH         LINE#         101
  C:4286H         LINE#         102
  -------         ENDPROC       TIMER2_ISR
  -------         PROC          _STARTTIMER
  D:0007H         SYMBOL        ID
  D:0004H         SYMBOL        nTime
  C:412BH         LINE#         117
  C:412BH         LINE#         118
  C:412BH         LINE#         119
  C:412DH         LINE#         120
  C:413BH         LINE#         121
  C:4146H         LINE#         122
  C:414AH         LINE#         123
  C:414CH         LINE#         124
  -------         ENDPROC       _STARTTIMER
  -------         PROC          _KILLTIMER
  D:0007H         SYMBOL        ID
  C:424CH         LINE#         137
  C:424CH         LINE#         138
  C:424CH         LINE#         139
  C:424EH         LINE#         140
  C:425CH         LINE#         141
  C:425EH         LINE#         142
  C:4260H         LINE#         143
  -------         ENDPROC       _KILLTIMER
  -------         PROC          _GETTIMEOUTFLAG
  D:0007H         SYMBOL        ID
  -------         DO            
  D:0007H         SYMBOL        flag
  -------         ENDDO         
  C:4289H         LINE#         155
  C:4289H         LINE#         156
  C:4289H         LINE#         158
  C:428BH         LINE#         159
  C:4299H         LINE#         160
  C:429BH         LINE#         161
  C:429BH         LINE#         163
  -------         ENDPROC       _GETTIMEOUTFLAG
  C:41AEH         SYMBOL        L?0082
  -------         PROC          L?0081
  -------         ENDPROC       L?0081
  C:41AEH         SYMBOL        L?0082
  -------         PROC          _DELAYUS
BL51 BANKED LINKER/LOCATER V6.22                                                      11/05/2023  18:55:48  PAGE 21


  D:0007H         SYMBOL        t
  -------         DO            
  D:0006H         SYMBOL        i
  -------         ENDDO         
  C:41B7H         LINE#         202
  C:41B7H         LINE#         203
  C:41B7H         LINE#         205
  C:41BAH         LINE#         206
  C:41BAH         LINE#         207
  C:41BCH         LINE#         208
  C:41BCH         LINE#         209
  C:41BCH         LINE#         210
  C:41C5H         LINE#         211
  C:41C6H         LINE#         212
  C:41C8H         LINE#         213
  -------         ENDPROC       _DELAYUS
  -------         PROC          SDA_IN
  C:431FH         LINE#         217
  C:431FH         LINE#         218
  C:431FH         LINE#         219
  C:4322H         LINE#         220
  -------         ENDPROC       SDA_IN
  -------         PROC          SDA_OUT
  C:4323H         LINE#         222
  C:4323H         LINE#         223
  C:4323H         LINE#         224
  C:4326H         LINE#         225
  -------         ENDPROC       SDA_OUT
  -------         PROC          I2CSTART
  C:4200H         LINE#         232
  C:4200H         LINE#         233
  C:4200H         LINE#         234
  C:4203H         LINE#         235
  C:4205H         LINE#         236
  C:4207H         LINE#         237
  C:420CH         LINE#         239
  C:420EH         LINE#         240
  C:4213H         LINE#         241
  C:4215H         LINE#         242
  -------         ENDPROC       I2CSTART
  -------         PROC          L?0083
  -------         ENDPROC       L?0083
  -------         PROC          I2CSTOP
  C:4177H         LINE#         245
  C:4177H         LINE#         246
  C:4177H         LINE#         247
  C:417AH         LINE#         248
  C:417CH         LINE#         249
  C:417EH         LINE#         250
  C:4183H         LINE#         251
  C:4185H         LINE#         252
  C:418AH         LINE#         253
  -------         ENDPROC       I2CSTOP
  -------         PROC          MACK
  C:42E5H         LINE#         256
  C:42E5H         LINE#         257
  C:42E5H         LINE#         258
BL51 BANKED LINKER/LOCATER V6.22                                                      11/05/2023  18:55:48  PAGE 22


  C:42E8H         LINE#         259
  C:42EAH         LINE#         260
  C:42EAH         LINE#         261
  C:42EAH         LINE#         262
  C:42EDH         LINE#         263
  C:42EFH         LINE#         264
  -------         ENDPROC       MACK
  -------         PROC          MNAK
  C:4303H         LINE#         267
  C:4303H         LINE#         268
  C:4303H         LINE#         269
  C:4306H         LINE#         270
  C:4306H         LINE#         271
  C:4306H         LINE#         272
  C:4306H         LINE#         273
  C:4309H         LINE#         274
  C:430BH         LINE#         275
  -------         ENDPROC       MNAK
  -------         PROC          CACK
  -------         DO            
  D:0005H         SYMBOL        i
  -------         ENDDO         
  C:418DH         LINE#         278
  C:418DH         LINE#         279
  C:418DH         LINE#         281
  C:4190H         LINE#         282
  C:4190H         LINE#         283
  C:4190H         LINE#         284
  C:4190H         LINE#         285
  C:4193H         LINE#         286
  C:4195H         LINE#         287
  C:4195H         LINE#         288
  C:4198H         LINE#         289
  C:4198H         LINE#         290
  C:4198H         LINE#         291
  C:4198H         LINE#         292
  C:419DH         LINE#         293
  C:41A2H         LINE#         294
  C:41A4H         LINE#         295
  C:41A9H         LINE#         296
  -------         ENDPROC       CACK
  C:3FF3H         SYMBOL        L?0079
  C:3FF9H         SYMBOL        L?0080
  -------         PROC          L?0078
  -------         ENDPROC       L?0078
  C:3FF3H         SYMBOL        L?0079
  C:3FF9H         SYMBOL        L?0080
  -------         PROC          _I2CBW
  D:0005H         SYMBOL        dat
  -------         DO            
  D:0004H         SYMBOL        i
  -------         ENDDO         
  C:3FFEH         LINE#         300
  C:4000H         LINE#         301
  C:4000H         LINE#         303
  C:4003H         LINE#         304
  C:4005H         LINE#         305
BL51 BANKED LINKER/LOCATER V6.22                                                      11/05/2023  18:55:48  PAGE 23


  C:4005H         LINE#         306
  C:4009H         LINE#         307
  C:4009H         LINE#         308
  C:400BH         LINE#         309
  C:400DH         LINE#         311
  C:400DH         LINE#         312
  C:400FH         LINE#         313
  C:400FH         LINE#         314
  C:4013H         LINE#         315
  C:4013H         LINE#         316
  C:4013H         LINE#         317
  C:4016H         LINE#         318
  C:4018H         LINE#         319
  C:401DH         LINE#         320
  C:4022H         LINE#         321
  -------         ENDPROC       _I2CBW
  -------         PROC          L?0084
  -------         ENDPROC       L?0084
  -------         PROC          I2CBR
  -------         DO            
  D:0004H         SYMBOL        i
  D:0005H         SYMBOL        dat
  -------         ENDDO         
  C:4032H         LINE#         325
  C:4032H         LINE#         326
  C:4032H         LINE#         329
  C:4035H         LINE#         330
  C:4037H         LINE#         331
  C:4037H         LINE#         332
  C:4037H         LINE#         333
  C:4037H         LINE#         334
  C:403AH         LINE#         335
  C:403EH         LINE#         336
  C:4041H         LINE#         337
  C:4041H         LINE#         338
  C:4044H         LINE#         339
  C:4046H         LINE#         341
  C:4046H         LINE#         342
  C:404AH         LINE#         343
  C:404AH         LINE#         345
  C:404CH         LINE#         346
  C:4051H         LINE#         347
  C:4056H         LINE#         348
  C:4058H         LINE#         349
  -------         ENDPROC       I2CBR
  -------         PROC          INIT_RTC
  -------         DO            
  D:0002H         SYMBOL        dat1
  D:0003H         SYMBOL        dat2
  -------         ENDDO         
  C:2F9FH         LINE#         352
  C:2F9FH         LINE#         353
  C:2F9FH         LINE#         356
  C:2F9FH         LINE#         357
  C:2FA2H         LINE#         358
  C:2FA2H         LINE#         359
  C:2FA2H         LINE#         360
BL51 BANKED LINKER/LOCATER V6.22                                                      11/05/2023  18:55:48  PAGE 24


  C:2FA2H         LINE#         361
  C:2FA7H         LINE#         362
  C:2FAAH         LINE#         363
  C:2FAFH         LINE#         364
  C:2FB2H         LINE#         365
  C:2FB5H         LINE#         366
  C:2FBCH         LINE#         367
  C:2FBCH         LINE#         368
  C:2FC0H         LINE#         369
  C:2FC0H         LINE#         370
  C:2FC4H         LINE#         371
  C:2FC4H         LINE#         372
  C:2FC7H         LINE#         373
  C:2FC7H         LINE#         374
  C:2FC7H         LINE#         375
  C:2FCAH         LINE#         376
  C:2FCAH         LINE#         377
  C:2FCEH         LINE#         379
  C:2FD2H         LINE#         380
  C:2FD2H         LINE#         381
  C:2FD5H         LINE#         382
  C:2FD5H         LINE#         383
  C:2FD8H         LINE#         384
  C:2FDDH         LINE#         385
  C:2FE2H         LINE#         386
  C:2FE5H         LINE#         387
  C:2FE5H         LINE#         390
  C:2FE9H         LINE#         391
  C:2FE9H         LINE#         392
  C:2FECH         LINE#         393
  C:2FF1H         LINE#         394
  C:2FF6H         LINE#         395
  C:2FF9H         LINE#         396
  C:2FFDH         LINE#         397
  C:2FFDH         LINE#         398
  C:3000H         LINE#         399
  C:3005H         LINE#         400
  C:3007H         LINE#         401
  C:3007H         LINE#         405
  C:3007H         LINE#         406
  C:300AH         LINE#         407
  C:300FH         LINE#         408
  C:3014H         LINE#         409
  C:3019H         LINE#         410
  C:301EH         LINE#         411
  C:3023H         LINE#         412
  C:3028H         LINE#         413
  C:302DH         LINE#         414
  C:3032H         LINE#         415
  C:3035H         LINE#         416
  C:3039H         LINE#         417
  C:303DH         LINE#         418
  C:303DH         LINE#         419
  C:3040H         LINE#         420
  C:3045H         LINE#         421
  C:3047H         LINE#         422
  C:3047H         LINE#         423
BL51 BANKED LINKER/LOCATER V6.22                                                      11/05/2023  18:55:48  PAGE 25


  C:3047H         LINE#         424
  C:304AH         LINE#         425
  C:304AH         LINE#         426
  C:304AH         LINE#         427
  C:304DH         LINE#         428
  C:304DH         LINE#         429
  -------         ENDPROC       INIT_RTC
  -------         PROC          _RTC_CONFIG
  D:0001H         SYMBOL        prtc_set
  -------         DO            
  X:C2B5H         SYMBOL        dat
  X:C2B6H         SYMBOL        dat1
  -------         ENDDO         
  C:3259H         LINE#         433
  C:3259H         LINE#         434
  C:3259H         LINE#         436
  C:3259H         LINE#         437
  C:325CH         LINE#         438
  C:325CH         LINE#         439
  C:325CH         LINE#         440
  C:325CH         LINE#         441
  C:3264H         LINE#         442
  C:3267H         LINE#         443
  C:326DH         LINE#         444
  C:3270H         LINE#         445
  C:3273H         LINE#         446
  C:3277H         LINE#         447
  C:3277H         LINE#         448
  C:327AH         LINE#         449
  C:327FH         LINE#         450
  C:3284H         LINE#         451
  C:3287H         LINE#         452
  C:328EH         LINE#         453
  C:328EH         LINE#         454
  C:3291H         LINE#         455
  C:3293H         LINE#         456
  C:3293H         LINE#         457
  C:3293H         LINE#         460
  C:3293H         LINE#         461
  C:3296H         LINE#         462
  C:329BH         LINE#         463
  C:32A5H         LINE#         464
  C:32AFH         LINE#         465
  C:32B9H         LINE#         466
  C:32C3H         LINE#         467
  C:32CDH         LINE#         468
  C:32D7H         LINE#         469
  C:32DEH         LINE#         470
  C:32E1H         LINE#         471
  C:32E8H         LINE#         472
  C:32EDH         LINE#         473
  C:32EDH         LINE#         474
  C:32F0H         LINE#         475
  C:32F2H         LINE#         476
  C:32F2H         LINE#         477
  C:32F2H         LINE#         478
  C:32F2H         LINE#         479
BL51 BANKED LINKER/LOCATER V6.22                                                      11/05/2023  18:55:48  PAGE 26


  C:32F5H         LINE#         480
  C:32FAH         LINE#         481
  C:3302H         LINE#         482
  -------         ENDPROC       _RTC_CONFIG
  -------         PROC          RDTIME
  -------         DO            
  X:C26CH         SYMBOL        rtcdata
  D:0003H         SYMBOL        i
  X:C274H         SYMBOL        n
  X:C275H         SYMBOL        m
  -------         ENDDO         
  C:2EE2H         LINE#         486
  C:2EE2H         LINE#         487
  C:2EE2H         LINE#         490
  C:2EE2H         LINE#         491
  C:2EE5H         LINE#         492
  C:2EEAH         LINE#         493
  C:2EEDH         LINE#         494
  C:2EF2H         LINE#         495
  C:2EF4H         LINE#         496
  C:2EF4H         LINE#         497
  C:2F03H         LINE#         498
  C:2F06H         LINE#         499
  C:2F08H         LINE#         500
  C:2F10H         LINE#         501
  C:2F13H         LINE#         502
  C:2F16H         LINE#         503
  C:2F1DH         LINE#         504
  C:2F1FH         LINE#         505
  C:2F1FH         LINE#         506
  C:2F33H         LINE#         507
  C:2F39H         LINE#         508
  C:2F4CH         LINE#         509
  C:2F51H         LINE#         510
  C:2F53H         LINE#         511
  C:2F53H         LINE#         512
  C:2F67H         LINE#         513
  C:2F6DH         LINE#         514
  C:2F80H         LINE#         515
  C:2F85H         LINE#         517
  C:2F8AH         LINE#         518
  -------         ENDPROC       RDTIME
  -------         PROC          _BCD
  D:0007H         SYMBOL        dat
  C:429CH         LINE#         523
  C:429CH         LINE#         524
  C:429CH         LINE#         525
  C:42AEH         LINE#         526
  -------         ENDPROC       _BCD
  -------         PROC          _IBCD
  D:0007H         SYMBOL        dat
  C:42F4H         LINE#         528
  C:42F4H         LINE#         529
  C:42F4H         LINE#         530
  C:4302H         LINE#         531
  -------         ENDPROC       _IBCD
  -------         PROC          _RTC_GET_WEEK
BL51 BANKED LINKER/LOCATER V6.22                                                      11/05/2023  18:55:48  PAGE 27


  D:0003H         SYMBOL        year
  D:0005H         SYMBOL        month
  X:C299H         SYMBOL        day
  -------         DO            
  D:0006H         SYMBOL        tmp
  X:C29AH         SYMBOL        mon
  X:C29CH         SYMBOL        y
  D:0007H         SYMBOL        week
  -------         ENDDO         
  C:3615H         LINE#         537
  C:361CH         LINE#         538
  C:361CH         LINE#         541
  C:3625H         LINE#         542
  C:3625H         LINE#         543
  C:3632H         LINE#         544
  C:363EH         LINE#         545
  C:3640H         LINE#         547
  C:3640H         LINE#         548
  C:364AH         LINE#         549
  C:3652H         LINE#         550
  C:3652H         LINE#         551
  C:369DH         LINE#         552
  C:36A4H         LINE#         553
  C:36A4H         LINE#         554
  -------         ENDPROC       _RTC_GET_WEEK
  -------         PROC          CHECK_RTC_SET
  -------         DO            
  X:C229H         SYMBOL        rtc_parm
  X:C231H         SYMBOL        rtc_set
  -------         ENDDO         
  C:304EH         LINE#         559
  C:304EH         LINE#         560
  C:304EH         LINE#         562
  C:3064H         LINE#         563
  C:3078H         LINE#         564
  C:3078H         LINE#         565
  C:3083H         LINE#         566
  C:3090H         LINE#         567
  C:309DH         LINE#         568
  C:30B0H         LINE#         569
  C:30BDH         LINE#         570
  C:30C0H         LINE#         571
  C:30CDH         LINE#         572
  C:30DAH         LINE#         573
  C:30E3H         LINE#         574
  C:30E8H         LINE#         575
  C:30EAH         LINE#         576
  C:30FCH         LINE#         577
  C:30FCH         LINE#         578
  -------         ENDPROC       CHECK_RTC_SET
  -------         PROC          CLOCK
  C:4233H         LINE#         581
  C:4233H         LINE#         582
  C:4233H         LINE#         583
  C:423AH         LINE#         584
  C:4241H         LINE#         588
  C:4244H         LINE#         589
BL51 BANKED LINKER/LOCATER V6.22                                                      11/05/2023  18:55:48  PAGE 28


  C:4249H         LINE#         593
  -------         ENDPROC       CLOCK
  -------         ENDMOD        TIMER

  -------         MODULE        UART
  C:0000H         SYMBOL        _ICE_DUMMY_
  D:0080H         PUBLIC        P0
  C:36A5H         PUBLIC        uart2_Isr
  C:3456H         PUBLIC        uart3_Isr
  B:00A8H.7       PUBLIC        EA
  X:8000H         PUBLIC        Uart_Struct
  D:00A8H         PUBLIC        IEN0
  D:00B8H         PUBLIC        IEN1
  D:009AH         PUBLIC        IEN2
  D:00BAH         PUBLIC        SREL0H
  D:00BBH         PUBLIC        SREL1H
  D:00AAH         PUBLIC        SREL0L
  C:3C57H         PUBLIC        _UartInit
  D:009DH         PUBLIC        SREL1L
  D:0097H         PUBLIC        SCON2R
  D:00D9H         PUBLIC        BODE2_DIV_H
  D:00ABH         PUBLIC        SCON3R
  D:00AEH         PUBLIC        BODE3_DIV_H
  D:0096H         PUBLIC        SCON2T
  D:00A7H         PUBLIC        SCON3T
  D:00E7H         PUBLIC        BODE2_DIV_L
  D:00AFH         PUBLIC        BODE3_DIV_L
  D:00C9H         PUBLIC        MUX_SEL
  B:00A8H.4       PUBLIC        ES0
  B:0098H.0       PUBLIC        RI0
  B:0098H.1       PUBLIC        TI0
  D:0099H         PUBLIC        SBUF0
  D:009CH         PUBLIC        SBUF1
  D:0098H         PUBLIC        SCON0
  D:009BH         PUBLIC        SCON1
  C:3CFAH         PUBLIC        _UART2_Init
  D:00D8H         PUBLIC        ADCON
  C:3D94H         PUBLIC        _UART3_Init
  C:1DF9H         PUBLIC        _Uatr_Send_Data
  D:00C8H         PUBLIC        T2CON
  C:40DCH         PUBLIC        _UART4_Init
  C:3EFBH         PUBLIC        _UART5_Init
  D:009FH         PUBLIC        SBUF2_RX
  D:00ADH         PUBLIC        SBUF3_RX
  D:009EH         PUBLIC        SBUF2_TX
  D:00ACH         PUBLIC        SBUF3_TX
  C:3E6DH         PUBLIC        uart4r_Isr
  C:3EB4H         PUBLIC        uart5r_Isr
  C:3A83H         PUBLIC        uart4t_Isr
  C:3AE3H         PUBLIC        uart5t_Isr
  -------         PROC          _UART2_INIT
  D:0004H         SYMBOL        bdt
  -------         DO            
  X:BD88H         SYMBOL        tmp
  -------         ENDDO         
  C:3CFAH         LINE#         36
  C:3CFAH         LINE#         37
BL51 BANKED LINKER/LOCATER V6.22                                                      11/05/2023  18:55:48  PAGE 29


  C:3CFAH         LINE#         39
  C:3D1BH         LINE#         40
  C:3D1EH         LINE#         41
  C:3D25H         LINE#         42
  C:3D2CH         LINE#         43
  C:3D2FH         LINE#         44
  C:3D32H         LINE#         45
  C:3D35H         LINE#         46
  C:3D40H         LINE#         47
  C:3D42H         LINE#         48
  C:3D45H         LINE#         49
  C:3D47H         LINE#         60
  -------         ENDPROC       _UART2_INIT
  -------         PROC          _UART3_INIT
  D:0004H         SYMBOL        bdt
  -------         DO            
  X:BD88H         SYMBOL        tmp
  -------         ENDDO         
  C:3D94H         LINE#         75
  C:3D94H         LINE#         76
  C:3D94H         LINE#         78
  C:3DB5H         LINE#         80
  C:3DB8H         LINE#         82
  C:3DBFH         LINE#         83
  C:3DC6H         LINE#         84
  C:3DC9H         LINE#         86
  C:3DCCH         LINE#         87
  C:3DD7H         LINE#         88
  C:3DD9H         LINE#         89
  C:3DDCH         LINE#         99
  -------         ENDPROC       _UART3_INIT
  -------         PROC          _UART4_INIT
  D:0004H         SYMBOL        bdt
  -------         DO            
  D:0004H         SYMBOL        tmp
  -------         ENDDO         
  C:40DCH         LINE#         114
  C:40DCH         LINE#         115
  C:40DCH         LINE#         117
  C:40DFH         LINE#         118
  C:40E2H         LINE#         119
  C:40F9H         LINE#         120
  C:40FCH         LINE#         121
  C:4100H         LINE#         123
  C:4103H         LINE#         133
  -------         ENDPROC       _UART4_INIT
  -------         PROC          _UART5_INIT
  D:0004H         SYMBOL        bdt
  -------         DO            
  D:0004H         SYMBOL        tmp
  -------         ENDDO         
  C:3EFBH         LINE#         148
  C:3EFBH         LINE#         149
  C:3EFBH         LINE#         151
  C:3EFEH         LINE#         152
  C:3F01H         LINE#         154
  C:3F18H         LINE#         155
BL51 BANKED LINKER/LOCATER V6.22                                                      11/05/2023  18:55:48  PAGE 30


  C:3F1BH         LINE#         156
  C:3F1FH         LINE#         157
  C:3F22H         LINE#         162
  C:3F29H         LINE#         163
  C:3F2DH         LINE#         164
  C:3F31H         LINE#         165
  C:3F37H         LINE#         166
  C:3F3BH         LINE#         167
  -------         ENDPROC       _UART5_INIT
  -------         PROC          _UARTINIT
  D:0007H         SYMBOL        UartPort
  X:BD84H         SYMBOL        bdt
  C:3C57H         LINE#         169
  C:3C57H         LINE#         170
  C:3C57H         LINE#         171
  C:3C65H         LINE#         172
  C:3C65H         LINE#         173
  C:3C76H         LINE#         174
  C:3C87H         LINE#         175
  C:3C98H         LINE#         176
  C:3CA9H         LINE#         177
  C:3CA9H         LINE#         178
  C:3CA9H         LINE#         179
  -------         ENDPROC       _UARTINIT
  -------         PROC          _UATR_SEND_DATA
  X:C286H         SYMBOL        str
  X:C287H         SYMBOL        len
  X:C289H         SYMBOL        buf
  -------         DO            
  X:C28CH         SYMBOL        i
  -------         ENDDO         
  C:1DF9H         LINE#         191
  C:1E0DH         LINE#         192
  C:1E0DH         LINE#         195
  C:1E0FH         LINE#         196
  C:1E2CH         LINE#         197
  C:1E2CH         LINE#         198
  C:1E85H         LINE#         199
  C:1EA4H         LINE#         200
  C:1EC0H         LINE#         201
  C:1ED1H         LINE#         202
  C:1EE8H         LINE#         203
  C:1EE8H         LINE#         204
  C:1EE8H         LINE#         205
  C:1EF1H         LINE#         206
  C:1EF1H         LINE#         210
  C:1EF3H         LINE#         211
  C:1F06H         LINE#         212
  C:1F14H         LINE#         213
  C:1F17H         LINE#         214
  C:1F17H         LINE#         215
  C:1F1AH         LINE#         216
  C:1F1AH         LINE#         217
  C:1F23H         LINE#         218
  C:1F23H         LINE#         222
  C:1F25H         LINE#         223
  C:1F38H         LINE#         224
BL51 BANKED LINKER/LOCATER V6.22                                                      11/05/2023  18:55:48  PAGE 31


  C:1F46H         LINE#         225
  C:1F49H         LINE#         226
  C:1F49H         LINE#         227
  C:1F4BH         LINE#         228
  C:1F4BH         LINE#         229
  C:1F51H         LINE#         230
  C:1F51H         LINE#         234
  C:1F53H         LINE#         235
  C:1F66H         LINE#         236
  C:1F74H         LINE#         237
  C:1F77H         LINE#         238
  C:1F77H         LINE#         239
  C:1F79H         LINE#         240
  C:1F79H         LINE#         241
  C:1F7FH         LINE#         242
  C:1F7FH         LINE#         246
  C:1F81H         LINE#         247
  C:1F94H         LINE#         248
  C:1FA2H         LINE#         249
  C:1FA9H         LINE#         250
  C:1FA9H         LINE#         251
  C:1FA9H         LINE#         252
  C:1FA9H         LINE#         253
  C:1FA9H         LINE#         254
  C:1FA9H         LINE#         255
  C:1FABH         LINE#         256
  -------         ENDPROC       _UATR_SEND_DATA
  -------         PROC          UART2_ISR
  C:36A5H         LINE#         258
  C:36B4H         LINE#         260
  C:36B6H         LINE#         261
  C:36B9H         LINE#         262
  C:36B9H         LINE#         263
  C:36BBH         LINE#         264
  C:36CEH         LINE#         265
  C:36DCH         LINE#         266
  C:36E3H         LINE#         267
  C:36E3H         LINE#         268
  C:36E6H         LINE#         269
  C:36E6H         LINE#         270
  C:36E8H         LINE#         271
  C:36FCH         LINE#         272
  C:36FCH         LINE#         273
  C:3709H         LINE#         274
  C:3717H         LINE#         275
  C:371EH         LINE#         276
  C:3720H         LINE#         278
  C:3720H         LINE#         279
  C:3725H         LINE#         283
  C:3725H         LINE#         284
  C:3725H         LINE#         285
  C:3727H         LINE#         286
  -------         ENDPROC       UART2_ISR
  -------         PROC          UART4T_ISR
  C:3A83H         LINE#         288
  C:3A92H         LINE#         290
  C:3A94H         LINE#         291
BL51 BANKED LINKER/LOCATER V6.22                                                      11/05/2023  18:55:48  PAGE 32


  C:3A97H         LINE#         292
  C:3AABH         LINE#         293
  C:3AABH         LINE#         294
  C:3AB8H         LINE#         295
  C:3AC6H         LINE#         296
  C:3ACDH         LINE#         297
  C:3ACFH         LINE#         299
  C:3ACFH         LINE#         300
  C:3AD4H         LINE#         304
  C:3AD4H         LINE#         305
  C:3AD6H         LINE#         306
  -------         ENDPROC       UART4T_ISR
  -------         PROC          UART4R_ISR
  C:3E6DH         LINE#         308
  C:3E7AH         LINE#         310
  C:3E7CH         LINE#         311
  C:3E7FH         LINE#         312
  C:3E92H         LINE#         313
  C:3EA0H         LINE#         314
  C:3EA7H         LINE#         315
  C:3EA9H         LINE#         316
  -------         ENDPROC       UART4R_ISR
  -------         PROC          UART5T_ISR
  C:3AE3H         LINE#         318
  C:3AF2H         LINE#         320
  C:3AF4H         LINE#         321
  C:3AF7H         LINE#         322
  C:3B0BH         LINE#         323
  C:3B0BH         LINE#         324
  C:3B18H         LINE#         325
  C:3B26H         LINE#         326
  C:3B2DH         LINE#         327
  C:3B2FH         LINE#         329
  C:3B2FH         LINE#         330
  C:3B34H         LINE#         334
  C:3B34H         LINE#         335
  C:3B36H         LINE#         336
  -------         ENDPROC       UART5T_ISR
  -------         PROC          UART5R_ISR
  C:3EB4H         LINE#         338
  C:3EC1H         LINE#         340
  C:3EC3H         LINE#         341
  C:3EC6H         LINE#         342
  C:3ED9H         LINE#         343
  C:3EE7H         LINE#         344
  C:3EEEH         LINE#         345
  C:3EF0H         LINE#         346
  -------         ENDPROC       UART5R_ISR
  -------         PROC          UART3_ISR
  C:3456H         LINE#         348
  C:3465H         LINE#         350
  C:3467H         LINE#         351
  C:346CH         LINE#         352
  C:346CH         LINE#         353
  C:346FH         LINE#         354
  C:3472H         LINE#         355
  C:3485H         LINE#         356
BL51 BANKED LINKER/LOCATER V6.22                                                      11/05/2023  18:55:48  PAGE 33


  C:3493H         LINE#         357
  C:349AH         LINE#         358
  C:349AH         LINE#         359
  C:349FH         LINE#         360
  C:349FH         LINE#         361
  C:34A2H         LINE#         362
  C:34A5H         LINE#         363
  C:34B9H         LINE#         364
  C:34B9H         LINE#         365
  C:34C6H         LINE#         366
  C:34D4H         LINE#         367
  C:34DBH         LINE#         368
  C:34DDH         LINE#         370
  C:34DDH         LINE#         371
  C:34E2H         LINE#         375
  C:34E2H         LINE#         376
  C:34E2H         LINE#         377
  C:34E4H         LINE#         378
  -------         ENDPROC       UART3_ISR
  -------         ENDMOD        UART

  -------         MODULE        CANBUS
  C:0000H         SYMBOL        _ICE_DUMMY_
  D:00F1H         PUBLIC        ADR_H
  D:00F3H         PUBLIC        ADR_L
  D:00F2H         PUBLIC        ADR_M
  B:00A8H.7       PUBLIC        EA
  D:00F8H         PUBLIC        RAMMODE
  X:A024H         PUBLIC        CanData
  B:00F8H.4       PUBLIC        APP_ACK
  D:00F4H         PUBLIC        ADR_INC
  C:244CH         PUBLIC        LoadOneFrame
  B:00B8H.1       PUBLIC        ECAN
  C:1471H         PUBLIC        Can_Isr
  C:41E5H         PUBLIC        CanErrorReset
  D:00C9H         PUBLIC        MUX_SEL
  D:008FH         PUBLIC        CAN_CR
  D:00FDH         PUBLIC        DATA0
  D:00FCH         PUBLIC        DATA1
  D:00E8H         PUBLIC        CAN_ET
  D:00FBH         PUBLIC        DATA2
  D:00FAH         PUBLIC        DATA3
  D:0091H         PUBLIC        CAN_IR
  B:00F8H.6       PUBLIC        APP_EN
  C:3584H         PUBLIC        _CanBusInit
  C:17CBH         PUBLIC        _CanTx
  D:00C8H         PUBLIC        T2CON
  -------         PROC          _CANBUSINIT
[...]
  C:039CH         LINE#         349
  C:03A3H         LINE#         350
  C:03AAH         LINE#         351
  C:03B1H         LINE#         352
  C:03B8H         LINE#         353
  C:03BFH         LINE#         354
  C:03C6H         LINE#         355
  C:03CDH         LINE#         356
  C:03D4H         LINE#         357
  C:03DBH         LINE#         358
  C:03E2H         LINE#         359
  C:03E9H         LINE#         360
  C:03F0H         LINE#         361
  C:03F7H         LINE#         362
  C:03FEH         LINE#         363
  C:0405H         LINE#         364
  C:040CH         LINE#         365
  C:0413H         LINE#         366
  C:041AH         LINE#         367
  C:0421H         LINE#         368
  C:0428H         LINE#         369
  C:042FH         LINE#         370
  C:0436H         LINE#         371
  C:043DH         LINE#         372
  C:0444H         LINE#         373
  C:044BH         LINE#         374
  C:0452H         LINE#         375
  C:0459H         LINE#         376
  C:0460H         LINE#         377
  C:0467H         LINE#         378
  C:046EH         LINE#         379
  C:0475H         LINE#         380
  C:047CH         LINE#         381
  C:0483H         LINE#         382
  C:048AH         LINE#         383
  C:0491H         LINE#         384
  C:0498H         LINE#         385
  C:049FH         LINE#         386
  C:04A6H         LINE#         387
  C:04ADH         LINE#         388
  C:04B4H         LINE#         389
  C:04BBH         LINE#         390
  C:04C2H         LINE#         391
  C:04C9H         LINE#         392
  C:04D0H         LINE#         393
  C:04D7H         LINE#         394
  C:04DEH         LINE#         395
  C:04E7H         LINE#         396
  C:04EEH         LINE#         397
  C:04F5H         LINE#         398
  C:04FCH         LINE#         399
  C:0503H         LINE#         400
  C:050AH         LINE#         401
  C:0511H         LINE#         402
  C:0518H         LINE#         403
BL51 BANKED LINKER/LOCATER V6.22                                                      11/05/2023  18:55:48  PAGE 52


  C:051FH         LINE#         404
  C:0526H         LINE#         405
  C:052DH         LINE#         406
  C:0534H         LINE#         407
  C:053BH         LINE#         408
  C:0542H         LINE#         409
  C:0549H         LINE#         410
  C:0550H         LINE#         411
  C:0557H         LINE#         412
  C:055EH         LINE#         413
  C:0565H         LINE#         414
  C:056CH         LINE#         415
  C:0573H         LINE#         416
  C:057AH         LINE#         417
  C:0581H         LINE#         418
  C:0588H         LINE#         419
  C:058FH         LINE#         420
  C:0596H         LINE#         421
  C:059DH         LINE#         422
  C:05A4H         LINE#         423
  C:05ABH         LINE#         424
  C:05B2H         LINE#         425
  C:05B9H         LINE#         426
  C:05C0H         LINE#         427
  C:05C7H         LINE#         428
  C:05CEH         LINE#         429
  C:05D5H         LINE#         430
  C:05DCH         LINE#         431
  C:05E3H         LINE#         432
  C:05EAH         LINE#         433
  C:05F1H         LINE#         434
  C:05F8H         LINE#         435
  C:05FFH         LINE#         436
  C:0606H         LINE#         437
  C:060DH         LINE#         438
  C:0614H         LINE#         439
  C:061BH         LINE#         440
  C:0622H         LINE#         441
  C:0629H         LINE#         442
  C:0630H         LINE#         443
  C:0637H         LINE#         444
  C:063EH         LINE#         445
  C:0647H         LINE#         446
  C:0654H         LINE#         447
  C:065BH         LINE#         448
  C:0668H         LINE#         449
  C:066FH         LINE#         450
  C:067CH         LINE#         451
  -------         ENDPROC       W_WRITE
  -------         PROC          LCD_PA_SET
  C:4087H         LINE#         456
  C:4087H         LINE#         473
  C:4090H         LINE#         474
  C:4099H         LINE#         475
  C:40A2H         LINE#         476
  C:40ABH         LINE#         477
  -------         ENDPROC       LCD_PA_SET
BL51 BANKED LINKER/LOCATER V6.22                                                      11/05/2023  18:55:48  PAGE 53


  -------         PROC          SSD2828_INIT
  C:2C56H         LINE#         480
  C:2C56H         LINE#         488
  C:2C5FH         LINE#         489
  C:2C62H         LINE#         490
  C:2C6AH         LINE#         492
  C:2C73H         LINE#         493
  C:2C7CH         LINE#         494
  C:2C85H         LINE#         496
  C:2C8DH         LINE#         497
  C:2C96H         LINE#         498
  C:2C9DH         LINE#         511
  C:2CA0H         LINE#         513
  C:2CA9H         LINE#         514
  C:2CACH         LINE#         515
  C:2CB4H         LINE#         519
  C:2CBDH         LINE#         521
  C:2CC6H         LINE#         522
  C:2CCFH         LINE#         523
  C:2CD8H         LINE#         524
  C:2CDFH         LINE#         525
  C:2CE8H         LINE#         526
  C:2CF1H         LINE#         527
  C:2CFAH         LINE#         528
  C:2D03H         LINE#         530
  C:2D06H         LINE#         533
  C:2D0FH         LINE#         534
  C:2D18H         LINE#         536
  C:2D21H         LINE#         538
  C:2D2AH         LINE#         539
  C:2D31H         LINE#         546
  C:2D33H         LINE#         548
  -------         ENDPROC       SSD2828_INIT
  -------         ENDMOD        SSD2828

  -------         MODULE        TEMP
  C:0000H         SYMBOL        _ICE_DUMMY_
  X:BE79H         PUBLIC        cur_menu_size
  C:405BH         PUBLIC        active_items
  C:3F7BH         PUBLIC        draw_bottom_menu
  X:BE7AH         PUBLIC        cur_menu_active
  C:294EH         PUBLIC        _dgus_draw_icons
  C:4059H         PUBLIC        ICON_RECT_SZ
  C:1FACH         PUBLIC        _make_menu_bar
  C:2B59H         PUBLIC        _change_mode_control
  X:BE7EH         PUBLIC        _cur_menu_fanc
  X:BE81H         PUBLIC        cur_active_items_id
  X:BE82H         PUBLIC        cur_menu
  D:00C8H         PUBLIC        T2CON
  C:26F4H         PUBLIC        _bottom_level_controls
  I:0027H         PUBLIC        main_menu_bm
  C:4067H         PUBLIC        menu_item_bm
  -------         PROC          _DGUS_DRAW_ICONS
  X:BD9CH         SYMBOL        vp
  X:BD9EH         SYMBOL        p_icon
  X:BDA1H         SYMBOL        size
  -------         DO            
BL51 BANKED LINKER/LOCATER V6.22                                                      11/05/2023  18:55:48  PAGE 54


  X:BDA2H         SYMBOL        i
  X:BDA3H         SYMBOL        j
  X:BDA4H         SYMBOL        cmd
  -------         ENDDO         
  C:294EH         LINE#         90
  C:295FH         LINE#         91
  C:295FH         LINE#         94
  C:2969H         LINE#         95
  C:2976H         LINE#         96
  C:297CH         LINE#         97
  C:2990H         LINE#         98
  C:29C2H         LINE#         99
  C:29C8H         LINE#         100
  C:29E4H         LINE#         101
  C:29EAH         LINE#         102
  C:2A1AH         LINE#         103
  C:2A20H         LINE#         104
  C:2A29H         LINE#         105
  C:2A3FH         LINE#         106
  -------         ENDPROC       _DGUS_DRAW_ICONS
  -------         PROC          _MAKE_MENU_BAR
  X:BD89H         SYMBOL        vp
  D:0005H         SYMBOL        is_vertical
  X:BD8CH         SYMBOL        start_x
  X:BD8EH         SYMBOL        start_y
  X:BD90H         SYMBOL        id_bm
  X:BD94H         SYMBOL        cur_menu_fanc
  -------         DO            
  X:BD97H         SYMBOL        i
  X:BD98H         SYMBOL        shift_x
  X:BD9AH         SYMBOL        shift_y
  -------         ENDDO         
  C:1FACH         LINE#         110
  C:1FBCH         LINE#         111
  C:1FBCH         LINE#         116
  C:1FC2H         LINE#         117
  C:1FD4H         LINE#         119
  C:1FE2H         LINE#         121
  C:1FE7H         LINE#         122
  C:1FEBH         LINE#         123
  C:2007H         LINE#         124
  C:2018H         LINE#         125
  C:2032H         LINE#         126
  C:204EH         LINE#         127
  C:206EH         LINE#         128
  C:2098H         LINE#         129
  C:20C5H         LINE#         130
  C:20D9H         LINE#         131
  C:20EDH         LINE#         132
  C:20F3H         LINE#         133
  C:20F3H         LINE#         134
  C:210CH         LINE#         135
  C:2112H         LINE#         136
  C:2115H         LINE#         138
  C:212AH         LINE#         139
  -------         ENDPROC       _MAKE_MENU_BAR
  -------         PROC          _BOTTOM_LEVEL_CONTROLS
BL51 BANKED LINKER/LOCATER V6.22                                                      11/05/2023  18:55:48  PAGE 55


  X:BD83H         SYMBOL        item_pos
  -------         DO            
  X:BD84H         SYMBOL        bm
  X:BD88H         SYMBOL        i
  -------         ENDDO         
  C:26F4H         LINE#         142
  C:26F9H         LINE#         143
  C:26F9H         LINE#         147
  C:270BH         LINE#         148
  C:274EH         LINE#         149
  C:2788H         LINE#         150
  C:27D1H         LINE#         151
  C:281BH         LINE#         152
  C:281BH         LINE#         153
  C:281BH         LINE#         154
  C:2824H         LINE#         155
  -------         ENDPROC       _BOTTOM_LEVEL_CONTROLS
  -------         PROC          _CHANGE_MODE_CONTROL
  X:BD89H         SYMBOL        item_pos
  -------         DO            
  X:BD8AH         SYMBOL        i
  -------         ENDDO         
  C:2B59H         LINE#         157
  C:2B5EH         LINE#         158
  C:2B5EH         LINE#         160
  C:2B6EH         LINE#         161
  C:2BAEH         LINE#         162
  C:2BDBH         LINE#         163
  C:2C17H         LINE#         164
  C:2C1AH         LINE#         165
  C:2C1CH         LINE#         166
  C:2C1CH         LINE#         167
  C:2C25H         LINE#         170
  C:2C42H         LINE#         171
  C:2C42H         LINE#         172
  C:2C42H         LINE#         173
  C:2C47H         LINE#         174
  C:2C48H         LINE#         176
  C:2C48H         LINE#         177
  C:2C4EH         LINE#         178
  C:2C4FH         LINE#         180
  C:2C4FH         LINE#         181
  C:2C55H         LINE#         182
  C:2C55H         LINE#         184
  C:2C55H         LINE#         185
  -------         ENDPROC       _CHANGE_MODE_CONTROL
  -------         PROC          DRAW_BOTTOM_MENU
  C:3F7BH         LINE#         189
  C:3F7BH         LINE#         190
  C:3F7BH         LINE#         191
  -------         ENDPROC       DRAW_BOTTOM_MENU
  -------         ENDMOD        TEMP

  -------         MODULE        ?C?COPY
  C:0753H         PUBLIC        ?C?COPY
  -------         ENDMOD        ?C?COPY

BL51 BANKED LINKER/LOCATER V6.22                                                      11/05/2023  18:55:48  PAGE 56


  -------         MODULE        ?C?CLDPTR
  C:0779H         PUBLIC        ?C?CLDPTR
  -------         ENDMOD        ?C?CLDPTR

  -------         MODULE        ?C?CLDOPTR
  C:0792H         PUBLIC        ?C?CLDOPTR
  -------         ENDMOD        ?C?CLDOPTR

  -------         MODULE        ?C?CSTPTR
  C:07BFH         PUBLIC        ?C?CSTPTR
  -------         ENDMOD        ?C?CSTPTR

  -------         MODULE        ?C?IMUL
  C:07D1H         PUBLIC        ?C?IMUL
  -------         ENDMOD        ?C?IMUL

  -------         MODULE        ?C?UIDIV
  C:07E3H         PUBLIC        ?C?UIDIV
  -------         ENDMOD        ?C?UIDIV

  -------         MODULE        ?C?IILDX
  C:0838H         PUBLIC        ?C?IILDX
  -------         ENDMOD        ?C?IILDX

  -------         MODULE        ?C?ILDIX
  C:084EH         PUBLIC        ?C?ILDIX
  -------         ENDMOD        ?C?ILDIX

  -------         MODULE        ?C?ILDPTR
  C:0864H         PUBLIC        ?C?ILDPTR
  -------         ENDMOD        ?C?ILDPTR

  -------         MODULE        ?C?ILDOPTR
  C:088FH         PUBLIC        ?C?ILDOPTR
  -------         ENDMOD        ?C?ILDOPTR

  -------         MODULE        ?C?IILDPTR
  C:08C7H         PUBLIC        ?C?IILDPTR
  -------         ENDMOD        ?C?IILDPTR

  -------         MODULE        ?C?ISTPTR
  C:08FFH         PUBLIC        ?C?ISTPTR
  -------         ENDMOD        ?C?ISTPTR

  -------         MODULE        ?C?LMUL
  C:091EH         PUBLIC        ?C?LMUL
  -------         ENDMOD        ?C?LMUL

  -------         MODULE        ?C?ULDIV
  C:09A9H         PUBLIC        ?C?ULDIV
  -------         ENDMOD        ?C?ULDIV

  -------         MODULE        ?C?LNOT
  C:0A3BH         PUBLIC        ?C?LNOT
  -------         ENDMOD        ?C?LNOT

  -------         MODULE        ?C?ULCMP
BL51 BANKED LINKER/LOCATER V6.22                                                      11/05/2023  18:55:48  PAGE 57


  C:0A48H         PUBLIC        ?C?ULCMP
  -------         ENDMOD        ?C?ULCMP

  -------         MODULE        ?C?ULSHR
  C:0A59H         PUBLIC        ?C?ULSHR
  -------         ENDMOD        ?C?ULSHR

  -------         MODULE        ?C?LSHL
  C:0A6CH         PUBLIC        ?C?LSHL
  -------         ENDMOD        ?C?LSHL

  -------         MODULE        ?C?LLDIDATA
  C:0A7FH         PUBLIC        ?C?LLDIDATA
  -------         ENDMOD        ?C?LLDIDATA

  -------         MODULE        ?C?LLDCODE
  C:0A8BH         PUBLIC        ?C?LLDCODE
  -------         ENDMOD        ?C?LLDCODE

  -------         MODULE        ?C?LLDIDATA0
  C:0A9BH         PUBLIC        ?C?LLDIDATA0
  -------         ENDMOD        ?C?LLDIDATA0

  -------         MODULE        ?C?LLDCODE0
  C:0AA8H         PUBLIC        ?C?LLDCODE0
  -------         ENDMOD        ?C?LLDCODE0

  -------         MODULE        ?C?LSTIDATA
  C:0AB8H         PUBLIC        ?C?LSTIDATA
  -------         ENDMOD        ?C?LSTIDATA

  -------         MODULE        ?C?LSTXDATA
  C:0AC4H         PUBLIC        ?C?LSTXDATA
  -------         ENDMOD        ?C?LSTXDATA

  -------         MODULE        ?C?LSTKXDATA
  C:0AD0H         PUBLIC        ?C?LSTKXDATA
  -------         ENDMOD        ?C?LSTKXDATA

  -------         MODULE        ?C?OFFXADD
  C:0B01H         PUBLIC        ?C?OFFXADD
  -------         ENDMOD        ?C?OFFXADD

  -------         MODULE        ?C?PLDPTR
  C:0B0DH         PUBLIC        ?C?PLDPTR
  -------         ENDMOD        ?C?PLDPTR

  -------         MODULE        ?C?PLDOPTR
  C:0B2DH         PUBLIC        ?C?PLDOPTR
  -------         ENDMOD        ?C?PLDOPTR

  -------         MODULE        ?C?ICALL
  C:0B5DH         PUBLIC        ?C?ICALL
  C:0B61H         PUBLIC        ?C?ICALL2
  -------         ENDMOD        ?C?ICALL

  -------         MODULE        PRINTF
BL51 BANKED LINKER/LOCATER V6.22                                                      11/05/2023  18:55:48  PAGE 58


  X:C1EAH         PUBLIC        ?_PRINTF517?BYTE
  X:C1EAH         PUBLIC        ?_PRINTF?BYTE
  X:C1EAH         PUBLIC        ?_SPRINTF517?BYTE
  X:C1EAH         PUBLIC        ?_SPRINTF?BYTE
  C:1177H         PUBLIC        _PRINTF
  C:1177H         PUBLIC        _PRINTF517
  C:1171H         PUBLIC        _SPRINTF
  C:1171H         PUBLIC        _SPRINTF517
  -------         ENDMOD        PRINTF

  -------         MODULE        STRLEN
  C:4261H         PUBLIC        _STRLEN
  -------         ENDMOD        STRLEN

  -------         MODULE        ?C?PLDIDATA
  C:0B63H         PUBLIC        ?C?PLDIDATA
  -------         ENDMOD        ?C?PLDIDATA

  -------         MODULE        ?C?PLDXDATA
  C:0B6CH         PUBLIC        ?C?PLDXDATA
  -------         ENDMOD        ?C?PLDXDATA

  -------         MODULE        ?C?PLDIXDATA
  C:0B75H         PUBLIC        ?C?PLDIXDATA
  -------         ENDMOD        ?C?PLDIXDATA

  -------         MODULE        ?C?PSTXDATA
  C:0B8CH         PUBLIC        ?C?PSTXDATA
  -------         ENDMOD        ?C?PSTXDATA

  -------         MODULE        ?C?PLDPDATA
  C:0B95H         PUBLIC        ?C?PLDPDATA
  -------         ENDMOD        ?C?PLDPDATA

  -------         MODULE        ?C?PLDCODE
  C:0B9EH         PUBLIC        ?C?PLDCODE
  -------         ENDMOD        ?C?PLDCODE

  -------         MODULE        ?C?CCASE
  C:0BAAH         PUBLIC        ?C?CCASE
  -------         ENDMOD        ?C?CCASE

  -------         MODULE        PUTCHAR
  C:4104H         PUBLIC        _PUTCHAR
  -------         ENDMOD        PUTCHAR

*** WARNING L13: RECURSIVE CALL TO SEGMENT
    SEGMENT: ?PR?DRAW_BOTTOM_MENU?TEMP
    CALLER:  ?PR?_CHANGE_MODE_CONTROL?TEMP

*** WARNING L16: UNCALLED SEGMENT, IGNORED FOR OVERLAY PROCESS
    SEGMENT: ?PR?RESETT5L?SYS

*** WARNING L16: UNCALLED SEGMENT, IGNORED FOR OVERLAY PROCESS
    SEGMENT: ?PR?_TOUCHSWITCH?SYS

*** WARNING L16: UNCALLED SEGMENT, IGNORED FOR OVERLAY PROCESS
BL51 BANKED LINKER/LOCATER V6.22                                                      11/05/2023  18:55:48  PAGE 59


    SEGMENT: ?PR?_MUSICPLAY?SYS

*** WARNING L16: UNCALLED SEGMENT, IGNORED FOR OVERLAY PROCESS
    SEGMENT: ?PR?NORFLASH_ACTION?SYS

*** WARNING L16: UNCALLED SEGMENT, IGNORED FOR OVERLAY PROCESS
    SEGMENT: ?PR?SPIFLASH_ACTION?SYS

*** WARNING L16: UNCALLED SEGMENT, IGNORED FOR OVERLAY PROCESS
    SEGMENT: ?PR?GETPAGEID?SYS

*** WARNING L16: UNCALLED SEGMENT, IGNORED FOR OVERLAY PROCESS
    SEGMENT: ?PR?_PAGE_CHANGE?SYS

*** WARNING L16: UNCALLED SEGMENT, IGNORED FOR OVERLAY PROCESS
    SEGMENT: ?PR?_GETPININ?SYS

*** WARNING L16: UNCALLED SEGMENT, IGNORED FOR OVERLAY PROCESS
    SEGMENT: ?PR?_GETTOUCHANCTION?SYS

*** WARNING L16: UNCALLED SEGMENT, IGNORED FOR OVERLAY PROCESS
    SEGMENT: ?PR?_STARTTIMER?TIMER

*** WARNING L16: UNCALLED SEGMENT, IGNORED FOR OVERLAY PROCESS
    SEGMENT: ?PR?_KILLTIMER?TIMER

*** WARNING L16: UNCALLED SEGMENT, IGNORED FOR OVERLAY PROCESS
    SEGMENT: ?PR?_GETTIMEOUTFLAG?TIMER

*** WARNING L16: UNCALLED SEGMENT, IGNORED FOR OVERLAY PROCESS
    SEGMENT: ?PR?INIT_RTC?TIMER

*** WARNING L16: UNCALLED SEGMENT, IGNORED FOR OVERLAY PROCESS
    SEGMENT: ?PR?_IBCD?TIMER

*** WARNING L16: UNCALLED SEGMENT, IGNORED FOR OVERLAY PROCESS
    SEGMENT: ?PR?CLOCK?TIMER

*** WARNING L16: UNCALLED SEGMENT, IGNORED FOR OVERLAY PROCESS
    SEGMENT: ?PR?CANERRORRESET?CANBUS

*** WARNING L16: UNCALLED SEGMENT, IGNORED FOR OVERLAY PROCESS
    SEGMENT: ?PR?_DGUS_DRAW_STRING?MAIN

*** WARNING L16: UNCALLED SEGMENT, IGNORED FOR OVERLAY PROCESS
    SEGMENT: ?PR?_DGUS_PRINT_UTF_STR?MAIN

*** WARNING L16: UNCALLED SEGMENT, IGNORED FOR OVERLAY PROCESS
    SEGMENT: ?CO?MAIN

*** WARNING L16: UNCALLED SEGMENT, IGNORED FOR OVERLAY PROCESS
    SEGMENT: ?PR?PAGEFUNCTION?UI

*** WARNING L16: UNCALLED SEGMENT, IGNORED FOR OVERLAY PROCESS
    SEGMENT: ?PR?PRO8283INIT?DWIN8283

*** WARNING L16: UNCALLED SEGMENT, IGNORED FOR OVERLAY PROCESS
BL51 BANKED LINKER/LOCATER V6.22                                                      11/05/2023  18:55:48  PAGE 60


    SEGMENT: ?PR?PRO8283DEAL?DWIN8283

*** WARNING L16: UNCALLED SEGMENT, IGNORED FOR OVERLAY PROCESS
    SEGMENT: ?PR?SSD2828_READID?SSD2828

*** WARNING L16: UNCALLED SEGMENT, IGNORED FOR OVERLAY PROCESS
    SEGMENT: ?PR?_SSD2828_READREG?SSD2828

*** WARNING L16: UNCALLED SEGMENT, IGNORED FOR OVERLAY PROCESS
    SEGMENT: ?PR?PRINTF?PRINTF

Program Size: data=43.2 xdata=17081 code=16981
LINK/LOCATE RUN COMPLETE.  26 WARNING(S),  0 ERROR(S)
