C51 COMPILER V9.53.0.0   TEMP                                                              11/03/2023 14:49:25 PAGE 1   


C51 COMPILER V9.53.0.0, COMPILATION OF MODULE TEMP
OBJECT MODULE PLACED IN .\Objects\temp.obj
COMPILER INVOKED BY: D:\DWIN\Keil_v5\C51\BIN\C51.EXE source\temp.c LARGE OPTIMIZE(8,SPEED) BROWSE INCDIR(.\driver;.\sour
                    -ce) DEBUG OBJECTEXTEND CODE SYMBOLS PRINT(.\Listings\temp.lst) OBJECT(.\Objects\temp.obj)

line level    source

   1          #include "temp.h"
   2          #include "sys.h"
   3          #include "string.h"
   4          
   5          
   6          #define ARR_SIZE(x) (sizeof(x) / sizeof(x[0]))
   7          
   8          enum {
   9              MEN_BOTTOM_MOD,
  10              MEN_WELD_MOD,
  11              MEN_BTN_MOD,
  12              MEN_POL_MOD,
  13              MEN_IGN_MOD,
  14              MEN_PLS_MOD,
  15              MEN_D_MOD,
  16              MEN_FLOW_MOD,
  17          };
  18          
  19          void draw_bottom_menu(void);
  20          void gui_init(void);
  21          void bottom_level_controls(u8 select);
  22          void welding_mode_controls(u8 select);
  23          
  24          menu_t *cur_menu; //сделать в виде переменной ,а не указателем
  25          u8 last_selected_menu_item;
  26          u8 prev_menu_item;
  27          code const u16 icon_rect_sz = 128;
  28          
  29          code const icon_id bottom[]=            {EIID_TIG, EIID_2T, EIID_AC ,EIID_HF ,EIID_PULSE_OFF ,EIID_SIN ,EI
             -ID_D_10, EIID_H2O_OFF};
  30          code const icon_id welding_mode[] =     {EIID_TIG, EIID_TIG_SPOT, EIID_MMA};
  31          code const icon_id tig_button_mod[] =   {EIID_2T, EIID_4T, EIID_4T_PLUS};
  32          code const icon_id polarity[] =         {EIID_AC, EIID_AC_MIX , EIID_DC_MINUS, EIID_DC_PLUS};
  33          code const icon_id ignition_type[] =    {EIID_HF, EIID_LIFT};
  34          code const icon_id pulse_state[] =      {EIID_PULSE_OFF, EIID_PULSE_ON};
  35          code const icon_id wave_shape[]  =      {EIID_SIN, EIID_TRIG, EIID_RECT, EIID_TRAP}; 
  36          code const icon_id electrode_d[] =      {EIID_D_10, EIID_D_16, EIID_D_20, EIID_D_24, EIID_D_32, EIID_D_40}
             -;
  37          code const icon_id flow_sensor[] =      {EIID_H2O_OFF, EIID_H2O_ON};
  38          
  39          menu_item_t bottom_items         [ARR_SIZE(bottom)];
  40          menu_item_t welding_mode_items   [ARR_SIZE(welding_mode)];
  41          menu_item_t tig_button_mod_items [ARR_SIZE(tig_button_mod)];
  42          menu_item_t polarity_items       [ARR_SIZE(polarity)];
  43          menu_item_t ignition_type_items  [ARR_SIZE(ignition_type)];
  44          menu_item_t pulse_state_items    [ARR_SIZE(pulse_state)];
  45          menu_item_t wave_shape_items     [ARR_SIZE(wave_shape)];
  46          menu_item_t electrode_d_items    [ARR_SIZE(electrode_d)];
  47          menu_item_t flow_sensor_items    [ARR_SIZE(flow_sensor)];
  48          
  49          code menu_t arr_of_menus[] = {
  50              { ARR_SIZE(bottom_items),          bottom_items,            bottom_level_controls},
  51              { ARR_SIZE(welding_mode_items),    welding_mode_items,      welding_mode_controls}, 
  52              { ARR_SIZE(tig_button_mod_items),  tig_button_mod_items,    welding_mode_controls},
C51 COMPILER V9.53.0.0   TEMP                                                              11/03/2023 14:49:25 PAGE 2   

  53              { ARR_SIZE(polarity_items),        polarity_items,          welding_mode_controls},
  54              { ARR_SIZE(ignition_type_items),   ignition_type_items,     welding_mode_controls},
  55              { ARR_SIZE(pulse_state_items),     pulse_state_items,       welding_mode_controls},
  56              { ARR_SIZE(wave_shape_items),      wave_shape_items,        welding_mode_controls},
  57              { ARR_SIZE(electrode_d_items),     electrode_d_items,       welding_mode_controls},
  58              { ARR_SIZE(flow_sensor_items),     flow_sensor_items,       welding_mode_controls},
  59          };
  60          
  61          
  62          
  63          code const u32 active_items_bm_tig = 0xffffffff;
  64          code const u32 active_items_bm_tig_spot = 0xffffffff;
  65          code const u32 active_items_bm_mma = (((u32)1 << EIID_TIG) |
  66                                          ((u32)1 << EIID_TIG_SPOT) |
  67                                          ((u32)1 << EIID_MMA) |
  68                                          ((u32)1 << EIID_AC) |
  69                                          ((u32)1 << EIID_DC_MINUS) |
  70                                          ((u32)1 << EIID_DC_PLUS) |
  71                                          ((u32)1 << EIID_PULSE_OFF) |
  72                                          ((u32)1 << EIID_PULSE_ON));
  73                                                  
  74          idata u32 active_items_bm = 0xffffffff; //all items active at sturt
  75          
  76          void gui_init(void)
  77          {
  78   1          u8 i, j;
  79   1          code icon_id *icon_ids[] = {
  80   1              bottom, welding_mode, tig_button_mod, polarity, ignition_type, pulse_state, wave_shape, electrode_
             -d,  flow_sensor, 
  81   1          };
  82   1      
  83   1          for(i = 0; i < ARR_SIZE(icon_ids); i++) {
  84   2              for (j = 0; j < arr_of_menus[i].size; j++) {
  85   3                  arr_of_menus[i].items[j].ico = icon_ids[i][j]; 
  86   3              }
  87   2              
  88   2          }
  89   1      }
  90          
  91          void draw_icons(u16 vp, menu_t *p_menu)
  92          {
  93   1          u8 i, j;
  94   1          u8 size;
  95   1          u16 cmd[100];
  96   1          cmd[0] = 0x2407; //icon_write_instruction      
  97   1          
  98   1          j = 2;
  99   1          size = 0;
 100   1          for(i = 0; i < p_menu->size; i++) {
 101   2              //Подумать как измень данный участок ///////////////////////////
 102   2              if(&arr_of_menus[0] != p_menu) {
 103   3                  if(arr_of_menus[0].items[last_selected_menu_item].ico == p_menu->items[i].ico)
 104   3                  {
 105   4                      continue;
 106   4                  }
 107   3              }
 108   2              ///////////////////////////////////////////
 109   2              if((u32)(active_items_bm & (u32)((u32)0x00000001 << p_menu->items[i].ico)) != 0) {
 110   3                  cmd[j] = p_menu->items[i].r.x0;
 111   3                  j++;
 112   3                  cmd[j] = p_menu->items[i].r.y0;
 113   3                  j++;
C51 COMPILER V9.53.0.0   TEMP                                                              11/03/2023 14:49:25 PAGE 3   

 114   3                  cmd[j] = p_menu->items[i].ico;
 115   3                  j++;
 116   3                  size++;
 117   3              }
 118   2          }
 119   1          cmd[1] = size; //display_icon_cnt
 120   1          cmd[j] = 0xFF00;
 121   1          write_dgus_vp(vp, (u8*)&cmd, j);
 122   1      }
 123          
 124          
 125          
 126          void toggle_menu(menu_t *p_menu)
 127          {//отображение горизонтального меню   
 128   1          {
 129   2              u8 i;
 130   2              u16 start_x = 0;
 131   2              u16 start_y = 800-128;
 132   2              for(i = 0; i < p_menu->size; i++) {
 133   3                  if(((u32)active_items_bm & (u32)((u32)0x00000001 << p_menu->items[i].ico)) != 0) {
 134   4                      p_menu->items[i].r.x0 = start_x;
 135   4                      p_menu->items[i].r.y0 = start_y;
 136   4                      p_menu->items[i].r.x1 = start_x + icon_rect_sz;
 137   4                      p_menu->items[i].r.y1 = start_y + icon_rect_sz;
 138   4                      start_x += 128;
 139   4                  }
 140   3                  
 141   3              }
 142   2          }
 143   1          
 144   1          cur_menu = p_menu; // make this menu as main
 145   1          draw_icons(0x9000, p_menu);        
 146   1      }
 147          
 148          
 149          void draw_bottom_menu(void)
 150          {   
 151   1          gui_init();
 152   1          toggle_menu(&arr_of_menus[0]);  
 153   1      }
 154          
 155          void bottom_level_controls(u8 select)
 156          { //отображение вертикального меню
 157   1          menu_t *p_menu;
 158   1          p_menu = &arr_of_menus[select + 1]; //+1 значит пропусть bottom_menu
 159   1          {
 160   2              u8 i;
 161   2              u16 start_x = (u16)last_selected_menu_item * 128;
 162   2              u16 start_y = 800-256;
 163   2              for(i = 0; i < p_menu->size; i++) {
 164   3                  if(((u32)active_items_bm & (u32)((u32)0x00000001 << p_menu->items[i].ico)) != 0) {
 165   4                       //Подумать как измень данный участок //////////////////////
             -/////
 166   4                      if(arr_of_menus[0].items[select].ico == p_menu->items[i].ico)
 167   4                      {
 168   5                      ////////////////////////////////    
 169   5                          continue;   
 170   5                      }
 171   4                      p_menu->items[i].r.x0 = start_x;
 172   4                      p_menu->items[i].r.y0 = start_y;
 173   4                      p_menu->items[i].r.x1 = start_x + icon_rect_sz;
 174   4                      p_menu->items[i].r.y1 = start_y + icon_rect_sz;
C51 COMPILER V9.53.0.0   TEMP                                                              11/03/2023 14:49:25 PAGE 4   

 175   4                      start_y -= 128; 
 176   4                  }
 177   3                     
 178   3                  
 179   3              } 
 180   2          cur_menu = p_menu; // make this menu as main
 181   2          draw_icons(0x9500, p_menu);        
 182   2          }
 183   1      }
 184          
 185          
 186          
 187          
 188          // реакция на нажатие кнопки в горизонтальном меню
 189          void welding_mode_controls(u8 select) 
 190          {
 191   1          {//убрать вертикальное меню
 192   2              u16 tmp = 0x0000;
 193   2              write_dgus_vp(0x9500, (u8*)&tmp, 1); 
 194   2          }
 195   1      
 196   1          switch (cur_menu->items[select].ico)
 197   1          {
 198   2              case EIID_TIG:
 199   2              {
 200   3                  active_items_bm = active_items_bm_tig; 
 201   3                  break;
 202   3              }    
 203   2              case EIID_MMA:
 204   2              { 
 205   3                  active_items_bm = active_items_bm_mma;
 206   3                  break;
 207   3              }
 208   2              case EIID_TIG_SPOT:
 209   2              {
 210   3                  active_items_bm = active_items_bm_tig_spot;
 211   3                  break;   
 212   3              }
 213   2              
 214   2              default:
 215   2                  break;
 216   2          }
 217   1          
 218   1          arr_of_menus[0].items[prev_menu_item].ico = cur_menu->items[select].ico; //поменять иконк
             -у нижнего меню на выбранную
 219   1          toggle_menu(&arr_of_menus[0]); //отобразить горизонтальное меню
 220   1      }
 221          
 222          
 223          
 224          
 225          
 226          
 227          
 228          
 229          
 230          
 231          
 232          
 233          
 234          
 235          
C51 COMPILER V9.53.0.0   TEMP                                                              11/03/2023 14:49:25 PAGE 5   

 236          
 237          
 238          
 239          
 240          
 241          
 242          
 243          
 244          
 245          
 246          
 247          
 248          
 249          
 250          
C51 COMPILER V9.53.0.0   TEMP                                                              11/03/2023 14:49:25 PAGE 6   

ASSEMBLY LISTING OF GENERATED OBJECT CODE


             ; FUNCTION gui_init (BEGIN)
                                           ; SOURCE LINE # 76
                                           ; SOURCE LINE # 77
                                           ; SOURCE LINE # 83
;---- Variable 'i' assigned to Register 'R7' ----
0000 E4                CLR     A
0001 FF                MOV     R7,A
0002         ?C0001:
                                           ; SOURCE LINE # 84
;---- Variable 'j' assigned to Register 'R6' ----
0002 E4                CLR     A
0003 FE                MOV     R6,A
0004         ?C0004:
0004 EF                MOV     A,R7
0005 75F006            MOV     B,#06H
0008 A4                MUL     AB
0009 2400        R     ADD     A,#LOW arr_of_menus
000B F582              MOV     DPL,A
000D E4                CLR     A
000E 3400        R     ADDC    A,#HIGH arr_of_menus
0010 F583              MOV     DPH,A
0012 E4                CLR     A
0013 93                MOVC    A,@A+DPTR
0014 FD                MOV     R5,A
0015 EE                MOV     A,R6
0016 C3                CLR     C
0017 9D                SUBB    A,R5
0018 504C              JNC     ?C0003
                                           ; SOURCE LINE # 85
001A EF                MOV     A,R7
001B 75F003            MOV     B,#03H
001E A4                MUL     AB
001F 2400        R     ADD     A,#LOW icon_ids
0021 F582              MOV     DPL,A
0023 E4                CLR     A
0024 3400        R     ADDC    A,#HIGH icon_ids
0026 F583              MOV     DPH,A
0028 E4                CLR     A
0029 93                MOVC    A,@A+DPTR
002A FB                MOV     R3,A
002B 7401              MOV     A,#01H
002D 93                MOVC    A,@A+DPTR
002E FA                MOV     R2,A
002F 7402              MOV     A,#02H
0031 93                MOVC    A,@A+DPTR
0032 F9                MOV     R1,A
0033 8E82              MOV     DPL,R6
0035 758300            MOV     DPH,#00H
0038 120000      E     LCALL   ?C?CLDOPTR
003B FD                MOV     R5,A
003C EF                MOV     A,R7
003D 75F006            MOV     B,#06H
0040 A4                MUL     AB
0041 2400        R     ADD     A,#LOW arr_of_menus+01H
0043 F582              MOV     DPL,A
0045 E4                CLR     A
0046 3400        R     ADDC    A,#HIGH arr_of_menus+01H
0048 F583              MOV     DPH,A
004A E4                CLR     A
C51 COMPILER V9.53.0.0   TEMP                                                              11/03/2023 14:49:25 PAGE 7   

004B 93                MOVC    A,@A+DPTR
004C FB                MOV     R3,A
004D 7401              MOV     A,#01H
004F 93                MOVC    A,@A+DPTR
0050 FA                MOV     R2,A
0051 7402              MOV     A,#02H
0053 93                MOVC    A,@A+DPTR
0054 F9                MOV     R1,A
0055 75F009            MOV     B,#09H
0058 EE                MOV     A,R6
0059 A4                MUL     AB
005A F582              MOV     DPL,A
005C 85F083            MOV     DPH,B
005F ED                MOV     A,R5
0060 120000      E     LCALL   ?C?CSTOPTR
                                           ; SOURCE LINE # 86
0063 0E                INC     R6
0064 809E              SJMP    ?C0004
                                           ; SOURCE LINE # 88
0066         ?C0003:
0066 0F                INC     R7
0067 EF                MOV     A,R7
0068 B40997            CJNE    A,#09H,?C0001
                                           ; SOURCE LINE # 89
006B         ?C0007:
006B 22                RET     
             ; FUNCTION gui_init (END)

             ; FUNCTION _draw_icons (BEGIN)
                                           ; SOURCE LINE # 91
0000 900000      R     MOV     DPTR,#vp
0003 EE                MOV     A,R6
0004 F0                MOVX    @DPTR,A
0005 A3                INC     DPTR
0006 EF                MOV     A,R7
0007 F0                MOVX    @DPTR,A
0008 A3                INC     DPTR
0009 EB                MOV     A,R3
000A F0                MOVX    @DPTR,A
000B A3                INC     DPTR
000C EA                MOV     A,R2
000D F0                MOVX    @DPTR,A
000E A3                INC     DPTR
000F E9                MOV     A,R1
0010 F0                MOVX    @DPTR,A
                                           ; SOURCE LINE # 92
                                           ; SOURCE LINE # 96
0011 900000      R     MOV     DPTR,#cmd
0014 7424              MOV     A,#024H
0016 F0                MOVX    @DPTR,A
0017 A3                INC     DPTR
0018 7407              MOV     A,#07H
001A F0                MOVX    @DPTR,A
                                           ; SOURCE LINE # 98
001B 900000      R     MOV     DPTR,#j
001E 7402              MOV     A,#02H
0020 F0                MOVX    @DPTR,A
                                           ; SOURCE LINE # 99
0021 E4                CLR     A
0022 A3                INC     DPTR
0023 F0                MOVX    @DPTR,A
                                           ; SOURCE LINE # 100
C51 COMPILER V9.53.0.0   TEMP                                                              11/03/2023 14:49:25 PAGE 8   

0024 900000      R     MOV     DPTR,#i
0027 F0                MOVX    @DPTR,A
0028         ?C0008:
0028 900000      R     MOV     DPTR,#p_menu
002B E0                MOVX    A,@DPTR
002C FB                MOV     R3,A
002D A3                INC     DPTR
002E E0                MOVX    A,@DPTR
002F FA                MOV     R2,A
0030 A3                INC     DPTR
0031 E0                MOVX    A,@DPTR
0032 F9                MOV     R1,A
0033 120000      E     LCALL   ?C?CLDPTR
0036 FF                MOV     R7,A
0037 900000      R     MOV     DPTR,#i
003A E0                MOVX    A,@DPTR
003B FE                MOV     R6,A
003C C3                CLR     C
003D 9F                SUBB    A,R7
003E 4003              JC      $ + 5H
0040 020000      R     LJMP    ?C0009
                                           ; SOURCE LINE # 102
0043 EB                MOV     A,R3
0044 8A83              MOV     DPH,R2
0046 8982              MOV     DPL,R1
0048 F4                CPL     A
0049 700A              JNZ     ?C0033
004B 7400        R     MOV     A,#LOW arr_of_menus
004D 6582              XRL     A,DPL
004F 7004              JNZ     ?C0033
0051 7400        R     MOV     A,#HIGH arr_of_menus
0053 6583              XRL     A,DPH
0055         ?C0033:
0055 6043              JZ      ?C0011
                                           ; SOURCE LINE # 103
0057 900000      R     MOV     DPTR,#p_menu
005A E0                MOVX    A,@DPTR
005B FB                MOV     R3,A
005C A3                INC     DPTR
005D E0                MOVX    A,@DPTR
005E FA                MOV     R2,A
005F A3                INC     DPTR
0060 E0                MOVX    A,@DPTR
0061 F9                MOV     R1,A
0062 900001            MOV     DPTR,#01H
0065 120000      E     LCALL   ?C?PLDOPTR
0068 75F009            MOV     B,#09H
006B EE                MOV     A,R6
006C A4                MUL     AB
006D F582              MOV     DPL,A
006F 85F083            MOV     DPH,B
0072 120000      E     LCALL   ?C?CLDOPTR
0075 FF                MOV     R7,A
0076 900000      R     MOV     DPTR,#arr_of_menus+01H
0079 E4                CLR     A
007A 93                MOVC    A,@A+DPTR
007B FB                MOV     R3,A
007C 7401              MOV     A,#01H
007E 93                MOVC    A,@A+DPTR
007F FA                MOV     R2,A
0080 7402              MOV     A,#02H
0082 93                MOVC    A,@A+DPTR
C51 COMPILER V9.53.0.0   TEMP                                                              11/03/2023 14:49:25 PAGE 9   

0083 F9                MOV     R1,A
0084 900000      R     MOV     DPTR,#last_selected_menu_item
0087 E0                MOVX    A,@DPTR
0088 75F009            MOV     B,#09H
008B A4                MUL     AB
008C F582              MOV     DPL,A
008E 85F083            MOV     DPH,B
0091 120000      E     LCALL   ?C?CLDOPTR
0094 6F                XRL     A,R7
0095 7003              JNZ     $ + 5H
0097 020000      R     LJMP    ?C0010
                                           ; SOURCE LINE # 104
                                           ; SOURCE LINE # 105
                                           ; SOURCE LINE # 106
009A         ?C0012:
                                           ; SOURCE LINE # 107
009A         ?C0011:
                                           ; SOURCE LINE # 109
009A 900000      R     MOV     DPTR,#p_menu
009D E0                MOVX    A,@DPTR
009E FB                MOV     R3,A
009F A3                INC     DPTR
00A0 E0                MOVX    A,@DPTR
00A1 FA                MOV     R2,A
00A2 A3                INC     DPTR
00A3 E0                MOVX    A,@DPTR
00A4 F9                MOV     R1,A
00A5 900001            MOV     DPTR,#01H
00A8 120000      E     LCALL   ?C?PLDOPTR
00AB 900000      R     MOV     DPTR,#i
00AE E0                MOVX    A,@DPTR
00AF 75F009            MOV     B,#09H
00B2 A4                MUL     AB
00B3 F582              MOV     DPL,A
00B5 85F083            MOV     DPH,B
00B8 120000      E     LCALL   ?C?CLDOPTR
00BB F9                MOV     R1,A
00BC E4                CLR     A
00BD 7F01              MOV     R7,#01H
00BF FE                MOV     R6,A
00C0 FD                MOV     R5,A
00C1 FC                MOV     R4,A
00C2 A801              MOV     R0,AR1
00C4 120000      E     LCALL   ?C?LSHL
00C7 7800        R     MOV     R0,#LOW active_items_bm
00C9 120000      E     LCALL   ?C?LLDIDATA0
00CC EF                MOV     A,R7
00CD 5B                ANL     A,R3
00CE FF                MOV     R7,A
00CF EE                MOV     A,R6
00D0 5A                ANL     A,R2
00D1 FE                MOV     R6,A
00D2 ED                MOV     A,R5
00D3 59                ANL     A,R1
00D4 FD                MOV     R5,A
00D5 EC                MOV     A,R4
00D6 58                ANL     A,R0
00D7 FC                MOV     R4,A
00D8 E4                CLR     A
00D9 FB                MOV     R3,A
00DA FA                MOV     R2,A
00DB F9                MOV     R1,A
C51 COMPILER V9.53.0.0   TEMP                                                              11/03/2023 14:49:25 PAGE 10  

00DC F8                MOV     R0,A
00DD C3                CLR     C
00DE 120000      E     LCALL   ?C?ULCMP
00E1 7003              JNZ     $ + 5H
00E3 020000      R     LJMP    ?C0010
                                           ; SOURCE LINE # 110
00E6 900000      R     MOV     DPTR,#p_menu
00E9 E0                MOVX    A,@DPTR
00EA FB                MOV     R3,A
00EB A3                INC     DPTR
00EC E0                MOVX    A,@DPTR
00ED FA                MOV     R2,A
00EE A3                INC     DPTR
00EF E0                MOVX    A,@DPTR
00F0 F9                MOV     R1,A
00F1 900001            MOV     DPTR,#01H
00F4 120000      E     LCALL   ?C?PLDOPTR
00F7 900000      R     MOV     DPTR,#i
00FA E0                MOVX    A,@DPTR
00FB 75F009            MOV     B,#09H
00FE A4                MUL     AB
00FF 29                ADD     A,R1
0100 F9                MOV     R1,A
0101 EA                MOV     A,R2
0102 35F0              ADDC    A,B
0104 FA                MOV     R2,A
0105 900001            MOV     DPTR,#01H
0108 120000      E     LCALL   ?C?ILDOPTR
010B FF                MOV     R7,A
010C 900000      R     MOV     DPTR,#j
010F E0                MOVX    A,@DPTR
0110 25E0              ADD     A,ACC
0112 2400        R     ADD     A,#LOW cmd
0114 F582              MOV     DPL,A
0116 E4                CLR     A
0117 3400        R     ADDC    A,#HIGH cmd
0119 F583              MOV     DPH,A
011B E5F0              MOV     A,B
011D F0                MOVX    @DPTR,A
011E A3                INC     DPTR
011F EF                MOV     A,R7
0120 F0                MOVX    @DPTR,A
                                           ; SOURCE LINE # 111
0121 900000      R     MOV     DPTR,#j
0124 E0                MOVX    A,@DPTR
0125 04                INC     A
0126 F0                MOVX    @DPTR,A
                                           ; SOURCE LINE # 112
0127 900000      R     MOV     DPTR,#p_menu
012A E0                MOVX    A,@DPTR
012B FB                MOV     R3,A
012C A3                INC     DPTR
012D E0                MOVX    A,@DPTR
012E FA                MOV     R2,A
012F A3                INC     DPTR
0130 E0                MOVX    A,@DPTR
0131 F9                MOV     R1,A
0132 900001            MOV     DPTR,#01H
0135 120000      E     LCALL   ?C?PLDOPTR
0138 900000      R     MOV     DPTR,#i
013B E0                MOVX    A,@DPTR
013C 75F009            MOV     B,#09H
C51 COMPILER V9.53.0.0   TEMP                                                              11/03/2023 14:49:25 PAGE 11  

013F A4                MUL     AB
0140 29                ADD     A,R1
0141 F9                MOV     R1,A
0142 EA                MOV     A,R2
0143 35F0              ADDC    A,B
0145 FA                MOV     R2,A
0146 900003            MOV     DPTR,#03H
0149 120000      E     LCALL   ?C?ILDOPTR
014C FF                MOV     R7,A
014D 900000      R     MOV     DPTR,#j
0150 E0                MOVX    A,@DPTR
0151 25E0              ADD     A,ACC
0153 2400        R     ADD     A,#LOW cmd
0155 F582              MOV     DPL,A
0157 E4                CLR     A
0158 3400        R     ADDC    A,#HIGH cmd
015A F583              MOV     DPH,A
015C E5F0              MOV     A,B
015E F0                MOVX    @DPTR,A
015F A3                INC     DPTR
0160 EF                MOV     A,R7
0161 F0                MOVX    @DPTR,A
                                           ; SOURCE LINE # 113
0162 900000      R     MOV     DPTR,#j
0165 E0                MOVX    A,@DPTR
0166 04                INC     A
0167 F0                MOVX    @DPTR,A
                                           ; SOURCE LINE # 114
0168 900000      R     MOV     DPTR,#p_menu
016B E0                MOVX    A,@DPTR
016C FB                MOV     R3,A
016D A3                INC     DPTR
016E E0                MOVX    A,@DPTR
016F FA                MOV     R2,A
0170 A3                INC     DPTR
0171 E0                MOVX    A,@DPTR
0172 F9                MOV     R1,A
0173 900001            MOV     DPTR,#01H
0176 120000      E     LCALL   ?C?PLDOPTR
0179 900000      R     MOV     DPTR,#i
017C E0                MOVX    A,@DPTR
017D 75F009            MOV     B,#09H
0180 A4                MUL     AB
0181 F582              MOV     DPL,A
0183 85F083            MOV     DPH,B
0186 120000      E     LCALL   ?C?CLDOPTR
0189 FF                MOV     R7,A
018A 900000      R     MOV     DPTR,#j
018D E0                MOVX    A,@DPTR
018E 25E0              ADD     A,ACC
0190 2400        R     ADD     A,#LOW cmd
0192 F582              MOV     DPL,A
0194 E4                CLR     A
0195 3400        R     ADDC    A,#HIGH cmd
0197 F583              MOV     DPH,A
0199 E4                CLR     A
019A F0                MOVX    @DPTR,A
019B A3                INC     DPTR
019C EF                MOV     A,R7
019D F0                MOVX    @DPTR,A
                                           ; SOURCE LINE # 115
019E 900000      R     MOV     DPTR,#j
C51 COMPILER V9.53.0.0   TEMP                                                              11/03/2023 14:49:25 PAGE 12  

01A1 E0                MOVX    A,@DPTR
01A2 04                INC     A
01A3 F0                MOVX    @DPTR,A
                                           ; SOURCE LINE # 116
01A4 A3                INC     DPTR
01A5 E0                MOVX    A,@DPTR
01A6 04                INC     A
01A7 F0                MOVX    @DPTR,A
                                           ; SOURCE LINE # 117
                                           ; SOURCE LINE # 118
01A8         ?C0010:
01A8 900000      R     MOV     DPTR,#i
01AB E0                MOVX    A,@DPTR
01AC 04                INC     A
01AD F0                MOVX    @DPTR,A
01AE 020000      R     LJMP    ?C0008
01B1         ?C0009:
                                           ; SOURCE LINE # 119
01B1 900000      R     MOV     DPTR,#size
01B4 E0                MOVX    A,@DPTR
01B5 FF                MOV     R7,A
01B6 900000      R     MOV     DPTR,#cmd+02H
01B9 E4                CLR     A
01BA F0                MOVX    @DPTR,A
01BB A3                INC     DPTR
01BC EF                MOV     A,R7
01BD F0                MOVX    @DPTR,A
                                           ; SOURCE LINE # 120
01BE 900000      R     MOV     DPTR,#j
01C1 E0                MOVX    A,@DPTR
01C2 FD                MOV     R5,A
01C3 25E0              ADD     A,ACC
01C5 2400        R     ADD     A,#LOW cmd
01C7 F582              MOV     DPL,A
01C9 E4                CLR     A
01CA 3400        R     ADDC    A,#HIGH cmd
01CC F583              MOV     DPH,A
01CE 74FF              MOV     A,#0FFH
01D0 F0                MOVX    @DPTR,A
01D1 A3                INC     DPTR
01D2 E4                CLR     A
01D3 F0                MOVX    @DPTR,A
                                           ; SOURCE LINE # 121
01D4 900000      R     MOV     DPTR,#vp
01D7 E0                MOVX    A,@DPTR
01D8 FE                MOV     R6,A
01D9 A3                INC     DPTR
01DA E0                MOVX    A,@DPTR
01DB FF                MOV     R7,A
01DC 7B01              MOV     R3,#01H
01DE 7A00        R     MOV     R2,#HIGH cmd
01E0 7900        R     MOV     R1,#LOW cmd
01E2 900000      E     MOV     DPTR,#?_write_dgus_vp?BYTE+05H
01E5 E4                CLR     A
01E6 F0                MOVX    @DPTR,A
01E7 A3                INC     DPTR
01E8 ED                MOV     A,R5
01E9 F0                MOVX    @DPTR,A
01EA 020000      E     LJMP    _write_dgus_vp
             ; FUNCTION _draw_icons (END)

             ; FUNCTION _toggle_menu (BEGIN)
C51 COMPILER V9.53.0.0   TEMP                                                              11/03/2023 14:49:25 PAGE 13  

                                           ; SOURCE LINE # 126
0000 900000      R     MOV     DPTR,#p_menu
0003 EB                MOV     A,R3
0004 F0                MOVX    @DPTR,A
0005 A3                INC     DPTR
0006 EA                MOV     A,R2
0007 F0                MOVX    @DPTR,A
0008 A3                INC     DPTR
0009 E9                MOV     A,R1
000A F0                MOVX    @DPTR,A
                                           ; SOURCE LINE # 127
                                           ; SOURCE LINE # 128
                                           ; SOURCE LINE # 130
000B E4                CLR     A
000C 900000      R     MOV     DPTR,#start_x
000F F0                MOVX    @DPTR,A
0010 A3                INC     DPTR
0011 F0                MOVX    @DPTR,A
                                           ; SOURCE LINE # 131
0012 A3                INC     DPTR
0013 7402              MOV     A,#02H
0015 F0                MOVX    @DPTR,A
0016 A3                INC     DPTR
0017 74A0              MOV     A,#0A0H
0019 F0                MOVX    @DPTR,A
                                           ; SOURCE LINE # 132
001A E4                CLR     A
001B 900000      R     MOV     DPTR,#i
001E F0                MOVX    @DPTR,A
001F         ?C0015:
001F 900000      R     MOV     DPTR,#p_menu
0022 E0                MOVX    A,@DPTR
0023 FB                MOV     R3,A
0024 A3                INC     DPTR
0025 E0                MOVX    A,@DPTR
0026 FA                MOV     R2,A
0027 A3                INC     DPTR
0028 E0                MOVX    A,@DPTR
0029 F9                MOV     R1,A
002A 120000      E     LCALL   ?C?CLDPTR
002D FF                MOV     R7,A
002E 900000      R     MOV     DPTR,#i
0031 E0                MOVX    A,@DPTR
0032 C3                CLR     C
0033 9F                SUBB    A,R7
0034 4003              JC      $ + 5H
0036 020000      R     LJMP    ?C0016
                                           ; SOURCE LINE # 133
0039 900001            MOV     DPTR,#01H
003C 120000      E     LCALL   ?C?PLDOPTR
003F 900000      R     MOV     DPTR,#i
0042 E0                MOVX    A,@DPTR
0043 75F009            MOV     B,#09H
0046 A4                MUL     AB
0047 F582              MOV     DPL,A
0049 85F083            MOV     DPH,B
004C 120000      E     LCALL   ?C?CLDOPTR
004F F9                MOV     R1,A
0050 E4                CLR     A
0051 7F01              MOV     R7,#01H
0053 FE                MOV     R6,A
0054 FD                MOV     R5,A
C51 COMPILER V9.53.0.0   TEMP                                                              11/03/2023 14:49:25 PAGE 14  

0055 FC                MOV     R4,A
0056 A801              MOV     R0,AR1
0058 120000      E     LCALL   ?C?LSHL
005B 7800        R     MOV     R0,#LOW active_items_bm
005D 120000      E     LCALL   ?C?LLDIDATA0
0060 EF                MOV     A,R7
0061 5B                ANL     A,R3
0062 FF                MOV     R7,A
0063 EE                MOV     A,R6
0064 5A                ANL     A,R2
0065 FE                MOV     R6,A
0066 ED                MOV     A,R5
0067 59                ANL     A,R1
0068 FD                MOV     R5,A
0069 EC                MOV     A,R4
006A 58                ANL     A,R0
006B FC                MOV     R4,A
006C E4                CLR     A
006D FB                MOV     R3,A
006E FA                MOV     R2,A
006F F9                MOV     R1,A
0070 F8                MOV     R0,A
0071 C3                CLR     C
0072 120000      E     LCALL   ?C?ULCMP
0075 7003              JNZ     $ + 5H
0077 020000      R     LJMP    ?C0017
                                           ; SOURCE LINE # 134
007A 900000      R     MOV     DPTR,#start_x
007D E0                MOVX    A,@DPTR
007E FC                MOV     R4,A
007F A3                INC     DPTR
0080 E0                MOVX    A,@DPTR
0081 FD                MOV     R5,A
0082 900000      R     MOV     DPTR,#p_menu
0085 E0                MOVX    A,@DPTR
0086 FB                MOV     R3,A
0087 A3                INC     DPTR
0088 E0                MOVX    A,@DPTR
0089 FA                MOV     R2,A
008A A3                INC     DPTR
008B E0                MOVX    A,@DPTR
008C F9                MOV     R1,A
008D 900001            MOV     DPTR,#01H
0090 120000      E     LCALL   ?C?PLDOPTR
0093 900000      R     MOV     DPTR,#i
0096 E0                MOVX    A,@DPTR
0097 75F009            MOV     B,#09H
009A A4                MUL     AB
009B FF                MOV     R7,A
009C AEF0              MOV     R6,B
009E 29                ADD     A,R1
009F F9                MOV     R1,A
00A0 EA                MOV     A,R2
00A1 3E                ADDC    A,R6
00A2 FA                MOV     R2,A
00A3 900001            MOV     DPTR,#01H
00A6 EC                MOV     A,R4
00A7 8DF0              MOV     B,R5
00A9 120000      E     LCALL   ?C?ISTOPTR
                                           ; SOURCE LINE # 135
00AC 900000      R     MOV     DPTR,#start_y
00AF E0                MOVX    A,@DPTR
C51 COMPILER V9.53.0.0   TEMP                                                              11/03/2023 14:49:25 PAGE 15  

00B0 FC                MOV     R4,A
00B1 A3                INC     DPTR
00B2 E0                MOVX    A,@DPTR
00B3 FD                MOV     R5,A
00B4 900000      R     MOV     DPTR,#p_menu
00B7 E0                MOVX    A,@DPTR
00B8 FB                MOV     R3,A
00B9 A3                INC     DPTR
00BA E0                MOVX    A,@DPTR
00BB FA                MOV     R2,A
00BC A3                INC     DPTR
00BD E0                MOVX    A,@DPTR
00BE F9                MOV     R1,A
00BF 900001            MOV     DPTR,#01H
00C2 120000      E     LCALL   ?C?PLDOPTR
00C5 E9                MOV     A,R1
00C6 2F                ADD     A,R7
00C7 F9                MOV     R1,A
00C8 EA                MOV     A,R2
00C9 3E                ADDC    A,R6
00CA FA                MOV     R2,A
00CB 900003            MOV     DPTR,#03H
00CE EC                MOV     A,R4
00CF 8DF0              MOV     B,R5
00D1 120000      E     LCALL   ?C?ISTOPTR
                                           ; SOURCE LINE # 136
00D4 900000      R     MOV     DPTR,#icon_rect_sz
00D7 E4                CLR     A
00D8 93                MOVC    A,@A+DPTR
00D9 FE                MOV     R6,A
00DA 7401              MOV     A,#01H
00DC 93                MOVC    A,@A+DPTR
00DD FF                MOV     R7,A
00DE 900000      R     MOV     DPTR,#start_x+01H
00E1 E0                MOVX    A,@DPTR
00E2 2F                ADD     A,R7
00E3 FD                MOV     R5,A
00E4 900000      R     MOV     DPTR,#start_x
00E7 E0                MOVX    A,@DPTR
00E8 3E                ADDC    A,R6
00E9 FC                MOV     R4,A
00EA 900000      R     MOV     DPTR,#p_menu
00ED E0                MOVX    A,@DPTR
00EE FB                MOV     R3,A
00EF A3                INC     DPTR
00F0 E0                MOVX    A,@DPTR
00F1 FA                MOV     R2,A
00F2 A3                INC     DPTR
00F3 E0                MOVX    A,@DPTR
00F4 F9                MOV     R1,A
00F5 900001            MOV     DPTR,#01H
00F8 120000      E     LCALL   ?C?PLDOPTR
00FB 900000      R     MOV     DPTR,#i
00FE E0                MOVX    A,@DPTR
00FF 75F009            MOV     B,#09H
0102 A4                MUL     AB
0103 29                ADD     A,R1
0104 F9                MOV     R1,A
0105 EA                MOV     A,R2
0106 35F0              ADDC    A,B
0108 FA                MOV     R2,A
0109 900005            MOV     DPTR,#05H
C51 COMPILER V9.53.0.0   TEMP                                                              11/03/2023 14:49:25 PAGE 16  

010C EC                MOV     A,R4
010D 8DF0              MOV     B,R5
010F 120000      E     LCALL   ?C?ISTOPTR
                                           ; SOURCE LINE # 137
0112 900000      R     MOV     DPTR,#icon_rect_sz
0115 E4                CLR     A
0116 93                MOVC    A,@A+DPTR
0117 FE                MOV     R6,A
0118 7401              MOV     A,#01H
011A 93                MOVC    A,@A+DPTR
011B FF                MOV     R7,A
011C 900000      R     MOV     DPTR,#start_y+01H
011F E0                MOVX    A,@DPTR
0120 2F                ADD     A,R7
0121 FD                MOV     R5,A
0122 900000      R     MOV     DPTR,#start_y
0125 E0                MOVX    A,@DPTR
0126 3E                ADDC    A,R6
0127 FC                MOV     R4,A
0128 900000      R     MOV     DPTR,#p_menu
012B E0                MOVX    A,@DPTR
012C FB                MOV     R3,A
012D A3                INC     DPTR
012E E0                MOVX    A,@DPTR
012F FA                MOV     R2,A
0130 A3                INC     DPTR
0131 E0                MOVX    A,@DPTR
0132 F9                MOV     R1,A
0133 900001            MOV     DPTR,#01H
0136 120000      E     LCALL   ?C?PLDOPTR
0139 900000      R     MOV     DPTR,#i
013C E0                MOVX    A,@DPTR
013D 75F009            MOV     B,#09H
0140 A4                MUL     AB
0141 29                ADD     A,R1
0142 F9                MOV     R1,A
0143 EA                MOV     A,R2
0144 35F0              ADDC    A,B
0146 FA                MOV     R2,A
0147 900007            MOV     DPTR,#07H
014A EC                MOV     A,R4
014B 8DF0              MOV     B,R5
014D 120000      E     LCALL   ?C?ISTOPTR
                                           ; SOURCE LINE # 138
0150 900000      R     MOV     DPTR,#start_x+01H
0153 E0                MOVX    A,@DPTR
0154 2480              ADD     A,#080H
0156 F0                MOVX    @DPTR,A
0157 900000      R     MOV     DPTR,#start_x
015A E0                MOVX    A,@DPTR
015B 3400              ADDC    A,#00H
015D F0                MOVX    @DPTR,A
                                           ; SOURCE LINE # 139
                                           ; SOURCE LINE # 141
015E         ?C0017:
015E 900000      R     MOV     DPTR,#i
0161 E0                MOVX    A,@DPTR
0162 04                INC     A
0163 F0                MOVX    @DPTR,A
0164 020000      R     LJMP    ?C0015
0167         ?C0016:
                                           ; SOURCE LINE # 142
C51 COMPILER V9.53.0.0   TEMP                                                              11/03/2023 14:49:25 PAGE 17  

                                           ; SOURCE LINE # 144
0167 900000      R     MOV     DPTR,#p_menu
016A E0                MOVX    A,@DPTR
016B F9                MOV     R1,A
016C A3                INC     DPTR
016D E0                MOVX    A,@DPTR
016E FA                MOV     R2,A
016F A3                INC     DPTR
0170 E0                MOVX    A,@DPTR
0171 900000      R     MOV     DPTR,#cur_menu
0174 C9                XCH     A,R1
0175 F0                MOVX    @DPTR,A
0176 A3                INC     DPTR
0177 EA                MOV     A,R2
0178 F0                MOVX    @DPTR,A
0179 A3                INC     DPTR
017A E9                MOV     A,R1
017B F0                MOVX    @DPTR,A
                                           ; SOURCE LINE # 145
017C 900000      R     MOV     DPTR,#p_menu
017F E0                MOVX    A,@DPTR
0180 FB                MOV     R3,A
0181 A3                INC     DPTR
0182 A3                INC     DPTR
0183 E0                MOVX    A,@DPTR
0184 F9                MOV     R1,A
0185 7F00              MOV     R7,#00H
0187 7E90              MOV     R6,#090H
0189 020000      R     LJMP    _draw_icons
             ; FUNCTION _toggle_menu (END)

             ; FUNCTION draw_bottom_menu (BEGIN)
                                           ; SOURCE LINE # 149
                                           ; SOURCE LINE # 150
                                           ; SOURCE LINE # 151
0000 120000      R     LCALL   gui_init
                                           ; SOURCE LINE # 152
0003 7BFF              MOV     R3,#0FFH
0005 7A00        R     MOV     R2,#HIGH arr_of_menus
0007 7900        R     MOV     R1,#LOW arr_of_menus
0009 020000      R     LJMP    _toggle_menu
             ; FUNCTION draw_bottom_menu (END)

             ; FUNCTION _bottom_level_controls (BEGIN)
                                           ; SOURCE LINE # 155
0000 900000      R     MOV     DPTR,#select
0003 EF                MOV     A,R7
0004 F0                MOVX    @DPTR,A
                                           ; SOURCE LINE # 156
                                           ; SOURCE LINE # 158
0005 E0                MOVX    A,@DPTR
0006 75F006            MOV     B,#06H
0009 A4                MUL     AB
000A 2400        R     ADD     A,#LOW arr_of_menus+06H
000C F9                MOV     R1,A
000D 7400        R     MOV     A,#HIGH arr_of_menus+06H
000F 35F0              ADDC    A,B
0011 FA                MOV     R2,A
0012 A3                INC     DPTR
0013 74FF              MOV     A,#0FFH
0015 F0                MOVX    @DPTR,A
0016 A3                INC     DPTR
C51 COMPILER V9.53.0.0   TEMP                                                              11/03/2023 14:49:25 PAGE 18  

0017 EA                MOV     A,R2
0018 F0                MOVX    @DPTR,A
0019 A3                INC     DPTR
001A E9                MOV     A,R1
001B F0                MOVX    @DPTR,A
                                           ; SOURCE LINE # 159
                                           ; SOURCE LINE # 161
001C 900000      R     MOV     DPTR,#last_selected_menu_item
001F E0                MOVX    A,@DPTR
0020 75F080            MOV     B,#080H
0023 A4                MUL     AB
0024 FF                MOV     R7,A
0025 900000      R     MOV     DPTR,#start_x
0028 E5F0              MOV     A,B
002A F0                MOVX    @DPTR,A
002B A3                INC     DPTR
002C EF                MOV     A,R7
002D F0                MOVX    @DPTR,A
                                           ; SOURCE LINE # 162
002E A3                INC     DPTR
002F 7402              MOV     A,#02H
0031 F0                MOVX    @DPTR,A
0032 A3                INC     DPTR
0033 7420              MOV     A,#020H
0035 F0                MOVX    @DPTR,A
                                           ; SOURCE LINE # 163
0036 E4                CLR     A
0037 900000      R     MOV     DPTR,#i
003A F0                MOVX    @DPTR,A
003B         ?C0021:
003B 900000      R     MOV     DPTR,#p_menu
003E E0                MOVX    A,@DPTR
003F FB                MOV     R3,A
0040 A3                INC     DPTR
0041 E0                MOVX    A,@DPTR
0042 FA                MOV     R2,A
0043 A3                INC     DPTR
0044 E0                MOVX    A,@DPTR
0045 F9                MOV     R1,A
0046 120000      E     LCALL   ?C?CLDPTR
0049 FF                MOV     R7,A
004A 900000      R     MOV     DPTR,#i
004D E0                MOVX    A,@DPTR
004E C3                CLR     C
004F 9F                SUBB    A,R7
0050 4003              JC      $ + 5H
0052 020000      R     LJMP    ?C0022
                                           ; SOURCE LINE # 164
0055 900001            MOV     DPTR,#01H
0058 120000      E     LCALL   ?C?PLDOPTR
005B 900000      R     MOV     DPTR,#i
005E E0                MOVX    A,@DPTR
005F 75F009            MOV     B,#09H
0062 A4                MUL     AB
0063 F582              MOV     DPL,A
0065 85F083            MOV     DPH,B
0068 120000      E     LCALL   ?C?CLDOPTR
006B F9                MOV     R1,A
006C E4                CLR     A
006D 7F01              MOV     R7,#01H
006F FE                MOV     R6,A
0070 FD                MOV     R5,A
C51 COMPILER V9.53.0.0   TEMP                                                              11/03/2023 14:49:25 PAGE 19  

0071 FC                MOV     R4,A
0072 A801              MOV     R0,AR1
0074 120000      E     LCALL   ?C?LSHL
0077 7800        R     MOV     R0,#LOW active_items_bm
0079 120000      E     LCALL   ?C?LLDIDATA0
007C EF                MOV     A,R7
007D 5B                ANL     A,R3
007E FF                MOV     R7,A
007F EE                MOV     A,R6
0080 5A                ANL     A,R2
0081 FE                MOV     R6,A
0082 ED                MOV     A,R5
0083 59                ANL     A,R1
0084 FD                MOV     R5,A
0085 EC                MOV     A,R4
0086 58                ANL     A,R0
0087 FC                MOV     R4,A
0088 E4                CLR     A
0089 FB                MOV     R3,A
008A FA                MOV     R2,A
008B F9                MOV     R1,A
008C F8                MOV     R0,A
008D C3                CLR     C
008E 120000      E     LCALL   ?C?ULCMP
0091 7003              JNZ     $ + 5H
0093 020000      R     LJMP    ?C0023
                                           ; SOURCE LINE # 166
0096 900000      R     MOV     DPTR,#p_menu
0099 E0                MOVX    A,@DPTR
009A FB                MOV     R3,A
009B A3                INC     DPTR
009C E0                MOVX    A,@DPTR
009D FA                MOV     R2,A
009E A3                INC     DPTR
009F E0                MOVX    A,@DPTR
00A0 F9                MOV     R1,A
00A1 900001            MOV     DPTR,#01H
00A4 120000      E     LCALL   ?C?PLDOPTR
00A7 900000      R     MOV     DPTR,#i
00AA E0                MOVX    A,@DPTR
00AB 75F009            MOV     B,#09H
00AE A4                MUL     AB
00AF F582              MOV     DPL,A
00B1 85F083            MOV     DPH,B
00B4 120000      E     LCALL   ?C?CLDOPTR
00B7 FF                MOV     R7,A
00B8 900000      R     MOV     DPTR,#arr_of_menus+01H
00BB E4                CLR     A
00BC 93                MOVC    A,@A+DPTR
00BD FB                MOV     R3,A
00BE 7401              MOV     A,#01H
00C0 93                MOVC    A,@A+DPTR
00C1 FA                MOV     R2,A
00C2 7402              MOV     A,#02H
00C4 93                MOVC    A,@A+DPTR
00C5 F9                MOV     R1,A
00C6 900000      R     MOV     DPTR,#select
00C9 E0                MOVX    A,@DPTR
00CA 75F009            MOV     B,#09H
00CD A4                MUL     AB
00CE F582              MOV     DPL,A
00D0 85F083            MOV     DPH,B
C51 COMPILER V9.53.0.0   TEMP                                                              11/03/2023 14:49:25 PAGE 20  

00D3 120000      E     LCALL   ?C?CLDOPTR
00D6 6F                XRL     A,R7
00D7 7003              JNZ     $ + 5H
00D9 020000      R     LJMP    ?C0023
                                           ; SOURCE LINE # 167
                                           ; SOURCE LINE # 169
                                           ; SOURCE LINE # 170
00DC         ?C0025:
                                           ; SOURCE LINE # 171
00DC 900000      R     MOV     DPTR,#start_x
00DF E0                MOVX    A,@DPTR
00E0 FC                MOV     R4,A
00E1 A3                INC     DPTR
00E2 E0                MOVX    A,@DPTR
00E3 FD                MOV     R5,A
00E4 900000      R     MOV     DPTR,#p_menu
00E7 E0                MOVX    A,@DPTR
00E8 FB                MOV     R3,A
00E9 A3                INC     DPTR
00EA E0                MOVX    A,@DPTR
00EB FA                MOV     R2,A
00EC A3                INC     DPTR
00ED E0                MOVX    A,@DPTR
00EE F9                MOV     R1,A
00EF 900001            MOV     DPTR,#01H
00F2 120000      E     LCALL   ?C?PLDOPTR
00F5 900000      R     MOV     DPTR,#i
00F8 E0                MOVX    A,@DPTR
00F9 75F009            MOV     B,#09H
00FC A4                MUL     AB
00FD FF                MOV     R7,A
00FE AEF0              MOV     R6,B
0100 29                ADD     A,R1
0101 F9                MOV     R1,A
0102 EA                MOV     A,R2
0103 3E                ADDC    A,R6
0104 FA                MOV     R2,A
0105 900001            MOV     DPTR,#01H
0108 EC                MOV     A,R4
0109 8DF0              MOV     B,R5
010B 120000      E     LCALL   ?C?ISTOPTR
                                           ; SOURCE LINE # 172
010E 900000      R     MOV     DPTR,#start_y
0111 E0                MOVX    A,@DPTR
0112 FC                MOV     R4,A
0113 A3                INC     DPTR
0114 E0                MOVX    A,@DPTR
0115 FD                MOV     R5,A
0116 900000      R     MOV     DPTR,#p_menu
0119 E0                MOVX    A,@DPTR
011A FB                MOV     R3,A
011B A3                INC     DPTR
011C E0                MOVX    A,@DPTR
011D FA                MOV     R2,A
011E A3                INC     DPTR
011F E0                MOVX    A,@DPTR
0120 F9                MOV     R1,A
0121 900001            MOV     DPTR,#01H
0124 120000      E     LCALL   ?C?PLDOPTR
0127 E9                MOV     A,R1
0128 2F                ADD     A,R7
0129 F9                MOV     R1,A
C51 COMPILER V9.53.0.0   TEMP                                                              11/03/2023 14:49:25 PAGE 21  

012A EA                MOV     A,R2
012B 3E                ADDC    A,R6
012C FA                MOV     R2,A
012D 900003            MOV     DPTR,#03H
0130 EC                MOV     A,R4
0131 8DF0              MOV     B,R5
0133 120000      E     LCALL   ?C?ISTOPTR
                                           ; SOURCE LINE # 173
0136 900000      R     MOV     DPTR,#icon_rect_sz
0139 E4                CLR     A
013A 93                MOVC    A,@A+DPTR
013B FE                MOV     R6,A
013C 7401              MOV     A,#01H
013E 93                MOVC    A,@A+DPTR
013F FF                MOV     R7,A
0140 900000      R     MOV     DPTR,#start_x+01H
0143 E0                MOVX    A,@DPTR
0144 2F                ADD     A,R7
0145 FD                MOV     R5,A
0146 900000      R     MOV     DPTR,#start_x
0149 E0                MOVX    A,@DPTR
014A 3E                ADDC    A,R6
014B FC                MOV     R4,A
014C 900000      R     MOV     DPTR,#p_menu
014F E0                MOVX    A,@DPTR
0150 FB                MOV     R3,A
0151 A3                INC     DPTR
0152 E0                MOVX    A,@DPTR
0153 FA                MOV     R2,A
0154 A3                INC     DPTR
0155 E0                MOVX    A,@DPTR
0156 F9                MOV     R1,A
0157 900001            MOV     DPTR,#01H
015A 120000      E     LCALL   ?C?PLDOPTR
015D 900000      R     MOV     DPTR,#i
0160 E0                MOVX    A,@DPTR
0161 75F009            MOV     B,#09H
0164 A4                MUL     AB
0165 29                ADD     A,R1
0166 F9                MOV     R1,A
0167 EA                MOV     A,R2
0168 35F0              ADDC    A,B
016A FA                MOV     R2,A
016B 900005            MOV     DPTR,#05H
016E EC                MOV     A,R4
016F 8DF0              MOV     B,R5
0171 120000      E     LCALL   ?C?ISTOPTR
                                           ; SOURCE LINE # 174
0174 900000      R     MOV     DPTR,#icon_rect_sz
0177 E4                CLR     A
0178 93                MOVC    A,@A+DPTR
0179 FE                MOV     R6,A
017A 7401              MOV     A,#01H
017C 93                MOVC    A,@A+DPTR
017D FF                MOV     R7,A
017E 900000      R     MOV     DPTR,#start_y+01H
0181 E0                MOVX    A,@DPTR
0182 2F                ADD     A,R7
0183 FD                MOV     R5,A
0184 900000      R     MOV     DPTR,#start_y
0187 E0                MOVX    A,@DPTR
0188 3E                ADDC    A,R6
C51 COMPILER V9.53.0.0   TEMP                                                              11/03/2023 14:49:25 PAGE 22  

0189 FC                MOV     R4,A
018A 900000      R     MOV     DPTR,#p_menu
018D E0                MOVX    A,@DPTR
018E FB                MOV     R3,A
018F A3                INC     DPTR
0190 E0                MOVX    A,@DPTR
0191 FA                MOV     R2,A
0192 A3                INC     DPTR
0193 E0                MOVX    A,@DPTR
0194 F9                MOV     R1,A
0195 900001            MOV     DPTR,#01H
0198 120000      E     LCALL   ?C?PLDOPTR
019B 900000      R     MOV     DPTR,#i
019E E0                MOVX    A,@DPTR
019F 75F009            MOV     B,#09H
01A2 A4                MUL     AB
01A3 29                ADD     A,R1
01A4 F9                MOV     R1,A
01A5 EA                MOV     A,R2
01A6 35F0              ADDC    A,B
01A8 FA                MOV     R2,A
01A9 900007            MOV     DPTR,#07H
01AC EC                MOV     A,R4
01AD 8DF0              MOV     B,R5
01AF 120000      E     LCALL   ?C?ISTOPTR
                                           ; SOURCE LINE # 175
01B2 900000      R     MOV     DPTR,#start_y+01H
01B5 E0                MOVX    A,@DPTR
01B6 2480              ADD     A,#080H
01B8 F0                MOVX    @DPTR,A
01B9 900000      R     MOV     DPTR,#start_y
01BC E0                MOVX    A,@DPTR
01BD 34FF              ADDC    A,#0FFH
01BF F0                MOVX    @DPTR,A
                                           ; SOURCE LINE # 176
                                           ; SOURCE LINE # 179
01C0         ?C0023:
01C0 900000      R     MOV     DPTR,#i
01C3 E0                MOVX    A,@DPTR
01C4 04                INC     A
01C5 F0                MOVX    @DPTR,A
01C6 020000      R     LJMP    ?C0021
01C9         ?C0022:
                                           ; SOURCE LINE # 180
01C9 900000      R     MOV     DPTR,#p_menu
01CC E0                MOVX    A,@DPTR
01CD F9                MOV     R1,A
01CE A3                INC     DPTR
01CF E0                MOVX    A,@DPTR
01D0 FA                MOV     R2,A
01D1 A3                INC     DPTR
01D2 E0                MOVX    A,@DPTR
01D3 900000      R     MOV     DPTR,#cur_menu
01D6 C9                XCH     A,R1
01D7 F0                MOVX    @DPTR,A
01D8 A3                INC     DPTR
01D9 EA                MOV     A,R2
01DA F0                MOVX    @DPTR,A
01DB A3                INC     DPTR
01DC E9                MOV     A,R1
01DD F0                MOVX    @DPTR,A
                                           ; SOURCE LINE # 181
C51 COMPILER V9.53.0.0   TEMP                                                              11/03/2023 14:49:25 PAGE 23  

01DE 900000      R     MOV     DPTR,#p_menu
01E1 E0                MOVX    A,@DPTR
01E2 FB                MOV     R3,A
01E3 A3                INC     DPTR
01E4 A3                INC     DPTR
01E5 E0                MOVX    A,@DPTR
01E6 F9                MOV     R1,A
01E7 7F00              MOV     R7,#00H
01E9 7E95              MOV     R6,#095H
01EB 020000      R     LJMP    _draw_icons
             ; FUNCTION _bottom_level_controls (END)

             ; FUNCTION _welding_mode_controls (BEGIN)
                                           ; SOURCE LINE # 189
0000 900000      R     MOV     DPTR,#select
0003 EF                MOV     A,R7
0004 F0                MOVX    @DPTR,A
                                           ; SOURCE LINE # 190
                                           ; SOURCE LINE # 191
                                           ; SOURCE LINE # 192
0005 E4                CLR     A
0006 A3                INC     DPTR
0007 F0                MOVX    @DPTR,A
0008 A3                INC     DPTR
0009 F0                MOVX    @DPTR,A
                                           ; SOURCE LINE # 193
000A 7B01              MOV     R3,#01H
000C 7A00        R     MOV     R2,#HIGH tmp
000E 7900        R     MOV     R1,#LOW tmp
0010 900000      E     MOV     DPTR,#?_write_dgus_vp?BYTE+05H
0013 F0                MOVX    @DPTR,A
0014 A3                INC     DPTR
0015 04                INC     A
0016 F0                MOVX    @DPTR,A
0017 7F00              MOV     R7,#00H
0019 7E95              MOV     R6,#095H
001B 120000      E     LCALL   _write_dgus_vp
                                           ; SOURCE LINE # 194
                                           ; SOURCE LINE # 196
001E 900000      R     MOV     DPTR,#cur_menu
0021 E0                MOVX    A,@DPTR
0022 FB                MOV     R3,A
0023 A3                INC     DPTR
0024 E0                MOVX    A,@DPTR
0025 FA                MOV     R2,A
0026 A3                INC     DPTR
0027 E0                MOVX    A,@DPTR
0028 F9                MOV     R1,A
0029 900001            MOV     DPTR,#01H
002C 120000      E     LCALL   ?C?PLDOPTR
002F 900000      R     MOV     DPTR,#select
0032 E0                MOVX    A,@DPTR
0033 75F009            MOV     B,#09H
0036 A4                MUL     AB
0037 F582              MOV     DPL,A
0039 85F083            MOV     DPH,B
003C 120000      E     LCALL   ?C?CLDOPTR
003F 14                DEC     A
0040 6011              JZ      ?C0030
0042 14                DEC     A
0043 6009              JZ      ?C0029
0045 2402              ADD     A,#02H
C51 COMPILER V9.53.0.0   TEMP                                                              11/03/2023 14:49:25 PAGE 24  

0047 7015              JNZ     ?C0027
                                           ; SOURCE LINE # 197
                                           ; SOURCE LINE # 198
0049         ?C0028:
                                           ; SOURCE LINE # 199
                                           ; SOURCE LINE # 200
0049 900000      R     MOV     DPTR,#active_items_bm_tig
                                           ; SOURCE LINE # 201
004C 8008              SJMP    ?C0035
                                           ; SOURCE LINE # 202
                                           ; SOURCE LINE # 203
004E         ?C0029:
                                           ; SOURCE LINE # 204
                                           ; SOURCE LINE # 205
004E 900000      R     MOV     DPTR,#active_items_bm_mma
0051         ?C0034:
                                           ; SOURCE LINE # 206
0051 8003              SJMP    ?C0035
                                           ; SOURCE LINE # 207
                                           ; SOURCE LINE # 208
0053         ?C0030:
                                           ; SOURCE LINE # 209
                                           ; SOURCE LINE # 210
0053 900000      R     MOV     DPTR,#active_items_bm_tig_spot
0056         ?C0035:
0056 120000      E     LCALL   ?C?LLDCODE
0059 7800        R     MOV     R0,#LOW active_items_bm
005B 120000      E     LCALL   ?C?LSTIDATA
                                           ; SOURCE LINE # 211
                                           ; SOURCE LINE # 212
                                           ; SOURCE LINE # 214
                                           ; SOURCE LINE # 215
                                           ; SOURCE LINE # 216
005E         ?C0027:
                                           ; SOURCE LINE # 218
005E 900000      R     MOV     DPTR,#cur_menu
0061 E0                MOVX    A,@DPTR
0062 FB                MOV     R3,A
0063 A3                INC     DPTR
0064 E0                MOVX    A,@DPTR
0065 FA                MOV     R2,A
0066 A3                INC     DPTR
0067 E0                MOVX    A,@DPTR
0068 F9                MOV     R1,A
0069 900001            MOV     DPTR,#01H
006C 120000      E     LCALL   ?C?PLDOPTR
006F 900000      R     MOV     DPTR,#select
0072 E0                MOVX    A,@DPTR
0073 75F009            MOV     B,#09H
0076 A4                MUL     AB
0077 F582              MOV     DPL,A
0079 85F083            MOV     DPH,B
007C 120000      E     LCALL   ?C?CLDOPTR
007F FF                MOV     R7,A
0080 900000      R     MOV     DPTR,#arr_of_menus+01H
0083 E4                CLR     A
0084 93                MOVC    A,@A+DPTR
0085 FB                MOV     R3,A
0086 7401              MOV     A,#01H
0088 93                MOVC    A,@A+DPTR
0089 FA                MOV     R2,A
008A 7402              MOV     A,#02H
C51 COMPILER V9.53.0.0   TEMP                                                              11/03/2023 14:49:25 PAGE 25  

008C 93                MOVC    A,@A+DPTR
008D F9                MOV     R1,A
008E 900000      R     MOV     DPTR,#prev_menu_item
0091 E0                MOVX    A,@DPTR
0092 75F009            MOV     B,#09H
0095 A4                MUL     AB
0096 F582              MOV     DPL,A
0098 85F083            MOV     DPH,B
009B EF                MOV     A,R7
009C 120000      E     LCALL   ?C?CSTOPTR
                                           ; SOURCE LINE # 219
009F 7BFF              MOV     R3,#0FFH
00A1 7A00        R     MOV     R2,#HIGH arr_of_menus
00A3 7900        R     MOV     R1,#LOW arr_of_menus
00A5 020000      R     LJMP    _toggle_menu
             ; FUNCTION _welding_mode_controls (END)

C51 COMPILER V9.53.0.0   TEMP                                                              11/03/2023 14:49:25 PAGE 26  

NAME                                    CLASS   MSPACE  TYPE    OFFSET  SIZE
====                                    =====   ======  ====    ======  ====


polarity_items . . . . . . . . . . . .  PUBLIC   XDATA  ARRAY    0000H  36
EIID_AC. . . . . . . . . . . . . . . .  E_CONST  -----  U_CHAR   -----  1
electrode_d. . . . . . . . . . . . . .  PUBLIC   CODE   ARRAY    001CH  6
EIID_D_10. . . . . . . . . . . . . . .  E_CONST  -----  U_CHAR   -----  1
EIID_H2O_OFF . . . . . . . . . . . . .  E_CONST  -----  U_CHAR   -----  1
EIID_D_20. . . . . . . . . . . . . . .  E_CONST  -----  U_CHAR   -----  1
EIID_2T. . . . . . . . . . . . . . . .  E_CONST  -----  U_CHAR   -----  1
EIID_D_40. . . . . . . . . . . . . . .  E_CONST  -----  U_CHAR   -----  1
EIID_4T. . . . . . . . . . . . . . . .  E_CONST  -----  U_CHAR   -----  1
active_items_bm_tig_spot . . . . . . .  PUBLIC   CODE   U_LONG   005EH  4
EIID_D_32. . . . . . . . . . . . . . .  E_CONST  -----  U_CHAR   -----  1
EIID_PULSE_ON. . . . . . . . . . . . .  E_CONST  -----  U_CHAR   -----  1
EIID_D_24. . . . . . . . . . . . . . .  E_CONST  -----  U_CHAR   -----  1
electrode_d_items. . . . . . . . . . .  PUBLIC   XDATA  ARRAY    0024H  54
EIID_D_16. . . . . . . . . . . . . . .  E_CONST  -----  U_CHAR   -----  1
arr_of_menus . . . . . . . . . . . . .  PUBLIC   CODE   ARRAY    0024H  54
EIID_TIG_SPOT. . . . . . . . . . . . .  E_CONST  -----  U_CHAR   -----  1
icon_rect_sz . . . . . . . . . . . . .  PUBLIC   CODE   U_INT    0000H  2
EIID_HF. . . . . . . . . . . . . . . .  E_CONST  -----  U_CHAR   -----  1
ignition_type. . . . . . . . . . . . .  PUBLIC   CODE   ARRAY    0014H  2
menu_t . . . . . . . . . . . . . . . .  TYPEDEF  -----  STRUCT   -----  6
  size . . . . . . . . . . . . . . . .  MEMBER   -----  U_CHAR   0000H  1
  items. . . . . . . . . . . . . . . .  MEMBER   -----  PTR      0001H  3
  func . . . . . . . . . . . . . . . .  MEMBER   -----  PTR      0004H  2
_write_dgus_vp . . . . . . . . . . . .  EXTERN   CODE   PROC     -----  -----
last_selected_menu_item. . . . . . . .  PUBLIC   XDATA  U_CHAR   005AH  1
ignition_type_items. . . . . . . . . .  PUBLIC   XDATA  ARRAY    005BH  18
size_t . . . . . . . . . . . . . . . .  TYPEDEF  -----  U_INT    -----  2
bottom . . . . . . . . . . . . . . . .  PUBLIC   CODE   ARRAY    0002H  8
_toggle_menu . . . . . . . . . . . . .  PUBLIC   CODE   PROC     0000H  -----
  p_menu . . . . . . . . . . . . . . .  AUTO     XDATA  PTR      0000H  3
  i. . . . . . . . . . . . . . . . . .  AUTO     XDATA  U_CHAR   0003H  1
  start_x. . . . . . . . . . . . . . .  AUTO     XDATA  U_INT    0004H  2
  start_y. . . . . . . . . . . . . . .  AUTO     XDATA  U_INT    0006H  2
menu_item_t. . . . . . . . . . . . . .  TYPEDEF  -----  STRUCT   -----  9
  ico. . . . . . . . . . . . . . . . .  MEMBER   -----  U_CHAR   0000H  1
  r. . . . . . . . . . . . . . . . . .  MEMBER   -----  STRUCT   0001H  8
bottom_items . . . . . . . . . . . . .  PUBLIC   XDATA  ARRAY    006DH  72
EIID_NO_ICON . . . . . . . . . . . . .  E_CONST  -----  U_CHAR   -----  1
wave_shape . . . . . . . . . . . . . .  PUBLIC   CODE   ARRAY    0018H  4
EIID_DC_PLUS . . . . . . . . . . . . .  E_CONST  -----  U_CHAR   -----  1
EIID_4T_PLUS . . . . . . . . . . . . .  E_CONST  -----  U_CHAR   -----  1
MSPIFLASH. . . . . . . . . . . . . . .  TYPEDEF  -----  STRUCT   -----  16
  Mode . . . . . . . . . . . . . . . .  MEMBER   -----  U_CHAR   0000H  1
  ID . . . . . . . . . . . . . . . . .  MEMBER   -----  U_INT    0001H  2
  FLAddr . . . . . . . . . . . . . . .  MEMBER   -----  U_LONG   0003H  4
  VPAddr . . . . . . . . . . . . . . .  MEMBER   -----  U_INT    0007H  2
  Len. . . . . . . . . . . . . . . . .  MEMBER   -----  U_INT    0009H  2
  Buf. . . . . . . . . . . . . . . . .  MEMBER   -----  PTR      000BH  3
  Delay. . . . . . . . . . . . . . . .  MEMBER   -----  U_INT    000EH  2
_mSPIFLASH . . . . . . . . . . . . . .  * TAG *  -----  STRUCT   -----  16
  Mode . . . . . . . . . . . . . . . .  MEMBER   -----  U_CHAR   0000H  1
  ID . . . . . . . . . . . . . . . . .  MEMBER   -----  U_INT    0001H  2
  FLAddr . . . . . . . . . . . . . . .  MEMBER   -----  U_LONG   0003H  4
  VPAddr . . . . . . . . . . . . . . .  MEMBER   -----  U_INT    0007H  2
  Len. . . . . . . . . . . . . . . . .  MEMBER   -----  U_INT    0009H  2
  Buf. . . . . . . . . . . . . . . . .  MEMBER   -----  PTR      000BH  3
C51 COMPILER V9.53.0.0   TEMP                                                              11/03/2023 14:49:25 PAGE 27  

NAME                                    CLASS   MSPACE  TYPE    OFFSET  SIZE
====                                    =====   ======  ====    ======  ====


  Delay. . . . . . . . . . . . . . . .  MEMBER   -----  U_INT    000EH  2
s8 . . . . . . . . . . . . . . . . . .  TYPEDEF  -----  CHAR     -----  1
EIID_RECT. . . . . . . . . . . . . . .  E_CONST  -----  U_CHAR   -----  1
EIID_LIFT. . . . . . . . . . . . . . .  E_CONST  -----  U_CHAR   -----  1
u8 . . . . . . . . . . . . . . . . . .  TYPEDEF  -----  U_CHAR   -----  1
MNORFLASH. . . . . . . . . . . . . . .  TYPEDEF  -----  STRUCT   -----  12
  Mode . . . . . . . . . . . . . . . .  MEMBER   -----  U_CHAR   0000H  1
  FLAddr . . . . . . . . . . . . . . .  MEMBER   -----  U_LONG   0001H  4
  VPAddr . . . . . . . . . . . . . . .  MEMBER   -----  U_INT    0005H  2
  Len. . . . . . . . . . . . . . . . .  MEMBER   -----  U_INT    0007H  2
  Buf. . . . . . . . . . . . . . . . .  MEMBER   -----  PTR      0009H  3
_mNORFLASH . . . . . . . . . . . . . .  * TAG *  -----  STRUCT   -----  12
  Mode . . . . . . . . . . . . . . . .  MEMBER   -----  U_CHAR   0000H  1
  FLAddr . . . . . . . . . . . . . . .  MEMBER   -----  U_LONG   0001H  4
  VPAddr . . . . . . . . . . . . . . .  MEMBER   -----  U_INT    0005H  2
  Len. . . . . . . . . . . . . . . . .  MEMBER   -----  U_INT    0007H  2
  Buf. . . . . . . . . . . . . . . . .  MEMBER   -----  PTR      0009H  3
_draw_icons. . . . . . . . . . . . . .  PUBLIC   CODE   PROC     0000H  -----
  vp . . . . . . . . . . . . . . . . .  AUTO     XDATA  U_INT    0000H  2
  p_menu . . . . . . . . . . . . . . .  AUTO     XDATA  PTR      0002H  3
  i. . . . . . . . . . . . . . . . . .  AUTO     XDATA  U_CHAR   0005H  1
  j. . . . . . . . . . . . . . . . . .  AUTO     XDATA  U_CHAR   0006H  1
  size . . . . . . . . . . . . . . . .  AUTO     XDATA  U_CHAR   0007H  1
  cmd. . . . . . . . . . . . . . . . .  AUTO     XDATA  ARRAY    0008H  200
wave_shape_items . . . . . . . . . . .  PUBLIC   XDATA  ARRAY    00B5H  36
MEN_WELD_MOD . . . . . . . . . . . . .  E_CONST  -----  U_CHAR   -----  1
pulse_state. . . . . . . . . . . . . .  PUBLIC   CODE   ARRAY    0016H  2
EIID_TRIG. . . . . . . . . . . . . . .  E_CONST  -----  U_CHAR   -----  1
EIID_TRAP. . . . . . . . . . . . . . .  E_CONST  -----  U_CHAR   -----  1
active_items_bm. . . . . . . . . . . .  PUBLIC   IDATA  U_LONG   0000H  4
pulse_state_items. . . . . . . . . . .  PUBLIC   XDATA  ARRAY    00D9H  18
flow_sensor. . . . . . . . . . . . . .  PUBLIC   CODE   ARRAY    0022H  2
MEN_FLOW_MOD . . . . . . . . . . . . .  E_CONST  -----  U_CHAR   -----  1
flow_sensor_items. . . . . . . . . . .  PUBLIC   XDATA  ARRAY    00EBH  18
draw_bottom_menu . . . . . . . . . . .  PUBLIC   CODE   PROC     0000H  -----
EIID_H2O_ON. . . . . . . . . . . . . .  E_CONST  -----  U_CHAR   -----  1
EIID_PULSE_OFF . . . . . . . . . . . .  E_CONST  -----  U_CHAR   -----  1
MEN_D_MOD. . . . . . . . . . . . . . .  E_CONST  -----  U_CHAR   -----  1
EIID_AC_MIX. . . . . . . . . . . . . .  E_CONST  -----  U_CHAR   -----  1
MMUSIC . . . . . . . . . . . . . . . .  TYPEDEF  -----  STRUCT   -----  35
  IdNmu. . . . . . . . . . . . . . . .  MEMBER   -----  ARRAY    0000H  32
  PlayTail . . . . . . . . . . . . . .  MEMBER   -----  U_CHAR   0020H  1
  PlayHead . . . . . . . . . . . . . .  MEMBER   -----  U_CHAR   0021H  1
  PlayInterrupt. . . . . . . . . . . .  MEMBER   -----  U_CHAR   0022H  1
_mMUSIC. . . . . . . . . . . . . . . .  * TAG *  -----  STRUCT   -----  35
  IdNmu. . . . . . . . . . . . . . . .  MEMBER   -----  ARRAY    0000H  32
  PlayTail . . . . . . . . . . . . . .  MEMBER   -----  U_CHAR   0020H  1
  PlayHead . . . . . . . . . . . . . .  MEMBER   -----  U_CHAR   0021H  1
  PlayInterrupt. . . . . . . . . . . .  MEMBER   -----  U_CHAR   0022H  1
_welding_mode_controls . . . . . . . .  PUBLIC   CODE   PROC     0000H  -----
  select . . . . . . . . . . . . . . .  AUTO     XDATA  U_CHAR   0000H  1
  tmp. . . . . . . . . . . . . . . . .  AUTO     XDATA  U_INT    0001H  2
active_items_bm_mma. . . . . . . . . .  PUBLIC   CODE   U_LONG   0062H  4
EIID_MMA . . . . . . . . . . . . . . .  E_CONST  -----  U_CHAR   -----  1
s32. . . . . . . . . . . . . . . . . .  TYPEDEF  -----  LONG     -----  4
icon_id. . . . . . . . . . . . . . . .  TYPEDEF  -----  U_CHAR   -----  1
MEN_BOTTOM_MOD . . . . . . . . . . . .  E_CONST  -----  U_CHAR   -----  1
C51 COMPILER V9.53.0.0   TEMP                                                              11/03/2023 14:49:25 PAGE 28  

NAME                                    CLASS   MSPACE  TYPE    OFFSET  SIZE
====                                    =====   ======  ====    ======  ====


u32. . . . . . . . . . . . . . . . . .  TYPEDEF  -----  U_LONG   -----  4
s16. . . . . . . . . . . . . . . . . .  TYPEDEF  -----  INT      -----  2
active_items_bm_tig. . . . . . . . . .  PUBLIC   CODE   U_LONG   005AH  4
u16. . . . . . . . . . . . . . . . . .  TYPEDEF  -----  U_INT    -----  2
gui_init . . . . . . . . . . . . . . .  PUBLIC   CODE   PROC     0000H  -----
  i. . . . . . . . . . . . . . . . . .  * REG *  DATA   U_CHAR   0007H  1
  j. . . . . . . . . . . . . . . . . .  * REG *  DATA   U_CHAR   0006H  1
  icon_ids . . . . . . . . . . . . . .  STATIC   CODE   ARRAY    0066H  27
MEN_IGN_MOD. . . . . . . . . . . . . .  E_CONST  -----  U_CHAR   -----  1
EIID_TIG . . . . . . . . . . . . . . .  E_CONST  -----  U_CHAR   -----  1
cur_menu . . . . . . . . . . . . . . .  PUBLIC   XDATA  PTR      00FDH  3
MEN_BTN_MOD. . . . . . . . . . . . . .  E_CONST  -----  U_CHAR   -----  1
EIID_SIN . . . . . . . . . . . . . . .  E_CONST  -----  U_CHAR   -----  1
T2CON. . . . . . . . . . . . . . . . .  SFR      DATA   U_CHAR   00C8H  1
tig_button_mod . . . . . . . . . . . .  PUBLIC   CODE   ARRAY    000DH  3
prev_menu_item . . . . . . . . . . . .  PUBLIC   XDATA  U_CHAR   0100H  1
tig_button_mod_items . . . . . . . . .  PUBLIC   XDATA  ARRAY    0101H  27
MEN_POL_MOD. . . . . . . . . . . . . .  E_CONST  -----  U_CHAR   -----  1
_bottom_level_controls . . . . . . . .  PUBLIC   CODE   PROC     0000H  -----
  select . . . . . . . . . . . . . . .  AUTO     XDATA  U_CHAR   0000H  1
  i. . . . . . . . . . . . . . . . . .  AUTO     XDATA  U_CHAR   0004H  1
  start_x. . . . . . . . . . . . . . .  AUTO     XDATA  U_INT    0005H  2
  start_y. . . . . . . . . . . . . . .  AUTO     XDATA  U_INT    0007H  2
  p_menu . . . . . . . . . . . . . . .  AUTO     XDATA  PTR      0001H  3
MEN_PLS_MOD. . . . . . . . . . . . . .  E_CONST  -----  U_CHAR   -----  1
EIID_DC_MINUS. . . . . . . . . . . . .  E_CONST  -----  U_CHAR   -----  1
welding_mode . . . . . . . . . . . . .  PUBLIC   CODE   ARRAY    000AH  3
polarity . . . . . . . . . . . . . . .  PUBLIC   CODE   ARRAY    0010H  4
trect_t. . . . . . . . . . . . . . . .  TYPEDEF  -----  STRUCT   -----  8
  x0 . . . . . . . . . . . . . . . . .  MEMBER   -----  U_INT    0000H  2
  y0 . . . . . . . . . . . . . . . . .  MEMBER   -----  U_INT    0002H  2
  x1 . . . . . . . . . . . . . . . . .  MEMBER   -----  U_INT    0004H  2
  y1 . . . . . . . . . . . . . . . . .  MEMBER   -----  U_INT    0006H  2
welding_mode_items . . . . . . . . . .  PUBLIC   XDATA  ARRAY    011CH  27


MODULE INFORMATION:   STATIC OVERLAYABLE
   CODE SIZE        =   1671    ----
   CONSTANT SIZE    =    129    ----
   XDATA SIZE       =    311     228
   PDATA SIZE       =   ----    ----
   DATA SIZE        =   ----    ----
   IDATA SIZE       =      4    ----
   BIT SIZE         =   ----    ----
END OF MODULE INFORMATION.


C51 COMPILATION COMPLETE.  0 WARNING(S),  0 ERROR(S)
